{
  "source": "reports/3x15-investigation/reply2-profile.tsv",
  "sampling": "Every 64th completed recursive return plus every completed subtree with >=100 counted states. Costs overlap. Raw pre-reduction states.",
  "sampled": {
    "observations": 14277,
    "unique_geometric_pairs": 14135,
    "unique_geometric_cores": 12140,
    "unique_core_charge_keys": 13591,
    "unique_tree_or_geometry_charge_keys": 13443,
    "tree_observations": 2519,
    "unique_tree_geometry_cores": 2141,
    "unique_tree_graph_cores": 1883,
    "small_size_histogram": {
      "1": 7321,
      "3": 1144,
      "6": 601,
      "2": 2042,
      "9": 308,
      "12": 31,
      "5": 750,
      "4": 862,
      "7": 580,
      "8": 411,
      "10": 163,
      "11": 55,
      "13": 5,
      "14": 4
    },
    "charge_histogram": {
      "1": 4818,
      "-1": 4503,
      "2": 614,
      "0": 805,
      "oversized": 95,
      "-2": 338,
      "3": 156,
      "-3": 53,
      "-3/4": 74,
      "*": 410,
      "1/2": 700,
      "-1/4": 120,
      "-1/2": 645,
      "1/4": 150,
      "3/4": 95,
      "3/2": 223,
      "-3/2": 106,
      "-5/2": 29,
      "1+*": 66,
      "1/8": 14,
      "5/4": 24,
      "5/2": 71,
      "-1+*": 49,
      "4": 17,
      "7/4": 15,
      "2+*": 7,
      "7/8": 7,
      "-11/4": 4,
      "-2+*": 6,
      "11/4": 5,
      "-3/8": 5,
      "-7/8": 4,
      "-15/8": 1,
      "-7/4": 5,
      "15/8": 2,
      "-1/8": 9,
      "7/2": 5,
      "-5/4": 10,
      "9/2": 1,
      "3+*": 10,
      "-9/4": 2,
      "-4": 2,
      "9/4": 1,
      "3/2+*": 1
    },
    "balanced_column_separator_size": {
      "4": 4872,
      "2": 3703,
      "1": 4465,
      "3": 1237
    }
  },
  "cost_100": {
    "observations": 10911,
    "unique_geometric_pairs": 10464,
    "unique_geometric_cores": 9521,
    "unique_core_charge_keys": 10065,
    "unique_tree_or_geometry_charge_keys": 10065,
    "tree_observations": 14,
    "unique_tree_geometry_cores": 14,
    "unique_tree_graph_cores": 14,
    "small_size_histogram": {
      "1": 8267,
      "2": 853,
      "3": 334,
      "5": 125,
      "4": 189,
      "6": 134,
      "8": 151,
      "7": 140,
      "11": 228,
      "9": 133,
      "10": 167,
      "12": 127,
      "13": 43,
      "15": 2,
      "14": 18
    },
    "charge_histogram": {
      "1": 4684,
      "-1": 4108,
      "2": 205,
      "-2": 85,
      "1/2": 270,
      "*": 362,
      "-3/2": 36,
      "3/2": 60,
      "-1/2": 222,
      "1/4": 75,
      "-1/4": 74,
      "0": 19,
      "1+*": 29,
      "-1+*": 16,
      "5/2": 27,
      "oversized": 418,
      "3": 39,
      "-5/2": 15,
      "-3": 17,
      "11/4": 4,
      "-9/4": 3,
      "-5/4": 12,
      "3/4": 45,
      "2+*": 7,
      "-3/4": 21,
      "7/8": 5,
      "-7/8": 3,
      "-3/8": 4,
      "9/4": 5,
      "7/4": 7,
      "5/4": 15,
      "-1/8": 5,
      "-5/8": 1,
      "5/8": 1,
      "3/8": 3,
      "-7/4": 3,
      "-2+*": 1,
      "-3+*": 1,
      "-3/2+*": 1,
      "5/2+*": 1,
      "1/8": 2
    },
    "balanced_column_separator_size": {
      "2": 5492,
      "1": 3890,
      "3": 1397,
      "4": 132
    }
  },
  "cost_1000": {
    "observations": 725,
    "unique_geometric_pairs": 716,
    "unique_geometric_cores": 706,
    "unique_core_charge_keys": 712,
    "unique_tree_or_geometry_charge_keys": 712,
    "tree_observations": 0,
    "unique_tree_geometry_cores": 0,
    "unique_tree_graph_cores": 0,
    "small_size_histogram": {
      "1": 624,
      "2": 37,
      "3": 16,
      "11": 10,
      "8": 3,
      "4": 7,
      "12": 8,
      "5": 1,
      "6": 3,
      "10": 6,
      "7": 2,
      "9": 2,
      "13": 1,
      "14": 4,
      "15": 1
    },
    "charge_histogram": {
      "1": 364,
      "-1": 274,
      "*": 25,
      "oversized": 24,
      "-1/2": 6,
      "3/4": 1,
      "1/2": 9,
      "-1/4": 4,
      "-2": 3,
      "2": 9,
      "3/2": 2,
      "1/4": 2,
      "-3/2": 1,
      "5/2": 1
    },
    "balanced_column_separator_size": {
      "2": 476,
      "1": 203,
      "3": 44,
      "4": 2
    }
  }
}
