[1/27] 1x3 baseline...
[1/27] 1x3 reduction...
[2/27] 1x5 baseline...
[2/27] 1x5 reduction...
[3/27] 1x7 baseline...
[3/27] 1x7 reduction...
[4/27] 1x9 baseline...
[4/27] 1x9 reduction...
[5/27] 3x3 baseline...
[5/27] 3x3 reduction...
[6/27] 1x11 baseline...
[6/27] 1x11 reduction...
[7/27] 1x13 baseline...
[7/27] 1x13 reduction...
[8/27] 1x15 baseline...
[8/27] 1x15 reduction...
[9/27] 3x5 baseline...
[9/27] 3x5 reduction...
[10/27] 1x17 baseline...
[10/27] 1x17 reduction...
[11/27] 1x19 baseline...
[11/27] 1x19 reduction...
[12/27] 1x21 baseline...
[12/27] 1x21 reduction...
[13/27] 3x7 baseline...
[13/27] 3x7 reduction...
[14/27] 1x23 baseline...
[14/27] 1x23 reduction...
[15/27] 1x25 baseline...
[15/27] 1x25 reduction...
[16/27] 5x5 baseline...
[16/27] 5x5 reduction...
[17/27] 1x27 baseline...
[17/27] 1x27 reduction...
[18/27] 3x9 baseline...
[18/27] 3x9 reduction...
[19/27] 1x29 baseline...
[19/27] 1x29 reduction...
[20/27] 1x31 baseline...
[20/27] 1x31 reduction...
[21/27] 1x33 baseline...
[21/27] 1x33 reduction...
[22/27] 3x11 baseline...
[22/27] 3x11 reduction...
[23/27] 1x35 baseline...
[23/27] 1x35 reduction...
[24/27] 5x7 baseline...
[24/27] 5x7 reduction...
[25/27] 1x37 baseline...
[25/27] 1x37 reduction...
[26/27] 1x39 baseline...
[26/27] 1x39 reduction...
[27/27] 3x13 baseline...
[27/27] 3x13 reduction...

| board | cells | baseline | reduction | speedup | baseline states | reduction states |
| --- | ---: | ---: | ---: | ---: | ---: | ---: |
| 1x3 | 3 | <0.001s | <0.001s | n/a | 0 | 0 |
| 1x5 | 5 | <0.001s | <0.001s | n/a | 0 | 0 |
| 1x7 | 7 | <0.001s | <0.001s | n/a | 0 | 0 |
| 1x9 | 9 | <0.001s | <0.001s | n/a | 0 | 0 |
| 3x3 | 9 | 0.001s | <0.001s | 6.76x | 10 | 10 |
| 1x11 | 11 | <0.001s | <0.001s | n/a | 0 | 0 |
Traceback (most recent call last):
  File "/Users/gsychi/Documents/col/scripts/compare_reduction_sweep.py", line 217, in <module>
    sys.exit(main())
  File "/Users/gsychi/Documents/col/scripts/compare_reduction_sweep.py", line 208, in main
    f"{fmt_seconds(red.solve_seconds)} | {speedup(base, red)} | "
  File "/Users/gsychi/Documents/col/scripts/compare_reduction_sweep.py", line 142, in speedup
    return f"{base.solve_seconds / red.solve_seconds:.2f}x"
ZeroDivisionError: float division by zero
