  new family #0 KD values(w6,w7)=(1,0)  w7=ooooooo/booooob/.boooow/booooob/ooooooo
w=15 opening (1,7) q=0 diagnosis:
  new family #1 piece values(w6,w7)=(-1,-1)  w7=owooooo/w.wooob/owoooow/oooooob/ooooooo
  new family #2 piece values(w6,w7)=(1,3/2)  w7=bwooooo/..wooob/bwoooow/booooob/boooooo
  new family #3 piece values(w6,w7)=(-1/2,-1)  w7=owooooo/..wooob/owoooow/booooob/ooooooo
  new family #4 piece values(w6,w7)=(-1,-1/2)  w7=bwooooo/w.wooob/bwoooow/oooooob/boooooo
  new family #5 piece values(w6,w7)=(-3/2,-2)  w7=woooooo/.woooob/wooooow/oooooob/ooooooo
  new family #6 piece values(w6,w7)=(3/8,1)  w7=.oooooo/.woooob/.ooooow/booooob/boooooo
  new family #7 piece values(w6,w7)=(-1/2,1/2)  w7=.oooooo/.woooob/.ooooow/oooooob/boooooo
  new family #8 piece values(w6,w7)=(-1,-2)  w7=woooooo/.woooob/wooooow/booooob/ooooooo
  new family #9 piece values(w6,w7)=(11/8,2)  w7=oooooo./boooow./.boooo./booooob/oooooob
  new family #10 piece values(w6,w7)=(-1/2,-1)  w7=oooooow/boooow./.boooow/boooooo/ooooooo
  new family #11 piece values(w6,w7)=(1/2,3/2)  w7=oooooo./boooow./.boooo./boooooo/oooooob
  new family #12 piece values(w6,w7)=(0,-1)  w7=oooooow/boooow./.boooow/booooob/ooooooo
  new family #13 piece values(w6,w7)=(2,5/2)  w7=ooooowb/booow../.booowb/booooob/oooooob
  new family #14 piece values(w6,w7)=(0,0)  w7=ooooowo/booow.w/.booowo/boooooo/ooooooo
  new family #15 piece values(w6,w7)=(1/2,0)  w7=ooooowo/booow../.booowo/booooob/ooooooo
  new family #16 piece values(w6,w7)=(0,1/2)  w7=ooooowb/booow.w/.booowb/boooooo/oooooob
  reply none: best 0 [6:1][9F3:-1]
  new family #17 piece values(w6,w7)=(-1,-3/4)  w7=bwooooo/w.wooob/owoooow/oooooob/ooooooo
  new family #18 piece values(w6,w7)=(0,1/2)  w7=bwooooo/w.wooob/bwoooow/booooob/boooooo
  new family #19 piece values(w6,w7)=(-1/2,-3/4)  w7=bwooooo/w.wooob/owoooow/booooob/ooooooo
  new family #20 piece values(w6,w7)=(0,0)  w7=woooooo/.woooob/.ooooow/booooob/boooooo
  new family #21 piece values(w6,w7)=(-5/4,-1/2)  w7=woooooo/.woooob/.ooooow/oooooob/boooooo
  reply (0,5): best 5/4 [6:2][9F19:-3/4]
  new family #22 piece values(w6,w7)=(-1/2,-1)  w7=owooooo/..wooob/owoooow/oooooob/ooooooo
  new family #23 piece values(w6,w7)=(0,-1/8)  w7=owooooo/..wooob/owoooow/booooob/boooooo
  new family #24 piece values(w6,w7)=(-1/2,-3/8)  w7=owooooo/..wooob/owoooow/oooooob/boooooo
  reply (1,5): best 1/4 [7:3/4][8F7:-1/2]
  new family #25 piece values(w6,w7)=(-1,-1)  w7=owooooo/w.wooob/bwoooow/oooooob/ooooooo
  new family #26 piece values(w6,w7)=(-1/4,0)  w7=.oooooo/.woooob/wooooow/booooob/boooooo
  new family #27 piece values(w6,w7)=(-3/4,0)  w7=.oooooo/.woooob/wooooow/oooooob/boooooo
  reply (2,5): best 3/2 [6:2][9F4:-1/2]
  new family #28 piece values(w6,w7)=(-1/2,-1)  w7=owooooo/w.wooob/owoooow/booooob/ooooooo
  new family #29 piece values(w6,w7)=(0,-1/2)  w7=bwooooo/..wooob/owoooow/booooob/ooooooo
  reply (3,5): best 1/2 [7:1][8F7:-1/2]
  new family #30 piece values(w6,w7)=(-1,-1/2)  w7=owooooo/w.wooob/owoooow/oooooob/boooooo
  new family #31 piece values(w6,w7)=(0,1/2)  w7=bwooooo/..wooob/bwoooow/oooooob/boooooo
  new family #32 piece values(w6,w7)=(-1/4,0)  w7=.oooooo/.woooob/.ooooow/booooob/ooooooo
  new family #33 piece values(w6,w7)=(-3/4,0)  w7=.oooooo/.woooob/.ooooow/oooooob/ooooooo
  reply (4,5): best 3/2 [6:2][9F4:-1/2]
  new family #34 piece values(w6,w7)=(0,-7/8)  w7=..ooooo/..wooob/owoooow/oooooob/ooooooo
  new family #35 piece values(w6,w7)=(1,7/8)  w7=..ooooo/..wooob/bwoooow/booooob/boooooo
  new family #36 piece values(w6,w7)=(0,-3/4)  w7=..ooooo/..wooob/owoooow/booooob/ooooooo
  new family #37 piece values(w6,w7)=(0,0)  w7=..ooooo/..wooob/bwoooow/oooooob/boooooo
  new family #38 piece values(w6,w7)=(-9/8,-1)  w7=.oooooo/.woooob/wooooow/oooooob/ooooooo
  new family #39 piece values(w6,w7)=(-1/2,-1)  w7=.oooooo/.woooob/wooooow/booooob/ooooooo
  new family #40 piece values(w6,w7)=(3/2,5/2)  w7=oooob../boooo../.boooo./booooob/oooooob
  new family #41 piece values(w6,w7)=(0,1)  w7=oooob../boooo../.boooow/boooooo/ooooooo
  new family #42 piece values(w6,w7)=(3/4,7/4)  w7=oooob../boooo../.boooo./boooooo/oooooob
  new family #43 piece values(w6,w7)=(1,1)  w7=oooob../boooo../.boooow/booooob/ooooooo
  reply (0,6): best 1/4 [6:1][9F36:-3/4]
  new family #44 piece values(w6,w7)=(0,1/4)  w7=bwooooo/..wooob/bwoooow/oooooob/ooooooo
  new family #45 piece values(w6,w7)=(1/2,1/2+*)  w7=bwooooo/..wooob/bwoooow/booooob/ooooooo
  new family #46 piece values(w6,w7)=(-1/2,-1)  w7=woooooo/.woooob/wooooow/booooob/boooooo
  new family #47 piece values(w6,w7)=(-3/2,-1)  w7=woooooo/.woooob/wooooow/oooooob/boooooo
  new family #48 piece values(w6,w7)=(7/2,3)  w7=ooooob./booob../.booob./booooob/oooooob
  new family #49 piece values(w6,w7)=(1,0)  w7=ooooobw/booob../.booobw/boooooo/ooooooo
  new family #50 piece values(w6,w7)=(3,5/2)  w7=ooooob./booob../.booob./boooooo/oooooob
  new family #51 piece values(w6,w7)=(1,0)  w7=ooooobw/booob../.booobw/booooob/ooooooo
  reply (1,6): best 5/4 [7:11/4][8F47:-3/2]
  new family #52 piece values(w6,w7)=(0,-3/4)  w7=owooooo/..wooob/..oooow/booooob/ooooooo
  new family #53 piece values(w6,w7)=(1,3/4)  w7=bwooooo/..wooob/..oooow/booooob/boooooo
  new family #54 piece values(w6,w7)=(-5/4,-1)  w7=woooooo/.woooob/.ooooow/oooooob/ooooooo
  new family #55 piece values(w6,w7)=(7/4,5/2)  w7=oooooo./boooo../.boob../boooobb/oooooob
  new family #56 piece values(w6,w7)=(0,1)  w7=oooooow/boooo../.boob../boooobo/ooooooo
  new family #57 piece values(w6,w7)=(3/4,7/4)  w7=oooooo./boooo../.boob../boooobo/oooooob
  new family #58 piece values(w6,w7)=(1,2)  w7=oooooow/boooo../.boob../boooobb/ooooooo
  reply (2,6): best 1/4 [6:1][9F52:-3/4]
  new family #59 piece values(w6,w7)=(0,1/2)  w7=owooooo/w.wooob/bwoooow/.boooob/boooooo
  new family #60 piece values(w6,w7)=(1,3/2)  w7=bwooooo/..wooob/bwoooow/.boooob/boooooo
  new family #61 piece values(w6,w7)=(1/2,3/4)  w7=owooooo/..wooob/bwoooow/.boooob/boooooo
  new family #62 piece values(w6,w7)=(0,1/2)  w7=bwooooo/w.wooob/bwoooow/.boooob/boooooo
  new family #63 piece values(w6,w7)=(7/2,3)  w7=oooooo./boooow./.booob./booob.b/ooooobb
  new family #64 piece values(w6,w7)=(1,0)  w7=oooooow/boooow./.booobw/booob.b/ooooobo
  reply (3,6): best 3/2 [7:5/2][8F8:-1]
  new family #65 piece values(w6,w7)=(0,-1/2)  w7=owooooo/w.wooob/owoooow/booooob/.booooo
  new family #66 piece values(w6,w7)=(1,1/2)  w7=bwooooo/..wooob/bwoooow/booooob/.booooo
  new family #67 piece values(w6,w7)=(0,-1/2)  w7=owooooo/..wooob/owoooow/booooob/.booooo
  new family #68 piece values(w6,w7)=(0,-1/2)  w7=bwooooo/w.wooob/bwoooow/booooob/.booooo
  new family #69 piece values(w6,w7)=(7/4,5/2)  w7=oooooo./boooow./.boooo./boooobb/oooob.b
  new family #70 piece values(w6,w7)=(1/2,1)  w7=oooooow/boooow./.boooow/boooobo/oooob.b
  new family #71 piece values(w6,w7)=(1,2)  w7=oooooo./boooow./.boooo./boooobo/oooob.b
  new family #72 piece values(w6,w7)=(1,1)  w7=oooooow/boooow./.boooow/boooobb/oooob.b
  reply (4,6): best 1/4 [7:3/4][8F7:-1/2]
  new family #73 piece values(w6,w7)=(0,1/2)  w7=b.boooo/w.wooob/owoooow/oooooob/ooooooo
  new family #74 piece values(w6,w7)=(2,11/4)  w7=b.boooo/..wooob/bwoooow/booooob/boooooo
  new family #75 piece values(w6,w7)=(1,1)  w7=b.boooo/..wooob/owoooow/booooob/ooooooo
  new family #76 piece values(w6,w7)=(0,3/4)  w7=b.boooo/w.wooob/bwoooow/oooooob/boooooo
  new family #77 piece values(w6,w7)=(-1/4,-1)  w7=.booooo/.woooob/wooooow/oooooob/ooooooo
  new family #78 piece values(w6,w7)=(5/4,1)  w7=.booooo/.woooob/.ooooow/booooob/boooooo
  new family #79 piece values(w6,w7)=(0,1/2)  w7=.booooo/.woooob/.ooooow/oooooob/boooooo
  new family #80 piece values(w6,w7)=(0,-1)  w7=.booooo/.woooob/wooooow/booooob/ooooooo
  new family #81 piece values(w6,w7)=(9/4,2)  w7=ooooob./boooow./.boooo./booooob/oooooob
  new family #82 piece values(w6,w7)=(3/4,0)  w7=ooooob./boooow./.boooow/boooooo/ooooooo
  new family #83 piece values(w6,w7)=(1,3/2)  w7=ooooob./boooow./.boooo./boooooo/oooooob
  new family #84 piece values(w6,w7)=(1,0)  w7=ooooob./boooow./.boooow/booooob/ooooooo
  new family #85 piece values(w6,w7)=(3,15/4)  w7=oooob.b/booow../.booowb/booooob/oooooob
  new family #86 piece values(w6,w7)=(1,3/2)  w7=oooob.b/booow.w/.booowo/boooooo/ooooooo
  new family #87 piece values(w6,w7)=(2,2)  w7=oooob.b/booow../.booowo/booooob/ooooooo
  new family #88 piece values(w6,w7)=(1,7/4)  w7=oooob.b/booow.w/.booowb/boooooo/oooooob
  reply (0,7): best 1 [7:1][8F79:0]
  new family #89 piece values(w6,w7)=(0,1/2)  w7=owooooo/w.wooob/b.booow/oboooob/ooooooo
  new family #90 piece values(w6,w7)=(2,5/2)  w7=bwooooo/..wooob/b.booow/bboooob/boooooo
  new family #91 piece values(w6,w7)=(1,3/2)  w7=owooooo/..wooob/b.booow/bboooob/ooooooo
  new family #92 piece values(w6,w7)=(0,1)  w7=bwooooo/w.wooob/b.booow/oboooob/boooooo
  new family #93 piece values(w6,w7)=(0,-1)  w7=woooooo/.woooob/.boooow/booooob/ooooooo
  new family #94 piece values(w6,w7)=(1,1)  w7=.oooooo/.woooob/.boooow/booooob/boooooo
  new family #95 piece values(w6,w7)=(2,2)  w7=oooooo./boooow./.booob./booooob/oooooob
  new family #96 piece values(w6,w7)=(1,0)  w7=oooooow/boooow./.booob./booooob/ooooooo
  new family #97 piece values(w6,w7)=(3,7/2)  w7=ooooowb/booow../.boob.b/boooobb/oooooob
  new family #98 piece values(w6,w7)=(1,3/2)  w7=ooooowo/booow.w/.boob.b/boooobo/ooooooo
  new family #99 piece values(w6,w7)=(2,5/2)  w7=ooooowo/booow../.boob.b/boooobb/ooooooo
  new family #100 piece values(w6,w7)=(1,2)  w7=ooooowb/booow.w/.boob.b/boooobo/oooooob
  reply (2,7): best 2 [7:2][8F93:0]
  new family #101 piece values(w6,w7)=(0,-1/2)  w7=owooooo/w.wooob/o.oooow/b.booob/obooooo
  new family #102 piece values(w6,w7)=(5/2,2)  w7=bwooooo/..wooob/b.oooow/b.booob/bbooooo
  new family #103 piece values(w6,w7)=(3/8,-1/2)  w7=owooooo/..wooob/o.oooow/b.booob/obooooo
  new family #104 piece values(w6,w7)=(3/2,1)  w7=bwooooo/w.wooob/b.oooow/b.booob/bbooooo
  new family #105 piece values(w6,w7)=(-1/2,0)  w7=woooooo/.woooob/.ooooow/.boooob/boooooo
  new family #106 piece values(w6,w7)=(-1/4,1)  w7=.oooooo/.woooob/.ooooow/.boooob/boooooo
  new family #107 piece values(w6,w7)=(3/4,2)  w7=oooooo./boooow./.boooo./boooob./oooooob
  new family #108 piece values(w6,w7)=(1/2,1)  w7=oooooow/boooow./.boooo./boooob./oooooob
  new family #109 piece values(w6,w7)=(7/2,3)  w7=ooooowb/booow../.booo.b/booob.b/ooooobb
  new family #110 piece values(w6,w7)=(1,1/2)  w7=ooooowo/booow.w/.booo.o/booob.b/ooooobo
  new family #111 piece values(w6,w7)=(11/8,1/2)  w7=ooooowo/booow../.booo.o/booob.b/ooooobo
  new family #112 piece values(w6,w7)=(5/2,2)  w7=ooooowb/booow.w/.booo.b/booob.b/ooooobb
  reply (3,7): best 1/4 [7:1/2][8F106:-1/4]
  new family #113 piece values(w6,w7)=(0,1/2)  w7=owooooo/w.wooob/owoooow/oboooob/b.boooo
  new family #114 piece values(w6,w7)=(2,11/4)  w7=bwooooo/..wooob/bwoooow/bboooob/b.boooo
  new family #115 piece values(w6,w7)=(1,3/2)  w7=owooooo/..wooob/owoooow/bboooob/b.boooo
  new family #116 piece values(w6,w7)=(0,3/4)  w7=bwooooo/w.wooob/bwoooow/oboooob/b.boooo
  new family #117 piece values(w6,w7)=(-1/4,-1)  w7=woooooo/.woooob/wooooow/booooob/.booooo
  new family #118 piece values(w6,w7)=(1+*,1)  w7=.oooooo/.woooob/.ooooow/booooob/.booooo
  new family #119 piece values(w6,w7)=(2+*,2)  w7=oooooo./boooow./.boooo./booooob/ooooob.
  new family #120 piece values(w6,w7)=(3/4,0)  w7=oooooow/boooow./.boooow/booooob/ooooob.
  new family #121 piece values(w6,w7)=(3,15/4)  w7=ooooowb/booow../.booowb/boooobb/oooob.b
  new family #122 piece values(w6,w7)=(1,3/2)  w7=ooooowo/booow.w/.booowo/boooobo/oooob.b
  new family #123 piece values(w6,w7)=(2,5/2)  w7=ooooowo/booow../.booowo/boooobb/oooob.b
  new family #124 piece values(w6,w7)=(1,7/4)  w7=ooooowb/booow.w/.booowb/boooobo/oooob.b
  reply (4,7): best 7/4 [7:2][8F117:-1/4]
  new family #125 piece values(w6,w7)=(-1,0)  w7=..boooo/..oooob/wooooow/oooooob/ooooooo
  new family #126 piece values(w6,w7)=(1/2,3/2)  w7=..boooo/..oooob/.ooooow/booooob/boooooo
  new family #127 piece values(w6,w7)=(-1/4,3/4)  w7=..boooo/..oooob/.ooooow/oooooob/boooooo
  new family #128 piece values(w6,w7)=(0,0)  w7=..boooo/..oooob/wooooow/booooob/ooooooo
  new family #129 piece values(w6,w7)=(-1/8,0)  w7=oooooo./boooow./.boooow/boooooo/ooooooo
  new family #130 piece values(w6,w7)=(1/2,0)  w7=oooooo./boooow./.boooow/booooob/ooooooo
  new family #131 piece values(w6,w7)=(2,15/8)  w7=ooooo../booow../.booowb/booooob/oooooob
  new family #132 piece values(w6,w7)=(1,1/8)  w7=ooooo../booow../.booowo/boooooo/ooooooo
  new family #133 piece values(w6,w7)=(1,1/4)  w7=ooooo../booow../.booowo/booooob/ooooooo
  new family #134 piece values(w6,w7)=(1,1)  w7=ooooo../booow../.booowb/boooooo/oooooob
  reply (0,8): best 1/4 [7:1/2][8F127:-1/4]
  new family #135 piece values(w6,w7)=(0,-1)  w7=wbooooo/..booob/wboooow/oooooob/ooooooo
  new family #136 piece values(w6,w7)=(5/2,2)  w7=.booooo/..booob/.boooow/booooob/boooooo
  new family #137 piece values(w6,w7)=(2,3/2)  w7=.booooo/..booob/.boooow/oooooob/boooooo
  new family #138 piece values(w6,w7)=(0,-1)  w7=wbooooo/..booob/wboooow/booooob/ooooooo
  new family #139 piece values(w6,w7)=(1/2,0)  w7=oooooow/boooow./.boooow/booooob/oooooob
  new family #140 piece values(w6,w7)=(-1/2,0)  w7=oooooow/boooow./.boooow/boooooo/oooooob
  new family #141 piece values(w6,w7)=(1,5/4)  w7=ooooowb/booow../.booowb/boooooo/ooooooo
  new family #142 piece values(w6,w7)=(3/2,3/2+*)  w7=ooooowb/booow../.booowb/booooob/ooooooo
  new family #143 piece values(w6,w7)=(1,3/2)  w7=ooooowb/booow../.booowb/boooooo/oooooob
  reply (1,8): best 5/4 [8F140:-1/2][7:7/4]
  new family #144 piece values(w6,w7)=(-1,0)  w7=woooooo/..oooob/..booow/oboooob/ooooooo
  new family #145 piece values(w6,w7)=(3/4,3/2)  w7=.oooooo/..oooob/..booow/bboooob/boooooo
  new family #146 piece values(w6,w7)=(-1/4,3/4)  w7=.oooooo/..oooob/..booow/oboooob/boooooo
  new family #147 piece values(w6,w7)=(0,1)  w7=woooooo/..oooob/..booow/bboooob/ooooooo
  new family #148 piece values(w6,w7)=(-1/4,0)  w7=oooooow/boooow./.boooo./boooooo/ooooooo
  new family #149 piece values(w6,w7)=(2,7/4)  w7=ooooowb/booow../.booo../booooob/oooooob
  new family #150 piece values(w6,w7)=(1,1/4)  w7=ooooowo/booow../.booo../booooob/ooooooo
  reply (2,8): best 1/4 [7:1/2][8F146:-1/4]
  new family #151 piece values(w6,w7)=(0,-1)  w7=woooooo/.woooob/wboooow/b.booob/obooooo
  new family #152 piece values(w6,w7)=(5/2,2)  w7=.oooooo/.woooob/.boooow/b.booob/bbooooo
  new family #153 piece values(w6,w7)=(2,5/2)  w7=ooooowb/booow../.booowb/boooob./oooooob
  new family #154 piece values(w6,w7)=(1,3/2)  w7=ooooowo/booow.w/.booowb/boooob./oooooob
  new family #155 piece values(w6,w7)=(3/2,7/4)  w7=ooooowo/booow../.booowb/boooob./oooooob
  new family #156 piece values(w6,w7)=(1,3/2)  w7=ooooowb/booow.w/.booowb/boooob./oooooob
  reply (3,8): best 3/2 [8F12:0][7:3/2]
  new family #157 piece values(w6,w7)=(-1/2,0)  w7=woooooo/.woooob/wooooow/oboooob/b.boooo
  new family #158 piece values(w6,w7)=(3/4,3/2)  w7=.oooooo/.woooob/.ooooow/bboooob/b.boooo
  new family #159 piece values(w6,w7)=(0,1)  w7=.oooooo/.woooob/.ooooow/oboooob/b.boooo
  new family #160 piece values(w6,w7)=(0,0)  w7=woooooo/.woooob/wooooow/bboooob/b.boooo
  new family #161 piece values(w6,w7)=(2,3/2)  w7=ooooowb/booow../.booowb/booooob/ooooob.
  new family #162 piece values(w6,w7)=(1,1/2)  w7=ooooowo/booow.w/.booowo/booooob/ooooob.
  new family #163 piece values(w6,w7)=(1,1/2)  w7=ooooowo/booow../.booowo/booooob/ooooob.
  new family #164 piece values(w6,w7)=(1,1/2)  w7=ooooowb/booow.w/.booowb/booooob/ooooob.
  reply (4,8): best 1/4 [8F11:1/2][7:-1/4]
  new family #165 piece values(w6,w7)=(1,1)  w7=oooooow/boooow./.boooo./booooob/oooooob
  new family #166 piece values(w6,w7)=(-1/4,1/2)  w7=oooooow/boooow./.boooo./boooooo/oooooob
  new family #167 piece values(w6,w7)=(1,3/2)  w7=ooooowb/booow.w/.booowb/booooob/oooooob
  new family #168 piece values(w6,w7)=(0,1/4)  w7=ooooowb/booow.w/.booowo/boooooo/ooooooo
  new family #169 piece values(w6,w7)=(1/2,1/4)  w7=ooooowb/booow.w/.booowo/booooob/ooooooo
  reply (0,9): best 5/4 [9F169:1/4][6:1]
  new family #170 piece values(w6,w7)=(1,7/8)  w7=ooooowo/booow../.booowo/booooob/oooooob
  new family #171 piece values(w6,w7)=(1/2,0)  w7=ooooowo/booow../.booowo/boooooo/ooooooo
  new family #172 piece values(w6,w7)=(1/2,5/8)  w7=ooooowo/booow../.booowo/boooooo/oooooob
  reply (1,9): best 1/4 [8F11:1/2][7:-1/4]
  new family #173 piece values(w6,w7)=(3/4,1)  w7=oooooo./boooow./.boooow/booooob/oooooob
  new family #174 piece values(w6,w7)=(1/4,1)  w7=oooooo./boooow./.boooow/boooooo/oooooob
  new family #175 piece values(w6,w7)=(0,0)  w7=ooooowo/booow.w/.booowb/boooooo/ooooooo
  reply (2,9): best 3/2 [9F16:1/2][6:1]
  new family #176 piece values(w6,w7)=(1,1/2)  w7=ooooowb/booow../.booowo/booooob/ooooooo
  new family #177 piece values(w6,w7)=(1/2,0)  w7=ooooowo/booow.w/.booowo/booooob/ooooooo
  reply (3,9): best 1/2 [8F11:1/2][7:0]
  new family #178 piece values(w6,w7)=(3/4,1)  w7=oooooo./boooow./.boooo./booooob/ooooooo
  new family #179 piece values(w6,w7)=(1/4,1)  w7=oooooo./boooow./.boooo./boooooo/ooooooo
  new family #180 piece values(w6,w7)=(0,1/2)  w7=ooooowo/booow.w/.booowo/boooooo/oooooob
  reply (4,9): best 3/2 [9F16:1/2][6:1]
w=21 opening (1,7) q=0 diagnosis:
  new family #181 piece values(w6,w7)=(0,-1/2)  w7=ooooooo/wooooob/oooooow/oooooob/ooooooo
  new family #182 piece values(w6,w7)=(1,3/2)  w7=boooooo/wooooob/booooow/booooob/boooooo
  new family #183 piece values(w6,w7)=(0,-1/2)  w7=ooooooo/wooooob/oooooow/booooob/ooooooo
  new family #184 piece values(w6,w7)=(0,1)  w7=boooooo/wooooob/booooow/oooooob/boooooo
  new family #185 piece values(w6,w7)=(0,-1/2)  w7=ooooooo/oooooob/oooooow/oooooob/ooooooo
  new family #186 piece values(w6,w7)=(2,2)  w7=boooooo/booooob/booooow/booooob/boooooo
  new family #187 piece values(w6,w7)=(0,1)  w7=boooooo/oooooob/booooow/oooooob/boooooo
  new family #188 piece values(w6,w7)=(1/2,-1/2)  w7=ooooooo/booooob/oooooow/booooob/ooooooo
  reply none: best 0 [6:1][15F3:-1]
  reply (0,5): best 5/4 [6:2][15F19:-3/4]
  reply (1,5): best 1/4 [7:3/4][14F7:-1/2]
  reply (2,5): best 3/2 [6:2][15F4:-1/2]
  reply (3,5): best 1/2 [7:1][14F7:-1/2]
  reply (4,5): best 3/2 [6:2][15F4:-1/2]
  new family #189 piece values(w6,w7)=(1,1)  w7=ooooooo/wooooob/booooow/booooob/boooooo
  new family #190 piece values(w6,w7)=(0,1/2)  w7=ooooooo/wooooob/booooow/oooooob/boooooo
  reply (0,6): best 1/4 [6:1][15F36:-3/4]
  reply (1,6): best 5/4 [7:11/4][14F47:-3/2]
  new family #191 piece values(w6,w7)=(1,3/4)  w7=boooooo/wooooob/oooooow/booooob/boooooo
  new family #192 piece values(w6,w7)=(0,1/2)  w7=boooooo/wooooob/oooooow/oooooob/boooooo
  reply (2,6): best 1/4 [6:1][15F52:-3/4]
  reply (3,6): best 3/2 [7:5/2][14F8:-1]
  new family #193 piece values(w6,w7)=(1/2,1/2)  w7=boooooo/wooooob/booooow/booooob/ooooooo
  new family #194 piece values(w6,w7)=(0,1/2)  w7=boooooo/wooooob/booooow/oooooob/ooooooo
  reply (4,6): best 1/4 [7:3/4][14F7:-1/2]
  new family #195 piece values(w6,w7)=(0,0)  w7=boooooo/wooooob/oooooow/oooooob/ooooooo
  new family #196 piece values(w6,w7)=(1/2,0)  w7=boooooo/wooooob/oooooow/booooob/ooooooo
  new family #197 piece values(w6,w7)=(2,3/2)  w7=ooooooo/booooob/booooow/booooob/boooooo
  new family #198 piece values(w6,w7)=(0,1)  w7=ooooooo/oooooob/booooow/oooooob/boooooo
  reply (0,7): best 1 [7:1][14F79:0]
  new family #199 piece values(w6,w7)=(0,0)  w7=ooooooo/wooooob/booooow/oooooob/ooooooo
  new family #200 piece values(w6,w7)=(3/2,3/2)  w7=boooooo/booooob/oooooow/booooob/boooooo
  new family #201 piece values(w6,w7)=(0,1)  w7=boooooo/oooooob/oooooow/oooooob/boooooo
  reply (2,7): best 2 [7:2][14F93:0]
  new family #202 piece values(w6,w7)=(1,2)  w7=boooooo/booooob/booooow/oooooob/boooooo
  new family #203 piece values(w6,w7)=(0,-1/2)  w7=ooooooo/booooob/oooooow/oooooob/ooooooo
  reply (3,7): best 1/4 [7:1/2][14F106:-1/4]
  new family #204 piece values(w6,w7)=(0,0)  w7=ooooooo/wooooob/oooooow/oooooob/boooooo
  reply (4,7): best 7/4 [7:2][14F117:-1/4]
  new family #205 piece values(w6,w7)=(1/2,-1/4)  w7=.booooo/.ooooob/oooooow/oooooob/ooooooo
  new family #206 piece values(w6,w7)=(2,3/2)  w7=.booooo/.ooooob/booooow/booooob/boooooo
  new family #207 piece values(w6,w7)=(1/2,-1/4)  w7=.booooo/.ooooob/oooooow/booooob/ooooooo
  new family #208 piece values(w6,w7)=(1,1)  w7=.booooo/.ooooob/booooow/oooooob/boooooo
  new family #209 piece values(w6,w7)=(0,0)  w7=boooooo/oooooob/oooooow/oooooob/ooooooo
  new family #210 piece values(w6,w7)=(1/2,0)  w7=boooooo/oooooob/oooooow/booooob/ooooooo
  reply (0,8): best 1/4 [7:1/2][14F127:-1/4]
  new family #211 piece values(w6,w7)=(1,3/2)  w7=boooooo/.boooob/booooow/oooooob/ooooooo
  new family #212 piece values(w6,w7)=(2,5/2)  w7=boooooo/.boooob/booooow/booooob/boooooo
  new family #213 piece values(w6,w7)=(3/2,7/4)  w7=boooooo/.boooob/booooow/booooob/ooooooo
  new family #214 piece values(w6,w7)=(1,2)  w7=boooooo/.boooob/booooow/oooooob/boooooo
  new family #215 piece values(w6,w7)=(1,1/2)  w7=ooooooo/booooob/oooooow/booooob/boooooo
  reply (1,8): best 5/4 [8F140:-1/2][13F213:7/4]
  new family #216 piece values(w6,w7)=(1/2,-1/4)  w7=ooooooo/.ooooob/.boooow/booooob/ooooooo
  new family #217 piece values(w6,w7)=(2,3/2)  w7=boooooo/.ooooob/.boooow/booooob/boooooo
  new family #218 piece values(w6,w7)=(0,0)  w7=ooooooo/oooooob/booooow/oooooob/ooooooo
  reply (2,8): best 1/4 [7:1/2][14F146:-1/4]
  new family #219 piece values(w6,w7)=(1,5/4)  w7=ooooooo/wooooob/booooow/.boooob/boooooo
  new family #220 piece values(w6,w7)=(1,3/2)  w7=boooooo/wooooob/booooow/.boooob/boooooo
  reply (3,8): best 3/2 [8F12:0][13F220:3/2]
  new family #221 piece values(w6,w7)=(1/2,-1/4)  w7=ooooooo/wooooob/oooooow/booooob/.booooo
  new family #222 piece values(w6,w7)=(1,1)  w7=boooooo/wooooob/booooow/booooob/.booooo
  reply (4,8): best 1/4 [8F11:1/2][13F221:-1/4]
  new family #223 piece values(w6,w7)=(1,3/2)  w7=b.boooo/wboooob/oooooow/oooooob/ooooooo
  new family #224 piece values(w6,w7)=(2,11/4)  w7=b.boooo/wboooob/booooow/booooob/boooooo
  new family #225 piece values(w6,w7)=(3/2,7/4)  w7=b.boooo/wboooob/oooooow/booooob/ooooooo
  new family #226 piece values(w6,w7)=(1,2)  w7=b.boooo/wboooob/booooow/oooooob/boooooo
  new family #227 piece values(w6,w7)=(1,0)  w7=.booooo/booooob/oooooow/oooooob/ooooooo
  new family #228 piece values(w6,w7)=(5/2,2)  w7=.booooo/booooob/booooow/booooob/boooooo
  new family #229 piece values(w6,w7)=(1,3/2)  w7=.booooo/booooob/booooow/oooooob/boooooo
  new family #230 piece values(w6,w7)=(1,0)  w7=.booooo/booooob/oooooow/booooob/ooooooo
  reply (0,9): best 5/4 [9F169:1/4][12F229:1]
  new family #231 piece values(w6,w7)=(1,-1/4)  w7=obooooo/..booob/oboooow/oooooob/ooooooo
  new family #232 piece values(w6,w7)=(3,5/2)  w7=bbooooo/..booob/bboooow/booooob/boooooo
  new family #233 piece values(w6,w7)=(1,-1/4)  w7=obooooo/..booob/oboooow/booooob/ooooooo
  new family #234 piece values(w6,w7)=(5/2,2)  w7=bbooooo/..booob/bboooow/oooooob/boooooo
  reply (1,9): best 1/4 [8F11:1/2][13F233:-1/4]
  new family #235 piece values(w6,w7)=(1,3/2)  w7=ooooooo/wboooob/b.booow/oboooob/ooooooo
  new family #236 piece values(w6,w7)=(2,5/2)  w7=boooooo/wboooob/b.booow/bboooob/boooooo
  new family #237 piece values(w6,w7)=(3/2,2)  w7=ooooooo/wboooob/b.booow/bboooob/ooooooo
  new family #238 piece values(w6,w7)=(1,2)  w7=boooooo/wboooob/b.booow/oboooob/boooooo
  new family #239 piece values(w6,w7)=(2,2)  w7=boooooo/booooob/.boooow/booooob/boooooo
  reply (2,9): best 3/2 [9F16:1/2][12F0:1]
  new family #240 piece values(w6,w7)=(1,0)  w7=ooooooo/wooooob/oboooow/b.booob/obooooo
  new family #241 piece values(w6,w7)=(3,2)  w7=boooooo/wooooob/bboooow/b.booob/bbooooo
  reply (3,9): best 1/2 [8F11:1/2][13F240:0]
  new family #242 piece values(w6,w7)=(1,5/4)  w7=ooooooo/wooooob/oooooow/oboooob/b.boooo
  new family #243 piece values(w6,w7)=(2,11/4)  w7=boooooo/wooooob/booooow/bboooob/b.boooo
  new family #244 piece values(w6,w7)=(2,2)  w7=ooooooo/wooooob/oooooow/bboooob/b.boooo
  new family #245 piece values(w6,w7)=(1,2)  w7=boooooo/wooooob/booooow/oboooob/b.boooo
  reply (4,9): best 3/2 [9F16:1/2][12F230:1]
