  new family #0 KD values(w6,w7)=(1,0)  w7=ooooooo/booooob/.boooow/booooob/ooooooo
w=15 opening (1,7) q=0 diagnosis:
  new family #1 piece values(w6,w7)=(-1,-1)  w7=owooooo/w.wooob/owoooow/oooooob/ooooooo
  new family #2 piece values(w6,w7)=(1,3/2)  w7=bwooooo/..wooob/bwoooow/booooob/boooooo
  new family #3 piece values(w6,w7)=(-1/2,-1)  w7=owooooo/..wooob/owoooow/booooob/ooooooo
  new family #4 piece values(w6,w7)=(-1,-1/2)  w7=bwooooo/w.wooob/bwoooow/oooooob/boooooo
  new family #5 piece values(w6,w7)=(-1,-3/4)  w7=bwooooo/w.wooob/owoooow/oooooob/ooooooo
  new family #6 piece values(w6,w7)=(-1/2,-1)  w7=owooooo/..wooob/owoooow/oooooob/ooooooo
  new family #7 piece values(w6,w7)=(0,-1/2)  w7=bwooooo/..wooob/owoooow/oooooob/ooooooo
  new family #8 piece values(w6,w7)=(-1,-1)  w7=owooooo/w.wooob/bwoooow/oooooob/ooooooo
  new family #9 piece values(w6,w7)=(-1,-3/4)  w7=bwooooo/w.wooob/bwoooow/oooooob/ooooooo
  new family #10 piece values(w6,w7)=(-1/2,-1/2)  w7=owooooo/..wooob/bwoooow/oooooob/ooooooo
  new family #11 piece values(w6,w7)=(0,1/4)  w7=bwooooo/..wooob/bwoooow/oooooob/ooooooo
  new family #12 piece values(w6,w7)=(-1/2,-1)  w7=owooooo/w.wooob/owoooow/booooob/ooooooo
  new family #13 piece values(w6,w7)=(-1/2,-3/4)  w7=bwooooo/w.wooob/owoooow/booooob/ooooooo
  new family #14 piece values(w6,w7)=(0,-1/2)  w7=bwooooo/..wooob/owoooow/booooob/ooooooo
  new family #15 piece values(w6,w7)=(-1/2,-5/8)  w7=owooooo/w.wooob/bwoooow/booooob/ooooooo
  new family #16 piece values(w6,w7)=(-1/2,-1/2+*)  w7=bwooooo/w.wooob/bwoooow/booooob/ooooooo
  new family #17 piece values(w6,w7)=(0,-1/8)  w7=owooooo/..wooob/bwoooow/booooob/ooooooo
  new family #18 piece values(w6,w7)=(1/2,1/2+*)  w7=bwooooo/..wooob/bwoooow/booooob/ooooooo
  new family #19 piece values(w6,w7)=(-1,-1/2)  w7=owooooo/w.wooob/owoooow/oooooob/boooooo
  new family #20 piece values(w6,w7)=(-1,-1/2)  w7=bwooooo/w.wooob/owoooow/oooooob/boooooo
  new family #21 piece values(w6,w7)=(-1/2,-3/8)  w7=owooooo/..wooob/owoooow/oooooob/boooooo
  new family #22 piece values(w6,w7)=(0,1/2)  w7=bwooooo/..wooob/owoooow/oooooob/boooooo
  new family #23 piece values(w6,w7)=(-1,-1/2)  w7=owooooo/w.wooob/bwoooow/oooooob/boooooo
  new family #24 piece values(w6,w7)=(-1/2,-1/4)  w7=owooooo/..wooob/bwoooow/oooooob/boooooo
  new family #25 piece values(w6,w7)=(0,1/2)  w7=bwooooo/..wooob/bwoooow/oooooob/boooooo
  new family #26 piece values(w6,w7)=(0,-1/2)  w7=owooooo/w.wooob/owoooow/booooob/boooooo
  new family #27 piece values(w6,w7)=(0,0)  w7=bwooooo/w.wooob/owoooow/booooob/boooooo
  new family #28 piece values(w6,w7)=(0,-1/8)  w7=owooooo/..wooob/owoooow/booooob/boooooo
  new family #29 piece values(w6,w7)=(1/2,5/8)  w7=bwooooo/..wooob/owoooow/booooob/boooooo
  new family #30 piece values(w6,w7)=(0,0)  w7=owooooo/w.wooob/bwoooow/booooob/boooooo
  new family #31 piece values(w6,w7)=(0,1/2)  w7=bwooooo/w.wooob/bwoooow/booooob/boooooo
  new family #32 piece values(w6,w7)=(1/2,3/4)  w7=owooooo/..wooob/bwoooow/booooob/boooooo
  new family #33 piece values(w6,w7)=(-3/2,-2)  w7=woooooo/.woooob/wooooow/oooooob/ooooooo
  new family #34 piece values(w6,w7)=(3/8,1)  w7=.oooooo/.woooob/.ooooow/booooob/boooooo
  new family #35 piece values(w6,w7)=(-1/2,1/2)  w7=.oooooo/.woooob/.ooooow/oooooob/boooooo
  new family #36 piece values(w6,w7)=(-1,-2)  w7=woooooo/.woooob/wooooow/booooob/ooooooo
  new family #37 piece values(w6,w7)=(-9/8,-1)  w7=.oooooo/.woooob/wooooow/oooooob/ooooooo
  new family #38 piece values(w6,w7)=(-5/4,-1)  w7=woooooo/.woooob/.ooooow/oooooob/ooooooo
  new family #39 piece values(w6,w7)=(-3/4,0)  w7=.oooooo/.woooob/.ooooow/oooooob/ooooooo
  new family #40 piece values(w6,w7)=(-1/2,-1)  w7=.oooooo/.woooob/wooooow/booooob/ooooooo
  new family #41 piece values(w6,w7)=(-1/2,-1)  w7=woooooo/.woooob/.ooooow/booooob/ooooooo
  new family #42 piece values(w6,w7)=(-1/4,0)  w7=.oooooo/.woooob/.ooooow/booooob/ooooooo
  new family #43 piece values(w6,w7)=(-3/2,-1)  w7=woooooo/.woooob/wooooow/oooooob/boooooo
  new family #44 piece values(w6,w7)=(-3/4,0)  w7=.oooooo/.woooob/wooooow/oooooob/boooooo
  new family #45 piece values(w6,w7)=(-5/4,-1/2)  w7=woooooo/.woooob/.ooooow/oooooob/boooooo
  new family #46 piece values(w6,w7)=(-1/2,-1)  w7=woooooo/.woooob/wooooow/booooob/boooooo
  new family #47 piece values(w6,w7)=(-1/4,0)  w7=.oooooo/.woooob/wooooow/booooob/boooooo
  new family #48 piece values(w6,w7)=(0,0)  w7=woooooo/.woooob/.ooooow/booooob/boooooo
  new family #49 piece values(w6,w7)=(11/8,2)  w7=oooooo./boooow./.boooo./booooob/oooooob
  new family #50 piece values(w6,w7)=(-1/2,-1)  w7=oooooow/boooow./.boooow/boooooo/ooooooo
  new family #51 piece values(w6,w7)=(1/2,3/2)  w7=oooooo./boooow./.boooo./boooooo/oooooob
  new family #52 piece values(w6,w7)=(0,-1)  w7=oooooow/boooow./.boooow/booooob/ooooooo
  new family #53 piece values(w6,w7)=(1,1)  w7=oooooow/boooow./.boooo./booooob/oooooob
  new family #54 piece values(w6,w7)=(3/4,1)  w7=oooooo./boooow./.boooow/booooob/oooooob
  new family #55 piece values(w6,w7)=(1/2,0)  w7=oooooow/boooow./.boooow/booooob/oooooob
  new family #56 piece values(w6,w7)=(-1/4,1/2)  w7=oooooow/boooow./.boooo./boooooo/oooooob
  new family #57 piece values(w6,w7)=(1/4,1)  w7=oooooo./boooow./.boooow/boooooo/oooooob
  new family #58 piece values(w6,w7)=(-1/2,0)  w7=oooooow/boooow./.boooow/boooooo/oooooob
  new family #59 piece values(w6,w7)=(3/4,1)  w7=oooooo./boooow./.boooo./booooob/ooooooo
  new family #60 piece values(w6,w7)=(1/2,0)  w7=oooooow/boooow./.boooo./booooob/ooooooo
  new family #61 piece values(w6,w7)=(1/2,0)  w7=oooooo./boooow./.boooow/booooob/ooooooo
  new family #62 piece values(w6,w7)=(1/4,1)  w7=oooooo./boooow./.boooo./boooooo/ooooooo
  new family #63 piece values(w6,w7)=(-1/4,0)  w7=oooooow/boooow./.boooo./boooooo/ooooooo
  new family #64 piece values(w6,w7)=(-1/8,0)  w7=oooooo./boooow./.boooow/boooooo/ooooooo
  new family #65 piece values(w6,w7)=(2,5/2)  w7=ooooowb/booow../.booowb/booooob/oooooob
  new family #66 piece values(w6,w7)=(0,0)  w7=ooooowo/booow.w/.booowo/boooooo/ooooooo
  new family #67 piece values(w6,w7)=(1/2,0)  w7=ooooowo/booow../.booowo/booooob/ooooooo
  new family #68 piece values(w6,w7)=(0,1/2)  w7=ooooowb/booow.w/.booowb/boooooo/oooooob
  new family #69 piece values(w6,w7)=(3/2,7/4)  w7=ooooowo/booow../.booowb/booooob/oooooob
  new family #70 piece values(w6,w7)=(1,3/2)  w7=ooooowb/booow.w/.booowb/booooob/oooooob
  new family #71 piece values(w6,w7)=(1,1)  w7=ooooowo/booow.w/.booowb/booooob/oooooob
  new family #72 piece values(w6,w7)=(3/2,13/8)  w7=ooooowb/booow../.booowo/booooob/oooooob
  new family #73 piece values(w6,w7)=(1,7/8)  w7=ooooowo/booow../.booowo/booooob/oooooob
  new family #74 piece values(w6,w7)=(1,1)  w7=ooooowb/booow.w/.booowo/booooob/oooooob
  new family #75 piece values(w6,w7)=(1,1/2)  w7=ooooowo/booow.w/.booowo/booooob/oooooob
  new family #76 piece values(w6,w7)=(1,3/2)  w7=ooooowb/booow../.booowb/boooooo/oooooob
  new family #77 piece values(w6,w7)=(1/2,3/4)  w7=ooooowo/booow../.booowb/boooooo/oooooob
  new family #78 piece values(w6,w7)=(0,1/2)  w7=ooooowo/booow.w/.booowb/boooooo/oooooob
  new family #79 piece values(w6,w7)=(1,3/2)  w7=ooooowb/booow../.booowo/boooooo/oooooob
  new family #80 piece values(w6,w7)=(1/2,5/8)  w7=ooooowo/booow../.booowo/boooooo/oooooob
  new family #81 piece values(w6,w7)=(0,1/2)  w7=ooooowb/booow.w/.booowo/boooooo/oooooob
  new family #82 piece values(w6,w7)=(0,1/2)  w7=ooooowo/booow.w/.booowo/boooooo/oooooob
  new family #83 piece values(w6,w7)=(3/2,3/2+*)  w7=ooooowb/booow../.booowb/booooob/ooooooo
  new family #84 piece values(w6,w7)=(1,7/8)  w7=ooooowo/booow../.booowb/booooob/ooooooo
  new family #85 piece values(w6,w7)=(1/2,1/2+*)  w7=ooooowb/booow.w/.booowb/booooob/ooooooo
  new family #86 piece values(w6,w7)=(1/2,3/8)  w7=ooooowo/booow.w/.booowb/booooob/ooooooo
  new family #87 piece values(w6,w7)=(1,1/2)  w7=ooooowb/booow../.booowo/booooob/ooooooo
  new family #88 piece values(w6,w7)=(1/2,1/4)  w7=ooooowb/booow.w/.booowo/booooob/ooooooo
  new family #89 piece values(w6,w7)=(1/2,0)  w7=ooooowo/booow.w/.booowo/booooob/ooooooo
  new family #90 piece values(w6,w7)=(1,5/4)  w7=ooooowb/booow../.booowb/boooooo/ooooooo
  new family #91 piece values(w6,w7)=(1/2,1/2)  w7=ooooowo/booow../.booowb/boooooo/ooooooo
  new family #92 piece values(w6,w7)=(0,1/4)  w7=ooooowb/booow.w/.booowb/boooooo/ooooooo
  new family #93 piece values(w6,w7)=(0,0)  w7=ooooowo/booow.w/.booowb/boooooo/ooooooo
  new family #94 piece values(w6,w7)=(1,1/2)  w7=ooooowb/booow../.booowo/boooooo/ooooooo
  new family #95 piece values(w6,w7)=(1/2,0)  w7=ooooowo/booow../.booowo/boooooo/ooooooo
  new family #96 piece values(w6,w7)=(0,1/4)  w7=ooooowb/booow.w/.booowo/boooooo/ooooooo
  reply none: best -1/4 [7:1][8F45:-5/4]  OK
  reply (0,3): best 7/4 [7:13/4][8F43:-3/2]
  reply (1,3): best 1/4 [7:3/2][8F45:-5/4]
  reply (2,3): best 3/2 [6:2][9F4:-1/2]
  reply (3,3): best 1/4 [7:3/2][8F45:-5/4]
  reply (4,3): best 7/4 [7:3][8F45:-5/4]
  reply (0,4): best 1/4 [7:3/2][8F45:-5/4]
  reply (1,4): best 3/2 [6:2][9F4:-1/2]
  reply (2,4): best 1/4 [7:3/4][8F35:-1/2]
