  new family #0 KD values(w6,w7)=(1,0)  w7=ooooooo/booooob/.boooow/booooob/ooooooo
w=15 opening (2,6) q=0 diagnosis:
  new family #1 piece values(w6,w7)=(-3/2,-2)  w7=ooooooo/owoooob/w.wooow/owoooob/ooooooo
  new family #2 piece values(w6,w7)=(1,1)  w7=boooooo/bwoooob/..wooow/bwoooob/boooooo
  new family #3 piece values(w6,w7)=(-1/2,0)  w7=boooooo/owoooob/..wooow/owoooob/boooooo
  new family #4 piece values(w6,w7)=(-3/2,-2)  w7=ooooooo/bwoooob/w.wooow/bwoooob/ooooooo
  new family #5 piece values(w6,w7)=(-1,-1)  w7=ooooooo/wooooob/.woooow/wooooob/ooooooo
  new family #6 piece values(w6,w7)=(1,1)  w7=boooooo/.ooooob/.woooow/.ooooob/boooooo
  new family #7 piece values(w6,w7)=(0,-3/4)  w7=ooooooo/.ooooob/.woooow/.ooooob/ooooooo
  new family #8 piece values(w6,w7)=(-1,-1/2)  w7=boooooo/wooooob/.woooow/wooooob/boooooo
  new family #9 piece values(w6,w7)=(-1,-1)  w7=ooooooo/oooooob/wooooow/oooooob/ooooooo
  new family #10 piece values(w6,w7)=(1,1)  w7=boooooo/booooob/wooooow/booooob/boooooo
  new family #11 piece values(w6,w7)=(-1/4,1/2)  w7=boooooo/oooooob/wooooow/oooooob/boooooo
  new family #12 piece values(w6,w7)=(0,-1)  w7=ooooooo/booooob/wooooow/booooob/ooooooo
  new family #13 piece values(w6,w7)=(2,2)  w7=oooooob/boooowb/.boow../boooowb/oooooob
  new family #14 piece values(w6,w7)=(-1/2,-1)  w7=ooooooo/boooowo/.boow.w/boooowo/ooooooo
  new family #15 piece values(w6,w7)=(1/2,1)  w7=oooooob/boooowo/.boow../boooowo/oooooob
  new family #16 piece values(w6,w7)=(-1/2,-1)  w7=ooooooo/boooowb/.boow.w/boooowb/ooooooo
  reply none: best 0 [5:1/2][10F3:-1/2]
  reply (0,2): best 1/2 [5:1][10F3:-1/2]
  reply (1,2): best 3/2 [5:3][10F4:-3/2]
  reply (2,2): best 1/2 [7:3/4][8F11:-1/4]
  reply (3,2): best 3/2 [5:3][10F4:-3/2]
  reply (4,2): best 1/2 [5:1][10F3:-1/2]
  new family #17 piece values(w6,w7)=(1/4,0)  w7=ooooooo/bwoooob/..wooow/bwoooob/boooooo
  new family #18 piece values(w6,w7)=(-3/4,-1/2)  w7=ooooooo/owoooob/..wooow/owoooob/boooooo
  reply (0,3): best 3/2 [5:3][10F4:-3/2]
  new family #19 piece values(w6,w7)=(1/4,1/2)  w7=boooooo/owoooob/..wooow/bwoooob/boooooo
  new family #20 piece values(w6,w7)=(-3/2,-2)  w7=ooooooo/owoooob/w.wooow/bwoooob/ooooooo
  reply (1,3): best 1/2 [7:3/4][8F11:-1/4]
  new family #21 piece values(w6,w7)=(0,0)  w7=boooooo/bwoooob/w.wooow/bwoooob/boooooo
  new family #22 piece values(w6,w7)=(-1/2,0)  w7=boooooo/owoooob/w.wooow/owoooob/boooooo
  reply (2,3): best 3/2 [5:3][10F4:-3/2]
  reply (3,3): best 1/2 [7:3/4][8F11:-1/4]
  reply (4,3): best 3/2 [5:3][10F4:-3/2]
  new family #23 piece values(w6,w7)=(-3/4,-1)  w7=boooooo/owoooob/w.wooow/owoooob/ooooooo
  new family #24 piece values(w6,w7)=(-3/4,-1)  w7=boooooo/owoooob/w.wooow/bwoooob/ooooooo
  new family #25 piece values(w6,w7)=(1/2,1/8)  w7=ooooooo/.ooooob/.woooow/.ooooob/boooooo
  new family #26 piece values(w6,w7)=(-1,-3/4)  w7=ooooooo/wooooob/.woooow/wooooob/boooooo
  reply (0,4): best 1/2 [5:1][10F3:-1/2]
  new family #27 piece values(w6,w7)=(-3/4,-1)  w7=ooooooo/bwoooob/w.wooow/bwoooob/boooooo
  new family #28 piece values(w6,w7)=(0,1/4)  w7=boooooo/wooooob/.woooow/.ooooob/boooooo
  new family #29 piece values(w6,w7)=(-1/2,-3/4)  w7=ooooooo/wooooob/.woooow/.ooooob/ooooooo
  reply (1,4): best 3/2 [5:3][10F4:-3/2]
  new family #30 piece values(w6,w7)=(-1,-1)  w7=ooooooo/owoooob/..wooow/owoooob/ooooooo
  reply (2,4): best 1/4 [6:1][9F7:-3/4]
  reply (3,4): best 3/2 [5:3][10F4:-3/2]
  reply (4,4): best 1/2 [5:1][10F3:-1/2]
  new family #31 piece values(w6,w7)=(0,-1)  w7=.booooo/bwoooob/w.wooow/owoooob/ooooooo
  new family #32 piece values(w6,w7)=(5/4,1)  w7=.booooo/bwoooob/..wooow/bwoooob/boooooo
  new family #33 piece values(w6,w7)=(1/2,1/2)  w7=.booooo/bwoooob/..wooow/owoooob/boooooo
  new family #34 piece values(w6,w7)=(0,-1)  w7=.booooo/bwoooob/w.wooow/bwoooob/ooooooo
  new family #35 piece values(w6,w7)=(-1/2,-5/8)  w7=boooooo/wooooob/.woooow/.ooooob/ooooooo
  new family #36 piece values(w6,w7)=(1,0)  w7=ooooooo/booooob/wooooow/booooob/boooooo
  new family #37 piece values(w6,w7)=(-1/2,0)  w7=ooooooo/oooooob/wooooow/oooooob/boooooo
  reply (0,5): best 11/8 [6:2][9F35:-5/8]
  new family #38 piece values(w6,w7)=(-1/4,0)  w7=boooooo/..oooob/..wooow/owoooob/ooooooo
  new family #39 piece values(w6,w7)=(1/2,1)  w7=boooooo/..oooob/..wooow/bwoooob/boooooo
  new family #40 piece values(w6,w7)=(-1/4,1/2)  w7=boooooo/..oooob/..wooow/owoooob/boooooo
  new family #41 piece values(w6,w7)=(0,0)  w7=boooooo/..oooob/..wooow/bwoooob/ooooooo
  new family #42 piece values(w6,w7)=(1/2,1)  w7=boooooo/oooooob/wooooow/booooob/boooooo
  new family #43 piece values(w6,w7)=(0,-1)  w7=ooooooo/oooooob/wooooow/booooob/ooooooo
  reply (1,5): best 1/4 [5:1/2][10F40:-1/4]
  new family #44 piece values(w6,w7)=(-1/2,-1)  w7=ooooooo/bwoooob/..wooow/bwoooob/ooooooo
  reply (2,5): best 3/2 [5:2][10F44:-1/2]
  reply (3,5): best 1/4 [5:1/2][10F40:-1/4]
  reply (4,5): best 11/8 [6:2][9F35:-5/8]
  new family #45 piece values(w6,w7)=(-1/2,0)  w7=b.boooo/o.oooob/w.wooow/owoooob/ooooooo
  new family #46 piece values(w6,w7)=(5/4,2)  w7=b.boooo/b.oooob/..wooow/bwoooob/boooooo
  new family #47 piece values(w6,w7)=(0,1)  w7=b.boooo/o.oooob/..wooow/owoooob/boooooo
  new family #48 piece values(w6,w7)=(-1/2,0)  w7=b.boooo/b.oooob/w.wooow/bwoooob/ooooooo
  new family #49 piece values(w6,w7)=(0,-1/2)  w7=.booooo/.ooooob/.woooow/wooooob/ooooooo
  new family #50 piece values(w6,w7)=(1,1/4)  w7=.booooo/.ooooob/.woooow/.ooooob/boooooo
  new family #51 piece values(w6,w7)=(1/4,-1/2)  w7=.booooo/.ooooob/.woooow/.ooooob/ooooooo
  new family #52 piece values(w6,w7)=(0,-1/2)  w7=.booooo/.ooooob/.woooow/wooooob/boooooo
  new family #53 piece values(w6,w7)=(0,0)  w7=boooooo/oooooob/wooooow/booooob/ooooooo
  new family #54 piece values(w6,w7)=(9/4,3)  w7=oooob.b/boooo.b/.boow../boooowb/oooooob
  new family #55 piece values(w6,w7)=(1/2,1)  w7=oooob.b/boooo.o/.boow.w/boooowo/ooooooo
  new family #56 piece values(w6,w7)=(1,2)  w7=oooob.b/boooo.o/.boow../boooowo/oooooob
  new family #57 piece values(w6,w7)=(1/2,1)  w7=oooob.b/boooo.b/.boow.w/boooowb/ooooooo
  reply (0,6): best 1/4 [6:3/4][9F51:-1/2]
  new family #58 piece values(w6,w7)=(0,-1)  w7=obooooo/b.booob/w.wooow/owoooob/ooooooo
  new family #59 piece values(w6,w7)=(5/2,2)  w7=bbooooo/b.booob/..wooow/bwoooob/boooooo
  new family #60 piece values(w6,w7)=(2,3/2)  w7=bbooooo/b.booob/..wooow/owoooob/boooooo
  new family #61 piece values(w6,w7)=(0,-1)  w7=obooooo/b.booob/w.wooow/bwoooob/ooooooo
  new family #62 piece values(w6,w7)=(0,1/4)  w7=boooooo/.boooob/.woooow/wooooob/ooooooo
  new family #63 piece values(w6,w7)=(1,3/2)  w7=boooooo/.boooob/.woooow/.ooooob/boooooo
  new family #64 piece values(w6,w7)=(1/2,1/2+*)  w7=boooooo/.boooob/.woooow/.ooooob/ooooooo
  new family #65 piece values(w6,w7)=(0,1/2)  w7=boooooo/.boooob/.woooow/wooooob/boooooo
  new family #66 piece values(w6,w7)=(7/2,3)  w7=ooooobb/booob.b/.boow../boooowb/oooooob
  new family #67 piece values(w6,w7)=(1,0)  w7=ooooobo/booob.b/.boow.w/boooowo/ooooooo
  new family #68 piece values(w6,w7)=(3,5/2)  w7=ooooobb/booob.b/.boow../boooowo/oooooob
  new family #69 piece values(w6,w7)=(1,0)  w7=ooooobo/booob.b/.boow.w/boooowb/ooooooo
  reply (1,6): best 3/2 [6:1][9F65:1/2]
  reply (3,6): best 3/2 [6:1][9F65:1/2]
  reply (4,6): best 1/4 [6:3/4][9F51:-1/2]
  new family #70 piece values(w6,w7)=(0,1/2)  w7=b.boooo/wboooob/.woooow/wooooob/ooooooo
  new family #71 piece values(w6,w7)=(2,11/4)  w7=b.boooo/.boooob/.woooow/.ooooob/boooooo
  new family #72 piece values(w6,w7)=(3/2,15/8)  w7=b.boooo/.boooob/.woooow/.ooooob/ooooooo
  new family #73 piece values(w6,w7)=(0,3/4)  w7=b.boooo/wboooob/.woooow/wooooob/boooooo
  new family #74 piece values(w6,w7)=(3/4,0)  w7=.booooo/booooob/wooooow/oooooob/ooooooo
  new family #75 piece values(w6,w7)=(3/2,1)  w7=.booooo/booooob/wooooow/booooob/boooooo
  new family #76 piece values(w6,w7)=(1,1)  w7=.booooo/booooob/wooooow/oooooob/boooooo
  new family #77 piece values(w6,w7)=(1,0)  w7=.booooo/booooob/wooooow/booooob/ooooooo
  new family #78 piece values(w6,w7)=(9/4,2)  w7=ooooob./boooowb/.boow../boooowb/oooooob
  new family #79 piece values(w6,w7)=(1,0)  w7=ooooob./boooowb/.boow.w/boooowo/ooooooo
  new family #80 piece values(w6,w7)=(3/2,3/2)  w7=ooooob./boooowb/.boow../boooowo/oooooob
  new family #81 piece values(w6,w7)=(1,0)  w7=ooooob./boooowb/.boow.w/boooowb/ooooooo
  reply (0,7): best 11/8 [7:3/8][8F76:1]
  new family #82 piece values(w6,w7)=(3/4,-1/2)  w7=obooooo/..booob/..oooow/wooooob/ooooooo
  new family #83 piece values(w6,w7)=(2,5/4)  w7=bbooooo/..booob/..oooow/.ooooob/boooooo
  new family #84 piece values(w6,w7)=(3/4,-3/8)  w7=obooooo/..booob/..oooow/.ooooob/ooooooo
  new family #85 piece values(w6,w7)=(3/2,1/2)  w7=bbooooo/..booob/..oooow/wooooob/boooooo
  new family #86 piece values(w6,w7)=(0,1)  w7=boooooo/.boooob/.ooooow/oooooob/ooooooo
  new family #87 piece values(w6,w7)=(1,2)  w7=boooooo/.boooob/.ooooow/booooob/boooooo
  new family #88 piece values(w6,w7)=(0,3/2)  w7=boooooo/.boooob/.ooooow/oooooob/boooooo
  new family #89 piece values(w6,w7)=(1,1)  w7=boooooo/.boooob/.ooooow/booooob/ooooooo
  new family #90 piece values(w6,w7)=(3/2,2)  w7=oooooob/boooo../.boow../boooowb/oooooob
  new family #91 piece values(w6,w7)=(3/4,1)  w7=oooooob/boooo../.boow../boooowo/ooooooo
  new family #92 piece values(w6,w7)=(3/4,3/2)  w7=oooooob/boooo../.boow../boooowo/oooooob
  new family #93 piece values(w6,w7)=(1,1)  w7=oooooob/boooo../.boow../boooowb/ooooooo
  reply (1,7): best 1/4 [7:1/4][8F88:0]
  new family #94 piece values(w6,w7)=(0,1/2)  w7=ooooooo/wboooob/..booow/wboooob/ooooooo
  new family #95 piece values(w6,w7)=(2,5/2)  w7=boooooo/.boooob/..booow/.boooob/boooooo
  new family #96 piece values(w6,w7)=(1,3/2)  w7=ooooooo/.boooob/..booow/.boooob/ooooooo
  new family #97 piece values(w6,w7)=(0,1/2)  w7=boooooo/wboooob/..booow/wboooob/boooooo
  new family #98 piece values(w6,w7)=(2,2)  w7=boooooo/booooob/.boooow/booooob/boooooo
  new family #99 piece values(w6,w7)=(1/2,0)  w7=ooooooo/boooowb/.boow../boooowb/ooooooo
  reply (2,7): best 3/2 [6:1][9F97:1/2]
  reply (3,7): best 1/4 [7:1/4][8F88:0]
  reply (4,7): best 11/8 [7:3/8][8F76:1]
  new family #100 piece values(w6,w7)=(0,1)  w7=b.boooo/oboooob/wooooow/oooooob/ooooooo
  new family #101 piece values(w6,w7)=(2,2)  w7=b.boooo/bboooob/wooooow/booooob/boooooo
  new family #102 piece values(w6,w7)=(1/2,3/2)  w7=b.boooo/oboooob/wooooow/oooooob/boooooo
  new family #103 piece values(w6,w7)=(3/2,3/2)  w7=b.boooo/bboooob/wooooow/booooob/ooooooo
  new family #104 piece values(w6,w7)=(5/4,3/2)  w7=oooooob/boooowo/.boow../boooowb/oooooob
  new family #105 piece values(w6,w7)=(1/4,0)  w7=oooooob/boooowo/.boow.w/boooowo/ooooooo
  new family #106 piece values(w6,w7)=(1/4,0)  w7=oooooob/boooowo/.boow.w/boooowb/ooooooo
  reply (0,8): best 1/2 [8F15:1/2][7:0]
  new family #107 piece values(w6,w7)=(1,0)  w7=obooooo/b.booob/wboooow/oooooob/ooooooo
  new family #108 piece values(w6,w7)=(5/2,2)  w7=bbooooo/b.booob/wboooow/booooob/boooooo
  new family #109 piece values(w6,w7)=(5/2,2)  w7=bbooooo/b.booob/wboooow/oooooob/boooooo
  new family #110 piece values(w6,w7)=(1,0)  w7=obooooo/b.booob/wboooow/booooob/ooooooo
  new family #111 piece values(w6,w7)=(1/4,0)  w7=ooooooo/boooowb/.boow.w/boooowb/oooooob
  new family #112 piece values(w6,w7)=(-1/2,-1)  w7=ooooooo/boooowb/.boow.w/boooowo/ooooooo
  reply (1,8): best 3/2 [7:1/2][8F110:1]
  new family #113 piece values(w6,w7)=(0,1)  w7=ooooooo/oboooob/..booow/oboooob/ooooooo
  new family #114 piece values(w6,w7)=(2,3)  w7=boooooo/bboooob/..booow/bboooob/boooooo
  new family #115 piece values(w6,w7)=(0,1)  w7=boooooo/oboooob/..booow/oboooob/boooooo
  new family #116 piece values(w6,w7)=(3/2,2)  w7=ooooooo/bboooob/..booow/bboooob/ooooooo
  new family #117 piece values(w6,w7)=(0,0)  w7=ooooooo/boooowo/.boow../boooowo/ooooooo
  reply (2,8): best 1/4 [7:1/4][8F115:0]
  reply (3,8): best 3/2 [7:1/2][8F110:1]
  reply (4,8): best 1/2 [8F15:1/2][7:0]
  new family #118 piece values(w6,w7)=(5/4,1)  w7=ooooooo/boooowb/.boow../boooowb/oooooob
  new family #119 piece values(w6,w7)=(1/4,1/2)  w7=ooooooo/boooowo/.boow../boooowo/oooooob
  reply (0,9): best 3/2 [8F16:-1/2][7:2]
  reply (1,9): best 3/4 [7:1/4][3:1][5:-1/2]
  new family #120 piece values(w6,w7)=(1,1)  w7=oooooob/boooowb/.boow.w/boooowb/oooooob
  new family #121 piece values(w6,w7)=(1/2,1)  w7=oooooob/boooowo/.boow.w/boooowo/oooooob
  reply (2,9): best 3/2 [8F16:-1/2][7:2]
  reply (3,9): best 3/4 [7:1/4][3:1][5:-1/2]
  reply (4,9): best 3/2 [8F16:-1/2][7:2]
  reply (0,10): best 1/2 [8F15:1/2][7:0]
  reply (1,10): best 3/2 [8F16:-1/2][7:2]
  reply (2,10): best 1/2 [8F15:1/2][7:0]
  reply (3,10): best 3/2 [8F16:-1/2][7:2]
  reply (4,10): best 1/2 [8F15:1/2][7:0]
w=21 opening (2,6) q=0 diagnosis:
  new family #122 piece values(w6,w7)=(0,-1/2)  w7=ooooooo/oooooob/oooooow/oooooob/ooooooo
  new family #123 piece values(w6,w7)=(2,2)  w7=boooooo/booooob/booooow/booooob/boooooo
  new family #124 piece values(w6,w7)=(1/2,-1/2)  w7=ooooooo/booooob/oooooow/booooob/ooooooo
  new family #125 piece values(w6,w7)=(0,1)  w7=boooooo/oooooob/booooow/oooooob/boooooo
  reply none: best 0 [5:1/2][16F3:-1/2]
  reply (0,2): best 1/2 [5:1][16F3:-1/2]
  reply (1,2): best 3/2 [5:3][16F4:-3/2]
  reply (2,2): best 1/2 [7:3/4][14F11:-1/4]
  reply (3,2): best 3/2 [5:3][16F4:-3/2]
  reply (4,2): best 1/2 [5:1][16F3:-1/2]
  reply (0,3): best 3/2 [5:3][16F4:-3/2]
  reply (1,3): best 1/2 [7:3/4][14F11:-1/4]
  reply (2,3): best 3/2 [5:3][16F4:-3/2]
  reply (3,3): best 1/2 [7:3/4][14F11:-1/4]
  reply (4,3): best 3/2 [5:3][16F4:-3/2]
  reply (0,4): best 1/2 [5:1][16F3:-1/2]
  reply (1,4): best 3/2 [5:3][16F4:-3/2]
  reply (2,4): best 1/4 [6:1][15F7:-3/4]
  reply (3,4): best 3/2 [5:3][16F4:-3/2]
  reply (4,4): best 1/2 [5:1][16F3:-1/2]
  reply (0,5): best 11/8 [6:2][15F35:-5/8]
  reply (1,5): best 1/4 [5:1/2][16F40:-1/4]
  reply (2,5): best 3/2 [5:2][16F44:-1/2]
  reply (3,5): best 1/4 [5:1/2][16F40:-1/4]
  reply (4,5): best 11/8 [6:2][15F35:-5/8]
  new family #126 piece values(w6,w7)=(2,3/2)  w7=ooooooo/booooob/booooow/booooob/boooooo
  new family #127 piece values(w6,w7)=(0,1)  w7=ooooooo/oooooob/booooow/oooooob/boooooo
  reply (0,6): best 1/4 [6:3/4][15F51:-1/2]
  new family #128 piece values(w6,w7)=(1,2)  w7=boooooo/oooooob/booooow/booooob/boooooo
  new family #129 piece values(w6,w7)=(0,-1/2)  w7=ooooooo/oooooob/oooooow/booooob/ooooooo
  reply (1,6): best 3/2 [6:1][15F65:1/2]
  reply (3,6): best 3/2 [6:1][15F65:1/2]
  reply (4,6): best 1/4 [6:3/4][15F51:-1/2]
  new family #130 piece values(w6,w7)=(0,0)  w7=boooooo/oooooob/oooooow/oooooob/ooooooo
  new family #131 piece values(w6,w7)=(1/2,0)  w7=boooooo/oooooob/oooooow/booooob/ooooooo
  reply (0,7): best 11/8 [7:3/8][14F76:1]
  new family #132 piece values(w6,w7)=(1,1/2)  w7=ooooooo/booooob/oooooow/booooob/boooooo
  reply (1,7): best 1/4 [7:1/4][14F88:0]
  new family #133 piece values(w6,w7)=(0,0)  w7=ooooooo/oooooob/booooow/oooooob/ooooooo
  new family #134 piece values(w6,w7)=(3/2,3/2)  w7=boooooo/booooob/oooooow/booooob/boooooo
  new family #135 piece values(w6,w7)=(0,1)  w7=boooooo/oooooob/oooooow/oooooob/boooooo
  reply (2,7): best 3/2 [6:1][15F97:1/2]
  reply (3,7): best 1/4 [7:1/4][14F88:0]
  reply (4,7): best 11/8 [7:3/8][14F76:1]
  new family #136 piece values(w6,w7)=(1,0)  w7=.booooo/booooob/oooooow/oooooob/ooooooo
  new family #137 piece values(w6,w7)=(5/2,2)  w7=.booooo/booooob/booooow/booooob/boooooo
  new family #138 piece values(w6,w7)=(1,0)  w7=.booooo/booooob/oooooow/booooob/ooooooo
  new family #139 piece values(w6,w7)=(1,3/2)  w7=.booooo/booooob/booooow/oooooob/boooooo
  reply (0,8): best 1/2 [8F15:1/2][13F138:0]
  new family #140 piece values(w6,w7)=(1,3/2)  w7=boooooo/.boooob/booooow/oooooob/ooooooo
  new family #141 piece values(w6,w7)=(2,5/2)  w7=boooooo/.boooob/booooow/booooob/boooooo
  new family #142 piece values(w6,w7)=(3/2,7/4)  w7=boooooo/.boooob/booooow/booooob/ooooooo
  new family #143 piece values(w6,w7)=(1,2)  w7=boooooo/.boooob/booooow/oooooob/boooooo
  reply (1,8): best 3/2 [7:1/2][14F110:1]
  reply (2,8): best 1/4 [7:1/4][14F115:0]
  reply (3,8): best 3/2 [7:1/2][14F110:1]
  reply (4,8): best 1/2 [8F15:1/2][13F138:0]
  new family #144 piece values(w6,w7)=(1,3/2)  w7=b.boooo/oboooob/oooooow/oooooob/ooooooo
  new family #145 piece values(w6,w7)=(3,15/4)  w7=b.boooo/bboooob/booooow/booooob/boooooo
  new family #146 piece values(w6,w7)=(2,2)  w7=b.boooo/bboooob/oooooow/booooob/ooooooo
  new family #147 piece values(w6,w7)=(1,2)  w7=b.boooo/oboooob/booooow/oooooob/boooooo
  reply (0,9): best 3/2 [8F16:-1/2][13F147:2]
  new family #148 piece values(w6,w7)=(1,0)  w7=obooooo/b.booob/oboooow/oooooob/ooooooo
  new family #149 piece values(w6,w7)=(7/2,3)  w7=bbooooo/b.booob/bboooow/booooob/boooooo
  new family #150 piece values(w6,w7)=(1,1/2)  w7=obooooo/b.booob/oboooow/booooob/ooooooo
  new family #151 piece values(w6,w7)=(3,5/2)  w7=bbooooo/b.booob/bboooow/oooooob/boooooo
  reply (1,9): best 3/4 [7:1/4][3:1][11F124:-1/2]
  new family #152 piece values(w6,w7)=(1,3/2)  w7=ooooooo/oboooob/b.booow/oboooob/ooooooo
  new family #153 piece values(w6,w7)=(3,4)  w7=boooooo/bboooob/b.booow/bboooob/boooooo
  new family #154 piece values(w6,w7)=(2,5/2)  w7=ooooooo/bboooob/b.booow/bboooob/ooooooo
  new family #155 piece values(w6,w7)=(1,2)  w7=boooooo/oboooob/b.booow/oboooob/boooooo
  reply (2,9): best 3/2 [8F16:-1/2][13F155:2]
  reply (3,9): best 3/4 [7:1/4][3:1][11F124:-1/2]
  reply (4,9): best 3/2 [8F16:-1/2][13F147:2]
  reply (0,10): best 1 [5:1/2][5:1/2][11F138:0]
  reply (1,10): best 3/2 [7:1/2][2:0][12F150:1]
  reply (2,10): best 1 [5:1/2][5:1/2][11F0:0]
  reply (3,10): best 3/2 [7:1/2][2:0][12F150:1]
  reply (4,10): best 1 [5:1/2][5:1/2][11F138:0]
