  new family #0 KD values(w6,w7)=(1,0)  w7=ooooooo/booooob/.boooow/booooob/ooooooo
w=13 opening (2,6): trying gap-representative two-round rule, T=6 [2s]
      gap rule w=13 (2,6) reply (0,2): gaps 1 4, 57 configurations, 42 cheap failures [2s]
      gap rule w=13 (2,6) reply (1,2): gaps 1 4, 57 configurations, 57 cheap failures [2s]
      gap rule w=13 (2,6) reply (2,2): gaps 1 4, 57 configurations, 41 cheap failures [2s]
      gap rule w=13 (2,6) reply (3,2): gaps 1 4, 57 configurations, 57 cheap failures [2s]
      gap rule w=13 (2,6) reply (4,2): gaps 1 4, 57 configurations, 42 cheap failures [2s]
      gap rule w=13 (2,6) reply (0,3): gaps 4, 57 configurations, 57 cheap failures [2s]
      gap rule w=13 (2,6) reply (1,3): gaps 4, 57 configurations, 42 cheap failures [3s]
      gap rule w=13 (2,6) reply (2,3): gaps 4, 57 configurations, 57 cheap failures [3s]
      gap rule w=13 (2,6) reply (3,3): gaps 4, 57 configurations, 42 cheap failures [3s]
      gap rule w=13 (2,6) reply (4,3): gaps 4, 57 configurations, 57 cheap failures [3s]
      gap rule w=13 (2,6) reply (0,4): gaps 1 4, 57 configurations, 42 cheap failures [3s]
      gap rule w=13 (2,6) reply (1,4): gaps 1 4, 57 configurations, 57 cheap failures [3s]
      gap rule w=13 (2,6) reply (2,4): gaps 1 4, 57 configurations, 27 cheap failures [3s]
      gap rule w=13 (2,6) reply (3,4): gaps 1 4, 57 configurations, 57 cheap failures [3s]
      gap rule w=13 (2,6) reply (4,4): gaps 1 4, 57 configurations, 42 cheap failures [3s]
      gap rule w=13 (2,6) reply (0,5): gaps 2 4, 57 configurations, 57 cheap failures [3s]
      gap rule w=13 (2,6) reply (1,5): gaps 2 4, 57 configurations, 34 cheap failures [3s]
      gap rule w=13 (2,6) reply (2,5): gaps 2 4, 58 configurations, 56 cheap failures [3s]
      gap rule w=13 (2,6) reply (3,5): gaps 2 4, 57 configurations, 34 cheap failures [3s]
      gap rule w=13 (2,6) reply (4,5): gaps 2 4, 57 configurations, 57 cheap failures [3s]
      gap rule w=13 (2,6) reply (0,6): gaps 3 4, 57 configurations, 25 cheap failures [3s]
      gap rule w=13 (2,6) reply (1,6): gaps 3 4, 58 configurations, 56 cheap failures [3s]
      gap rule w=13 (2,6) reply (3,6): gaps 3 4, 58 configurations, 56 cheap failures [3s]
      gap rule w=13 (2,6) reply (4,6): gaps 3 4, 57 configurations, 25 cheap failures [3s]
      gap rule w=13 (2,6) reply (0,7): gaps 3 3, 57 configurations, 57 cheap failures [3s]
      gap rule w=13 (2,6) reply (1,7): gaps 3 3, 57 configurations, 50 cheap failures [3s]
      gap rule w=13 (2,6) reply (2,7): gaps 3 3, 58 configurations, 58 cheap failures [3s]
      gap rule w=13 (2,6) reply (3,7): gaps 3 3, 57 configurations, 50 cheap failures [3s]
      gap rule w=13 (2,6) reply (4,7): gaps 3 3, 57 configurations, 57 cheap failures [3s]
      gap rule w=13 (2,6) reply (0,8): gaps 3 2, 57 configurations, 55 cheap failures [3s]
      gap rule w=13 (2,6) reply (1,8): gaps 3 2, 57 configurations, 57 cheap failures [3s]
      gap rule w=13 (2,6) reply (2,8): gaps 3 2, 57 configurations, 53 cheap failures [3s]
      gap rule w=13 (2,6) reply (3,8): gaps 3 2, 57 configurations, 57 cheap failures [3s]
      gap rule w=13 (2,6) reply (4,8): gaps 3 2, 57 configurations, 55 cheap failures [3s]
      gap rule w=13 (2,6) reply (0,9): gaps 3 1, 57 configurations, 57 cheap failures [4s]
      gap rule w=13 (2,6) reply (1,9): gaps 3 1, 57 configurations, 53 cheap failures [4s]
      gap rule w=13 (2,6) reply (2,9): gaps 3 1, 57 configurations, 56 cheap failures [4s]
      gap rule w=13 (2,6) reply (3,9): gaps 3 1, 57 configurations, 53 cheap failures [4s]
      gap rule w=13 (2,6) reply (4,9): gaps 3 1, 57 configurations, 57 cheap failures [4s]
      gap rule w=13 (2,6) reply (0,10): gaps 3 1, 57 configurations, 53 cheap failures [4s]
      gap rule w=13 (2,6) reply (1,10): gaps 3 1, 57 configurations, 57 cheap failures [4s]
      gap rule w=13 (2,6) reply (2,10): gaps 3 1, 57 configurations, 52 cheap failures [4s]
      gap rule w=13 (2,6) reply (3,10): gaps 3 1, 57 configurations, 57 cheap failures [4s]
      gap rule w=13 (2,6) reply (4,10): gaps 3 1, 57 configurations, 53 cheap failures [4s]
      gap rule w=13 (2,6) reply (0,6): 57 configurations, 25 cheap failures, all closed
w=13 opening (2,6) q=0: {"fam":0,"par":1,"att":0,"bound":"0","type":"G","w":13,"open":[2,6],"white":[0,6],"seams":[],"drops":[],"pieces":[],"sum":"0","target":"0","cmp":"le","board":"ooooob.booooo/booooo.ooooob/.booow.woooow/booooowooooob/ooooooooooooo","gaps":[3,4],"T":6,"subs":[{"fam":0,"par":1,"att":0,"bound":"0","type":"B","w":13,"open":[0,0],"white":null,"seams":[3,5],"drops":[[3,21,10],[5,16,8]],"pieces":[{"cols":[0,3],"src":"x","val":"0","draw":".wob/.ooo/.bob/booo/ooob"},{"cols":[4,5],"src":"x","val":"*","draw":"ob/bo/ow/bo/ob"},{"cols":[6,12],"src":"x","val":"-1/2","draw":".booooo/.ooooob/.woooow/.ooooob/ooooooo"}],"sum":"-1/2+*","target":"0","cmp":"lf","board":"ooooob.booooo/booooo.ooooob/.booow.woooow/booooowooooob/ooooooooooooo","gaps":[3,4]},{"fam":0,"par":1,"att":0,"bound":"0","type":"B","w":13,"open":[1,0],"white":null,"seams":[2,5],"drops":[[2,10,21],[5,16,8]],"pieces":[{"cols":[0,2],"src":"x","val":"-1/2","draw":"woo/.wb/.bo/bob/ooo"},{"cols":[3,5],"src":"x","val":"3/4","draw":"bob/ooo/bow/ooo/bob"},{"cols":[6,12],"src":"x","val":"-1/2","draw":".booooo/.ooooob/.woooow/.ooooob/ooooooo"}],"sum":"-1/4","target":"0","cmp":"lf","board":"ooooob.booooo/booooo.ooooob/.booow.woooow/booooowooooob/ooooooooooooo","gaps":[3,4]},{"fam":0,"par":1,"att":0,"bound":"0","type":"B","w":13,"open":[3,0],"white":null,"seams":[2,5],"drops":[[2,10,21],[5,16,8]],"pieces":[{"cols":[0,2],"src":"x","val":"-1/2","draw":"ooo/bob/.bo/.wb/woo"},{"cols":[3,5],"src":"x","val":"3/4","draw":"bob/ooo/bow/ooo/bob"},{"cols":[6,12],"src":"x","val":"-1/2","draw":".booooo/.ooooob/.woooow/.ooooob/ooooooo"}],"sum":"-1/4","target":"0","cmp":"lf","board":"ooooob.booooo/booooo.ooooob/.booow.woooow/booooowooooob/ooooooooooooo","gaps":[3,4]},{"fam":0,"par":1,"att":0,"bound":"0","type":"B","w":13,"open":[4,0],"white":null,"seams":[3,5],"drops":[[3,21,10],[5,16,8]],"pieces":[{"cols":[0,3],"src":"x","val":"0","draw":"ooob/booo/.bob/.ooo/.wob"},{"cols":[4,5],"src":"x","val":"*","draw":"ob/bo/ow/bo/ob"},{"cols":[6,12],"src":"x","val":"-1/2","draw":".booooo/.ooooob/.woooow/.ooooob/ooooooo"}],"sum":"-1/2+*","target":"0","cmp":"lf","board":"ooooob.booooo/booooo.ooooob/.booow.woooow/booooowooooob/ooooooooooooo","gaps":[3,4]},{"fam":0,"par":1,"att":0,"bound":"0","type":"B","w":13,"open":[0,1],"white":null,"seams":[2,5],"drops":[[2,10,21],[5,24,0]],"pieces":[{"cols":[0,2],"src":"x","val":"-1","draw":"w.w/bwb/.bo/bob/ooo"},{"cols":[3,5],"src":"x","val":"1","draw":"bob/ooo/bow/oob/bob"},{"cols":[6,12],"src":"x","val":"-1/2","draw":".booooo/.ooooob/.woooow/wooooob/ooooooo"}],"sum":"-1/2","target":"0","cmp":"lf","board":"ooooob.booooo/booooo.ooooob/.booow.woooow/booooowooooob/ooooooooooooo","gaps":[3,4]},{"fam":0,"par":1,"att":0,"bound":"0","type":"B","w":13,"open":[1,1],"white":null,"seams":[3,5],"drops":[[3,21,10],[5,16,8]],"pieces":[{"cols":[0,3],"src":"x","val":"0","draw":"owob/..wo/..ob/booo/ooob"},{"cols":[4,5],"src":"x","val":"*","draw":"ob/bo/ow/bo/ob"},{"cols":[6,12],"src":"x","val":"-1/2","draw":".booooo/.ooooob/.woooow/.ooooob/ooooooo"}],"sum":"-1/2+*","target":"0","cmp":"lf","board":"ooooob.booooo/booooo.ooooob/.booow.woooow/booooowooooob/ooooooooooooo","gaps":[3,4]},{"fam":0,"par":1,"att":0,"bound":"0","type":"B","w":13,"open":[2,1],"white":null,"seams":[1,5],"drops":[[1,17,10],[5,0,24]],"pieces":[{"cols":[0,1],"src":"x","val":"0","draw":"ob/bw/../bw/ob"},{"cols":[2,5],"src":"x","val":"-1/2","draw":"ooob/booo/woow/booo/oooo"},{"cols":[6,12],"src":"x","val":"1/4","draw":".booooo/.ooooob/.woooow/.ooooob/boooooo"}],"sum":"-1/4","target":"0","cmp":"lf","board":"ooooob.booooo/booooo.ooooob/.booow.woooow/booooowooooob/ooooooooooooo","gaps":[3,4]},{"fam":0,"par":1,"att":0,"bound":"0","type":"B","w":13,"open":[3,1],"white":null,"seams":[3,5],"drops":[[3,21,10],[5,16,8]],"pieces":[{"cols":[0,3],"src":"x","val":"0","draw":"ooob/booo/..ob/..wo/owob"},{"cols":[4,5],"src":"x","val":"*","draw":"ob/bo/ow/bo/ob"},{"cols":[6,12],"src":"x","val":"-1/2","draw":".booooo/.ooooob/.woooow/.ooooob/ooooooo"}],"sum":"-1/2+*","target":"0","cmp":"lf","board":"ooooob.booooo/booooo.ooooob/.booow.woooow/booooowooooob/ooooooooooooo","gaps":[3,4]},{"fam":0,"par":1,"att":0,"bound":"0","type":"B","w":13,"open":[4,1],"white":null,"seams":[2,5],"drops":[[2,10,21],[5,24,0]],"pieces":[{"cols":[0,2],"src":"x","val":"-1","draw":"ooo/bob/.bo/bwb/w.w"},{"cols":[3,5],"src":"x","val":"1","draw":"bob/ooo/bow/oob/bob"},{"cols":[6,12],"src":"x","val":"-1/2","draw":".booooo/.ooooob/.woooow/wooooob/ooooooo"}],"sum":"-1/2","target":"0","cmp":"lf","board":"ooooob.booooo/booooo.ooooob/.booow.woooow/booooowooooob/ooooooooooooo","gaps":[3,4]},{"fam":0,"par":1,"att":0,"bound":"0","type":"B","w":13,"open":[0,5],"white":[1,5],"seams":[4,5],"drops":[[4,8,16],[5,16,8]],"pieces":[{"cols":[0,4],"src":"x","val":"0","draw":"oooow/booob/.booo/booob/ooooo"},{"cols":[5,5],"src":"x","val":"1/2","draw":"./././o/b"},{"cols":[6,12],"src":"x","val":"-1/2","draw":".booooo/.ooooob/.woooow/.ooooob/ooooooo"}],"sum":"0","target":"0","cmp":"le","board":"ooooob.booooo/booooo.ooooob/.booow.woooow/booooowooooob/ooooooooooooo","gaps":[3,4]},{"fam":0,"par":1,"att":0,"bound":"0","type":"B","w":13,"open":[1,5],"white":null,"seams":[5],"drops":[[5,16,8]],"pieces":[{"cols":[0,5],"src":"x","val":"1/4","draw":"ooooo./booow./.booow/booooo/ooooob"},{"cols":[6,12],"src":"x","val":"-1/2","draw":".booooo/.ooooob/.woooow/.ooooob/ooooooo"}],"sum":"-1/4","target":"0","cmp":"lf","board":"ooooob.booooo/booooo.ooooob/.booow.woooow/booooowooooob/ooooooooooooo","gaps":[3,4]},{"fam":0,"par":1,"att":0,"bound":"0","type":"B","w":13,"open":[3,5],"white":null,"seams":[5],"drops":[[5,16,0]],"pieces":[{"cols":[0,5],"src":"x","val":"1/4","draw":"ooooob/booooo/.booow/booow./ooooo."},{"cols":[6,12],"src":"x","val":"-1/2","draw":".booooo/.ooooob/.woooow/wooooob/ooooooo"}],"sum":"-1/4","target":"0","cmp":"lf","board":"ooooob.booooo/booooo.ooooob/.booow.woooow/booooowooooob/ooooooooooooo","gaps":[3,4]},{"fam":0,"par":1,"att":0,"bound":"0","type":"B","w":13,"open":[4,5],"white":null,"seams":[5],"drops":[[5,8,0]],"pieces":[{"cols":[0,5],"src":"x","val":"0","draw":"ooooob/booooo/.booow/boooo./oooow."},{"cols":[6,12],"src":"x","val":"-3/2","draw":".booooo/.ooooob/.woooow/wooooob/woooooo"}],"sum":"-3/2","target":"0","cmp":"lf","board":"ooooob.booooo/booooo.ooooob/.booow.woooow/booooowooooob/ooooooooooooo","gaps":[3,4]},{"fam":0,"par":1,"att":0,"bound":"0","type":"B","w":13,"open":[4,6],"white":null,"seams":[5],"drops":[[5,8,0]],"pieces":[{"cols":[0,5],"src":"x","val":"1/2","draw":"ooooob/booooo/.booow/boooob/ooooow"},{"cols":[6,12],"src":"x","val":"-3/2","draw":".booooo/.ooooob/.woooow/wooooob/.wooooo"}],"sum":"-1","target":"0","cmp":"lf","board":"ooooob.booooo/booooo.ooooob/.booow.woooow/booooowooooob/ooooooooooooo","gaps":[3,4]},{"fam":0,"par":1,"att":0,"bound":"0","type":"B","w":13,"open":[0,7],"white":null,"seams":[5],"drops":[[5,24,0]],"pieces":[{"cols":[0,5],"src":"x","val":"3/2","draw":"ooooob/booooo/.booow/boooob/ooooob"},{"cols":[6,12],"src":"x","val":"-9/4","draw":"..woooo/.woooob/.woooow/wooooob/ooooooo"}],"sum":"-3/4","target":"0","cmp":"lf","board":"ooooob.booooo/booooo.ooooob/.booow.woooow/booooowooooob/ooooooooooooo","gaps":[3,4]},{"fam":0,"par":1,"att":0,"bound":"0","type":"B","w":13,"open":[1,7],"white":null,"seams":[6],"drops":[[6,8,16]],"pieces":[{"cols":[0,6],"src":"x","val":"1/2","draw":"ooooob./booooo./.booow./booooo./ooooooo"},{"cols":[7,12],"src":"x","val":"-3/4","draw":".ooooo/.wooob/woooow/ooooob/booooo"}],"sum":"-1/4","target":"0","cmp":"lf","board":"ooooob.booooo/booooo.ooooob/.booow.woooow/booooowooooob/ooooooooooooo","gaps":[3,4]},{"fam":0,"par":1,"att":0,"bound":"0","type":"B","w":13,"open":[3,7],"white":null,"seams":[6],"drops":[[6,16,0]],"pieces":[{"cols":[0,6],"src":"x","val":"1/2","draw":"ooooob./booooo./.booow./booooow/oooooob"},{"cols":[7,12],"src":"x","val":"-3/2","draw":"booooo/ooooob/woooow/.wooob/wooooo"}],"sum":"-1","target":"0","cmp":"lf","board":"ooooob.booooo/booooo.ooooob/.booow.woooow/booooowooooob/ooooooooooooo","gaps":[3,4]},{"fam":0,"par":1,"att":0,"bound":"0","type":"B","w":13,"open":[4,7],"white":null,"seams":[5],"drops":[[5,24,0]],"pieces":[{"cols":[0,5],"src":"x","val":"3/2","draw":"ooooob/booooo/.booow/boooob/ooooob"},{"cols":[6,12],"src":"x","val":"-3","draw":".booooo/.ooooob/.woooow/wwoooob/w.woooo"}],"sum":"-3/2","target":"0","cmp":"lf","board":"ooooob.booooo/booooo.ooooob/.booow.woooow/booooowooooob/ooooooooooooo","gaps":[3,4]},{"fam":0,"par":1,"att":0,"bound":"0","type":"B","w":13,"open":[0,12],"white":null,"seams":[3,8],"drops":[[3,21,10],[8,10,21]],"pieces":[{"cols":[0,3],"src":"x","val":"1","draw":"ooob/booo/.bob/booo/ooob"},{"cols":[4,8],"src":"x","val":"*","draw":"ob.bo/bo.ob/ow.wo/bowob/ooooo"},{"cols":[9,12],"src":"x","val":"-1","draw":"bow./ooo./boow/ooob/booo"}],"sum":"*","target":"0","cmp":"lf","board":"ooooob.booooo/booooo.ooooob/.booow.woooow/booooowooooob/ooooooooooooo","gaps":[3,4]},{"fam":0,"par":1,"att":0,"bound":"0","type":"B","w":13,"open":[1,12],"white":null,"seams":[3,8],"drops":[[3,21,10],[8,10,21]],"pieces":[{"cols":[0,3],"src":"x","val":"1","draw":"ooob/booo/.bob/booo/ooob"},{"cols":[4,8],"src":"x","val":"*","draw":"ob.bo/bo.ob/ow.wo/bowob/ooooo"},{"cols":[9,12],"src":"x","val":"-1","draw":"boow/oow./boow/ooob/booo"}],"sum":"*","target":"0","cmp":"lf","board":"ooooob.booooo/booooo.ooooob/.booow.woooow/booooowooooob/ooooooooooooo","gaps":[3,4]},{"fam":0,"par":1,"att":0,"bound":"0","type":"B","w":13,"open":[3,12],"white":null,"seams":[3,8],"drops":[[3,21,10],[8,10,21]],"pieces":[{"cols":[0,3],"src":"x","val":"1","draw":"ooob/booo/.bob/booo/ooob"},{"cols":[4,8],"src":"x","val":"*","draw":"ob.bo/bo.ob/ow.wo/bowob/ooooo"},{"cols":[9,12],"src":"x","val":"-1","draw":"booo/ooob/boow/oow./boow"}],"sum":"*","target":"0","cmp":"lf","board":"ooooob.booooo/booooo.ooooob/.booow.woooow/booooowooooob/ooooooooooooo","gaps":[3,4]},{"fam":0,"par":1,"att":0,"bound":"0","type":"B","w":13,"open":[4,12],"white":null,"seams":[3,8],"drops":[[3,21,10],[8,10,21]],"pieces":[{"cols":[0,3],"src":"x","val":"1","draw":"ooob/booo/.bob/booo/ooob"},{"cols":[4,8],"src":"x","val":"*","draw":"ob.bo/bo.ob/ow.wo/bowob/ooooo"},{"cols":[9,12],"src":"x","val":"-1","draw":"booo/ooob/boow/ooo./bow."}],"sum":"*","target":"0","cmp":"lf","board":"ooooob.booooo/booooo.ooooob/.booow.woooow/booooowooooob/ooooooooooooo","gaps":[3,4]},{"fam":0,"par":1,"att":0,"bound":"0","type":"B","w":13,"open":[0,2],"white":null,"seams":[3,5],"drops":[[3,21,10],[5,16,8]],"pieces":[{"cols":[0,3],"src":"x","val":"1/4","draw":"ow../bowo/.bob/booo/ooob"},{"cols":[4,5],"src":"x","val":"*","draw":"ob/bo/ow/bo/ob"},{"cols":[6,12],"src":"x","val":"-1/2","draw":".booooo/.ooooob/.woooow/.ooooob/ooooooo"}],"sum":"-1/4+*","target":"0","cmp":"lf","board":"ooooob.booooo/booooo.ooooob/.booow.woooow/booooowooooob/ooooooooooooo","gaps":[3,4]},{"fam":0,"par":1,"att":0,"bound":"0","type":"B","w":13,"open":[1,2],"white":null,"seams":[3,5],"drops":[[3,21,10],[5,16,8]],"pieces":[{"cols":[0,3],"src":"x","val":"0","draw":"oowb/bw.w/.bwb/booo/ooob"},{"cols":[4,5],"src":"x","val":"*","draw":"ob/bo/ow/bo/ob"},{"cols":[6,12],"src":"x","val":"-1/2","draw":".booooo/.ooooob/.woooow/.ooooob/ooooooo"}],"sum":"-1/2+*","target":"0","cmp":"lf","board":"ooooob.booooo/booooo.ooooob/.booow.woooow/booooowooooob/ooooooooooooo","gaps":[3,4]},{"fam":0,"par":1,"att":0,"bound":"0","type":"B","w":13,"open":[2,2],"white":null,"seams":[3,5],"drops":[[3,21,10],[5,16,8]],"pieces":[{"cols":[0,3],"src":"x","val":"0","draw":"ooob/bowo/..../bowo/ooob"},{"cols":[4,5],"src":"x","val":"*","draw":"ob/bo/ow/bo/ob"},{"cols":[6,12],"src":"x","val":"-1/2","draw":".booooo/.ooooob/.woooow/.ooooob/ooooooo"}],"sum":"-1/2+*","target":"0","cmp":"lf","board":"ooooob.booooo/booooo.ooooob/.booow.woooow/booooowooooob/ooooooooooooo","gaps":[3,4]},{"fam":0,"par":1,"att":0,"bound":"0","type":"B","w":13,"open":[3,2],"white":null,"seams":[3,5],"drops":[[3,21,10],[5,16,8]],"pieces":[{"cols":[0,3],"src":"x","val":"0","draw":"ooob/booo/.bwb/bw.w/oowb"},{"cols":[4,5],"src":"x","val":"*","draw":"ob/bo/ow/bo/ob"},{"cols":[6,12],"src":"x","val":"-1/2","draw":".booooo/.ooooob/.woooow/.ooooob/ooooooo"}],"sum":"-1/2+*","target":"0","cmp":"lf","board":"ooooob.booooo/booooo.ooooob/.booow.woooow/booooowooooob/ooooooooooooo","gaps":[3,4]},{"fam":0,"par":1,"att":0,"bound":"0","type":"B","w":13,"open":[4,2],"white":null,"seams":[3,5],"drops":[[3,21,10],[5,16,8]],"pieces":[{"cols":[0,3],"src":"x","val":"1/4","draw":"ooob/booo/.bob/bowo/ow.."},{"cols":[4,5],"src":"x","val":"*","draw":"ob/bo/ow/bo/ob"},{"cols":[6,12],"src":"x","val":"-1/2","draw":".booooo/.ooooob/.woooow/.ooooob/ooooooo"}],"sum":"-1/4+*","target":"0","cmp":"lf","board":"ooooob.booooo/booooo.ooooob/.booow.woooow/booooowooooob/ooooooooooooo","gaps":[3,4]},{"fam":0,"par":1,"att":0,"bound":"0","type":"B","w":13,"open":[0,3],"white":null,"seams":[4,5],"drops":[[4,10,20],[5,16,8]],"pieces":[{"cols":[0,4],"src":"x","val":"-1","draw":"oow.w/boowb/.booo/booob/ooooo"},{"cols":[5,5],"src":"x","val":"1","draw":"b/o/./o/b"},{"cols":[6,12],"src":"x","val":"-1/2","draw":".booooo/.ooooob/.woooow/.ooooob/ooooooo"}],"sum":"-1/2","target":"0","cmp":"lf","board":"ooooob.booooo/booooo.ooooob/.booow.woooow/booooowooooob/ooooooooooooo","gaps":[3,4]},{"fam":0,"par":1,"att":0,"bound":"0","type":"B","w":13,"open":[1,3],"white":null,"seams":[5],"drops":[[5,16,8]],"pieces":[{"cols":[0,5],"src":"x","val":"1/8","draw":"ooowob/bow.wo/.bowow/booooo/ooooob"},{"cols":[6,12],"src":"x","val":"-1/2","draw":".booooo/.ooooob/.woooow/.ooooob/ooooooo"}],"sum":"-3/8","target":"0","cmp":"lf","board":"ooooob.booooo/booooo.ooooob/.booow.woooow/booooowooooob/ooooooooooooo","gaps":[3,4]},{"fam":0,"par":1,"att":0,"bound":"0","type":"B","w":13,"open":[2,3],"white":null,"seams":[4,5],"drops":[[4,10,20],[5,16,8]],"pieces":[{"cols":[0,4],"src":"x","val":"-1","draw":"ooooo/boowb/.bw.w/boowb/ooooo"},{"cols":[5,5],"src":"x","val":"1","draw":"b/o/./o/b"},{"cols":[6,12],"src":"x","val":"-1/2","draw":".booooo/.ooooob/.woooow/.ooooob/ooooooo"}],"sum":"-1/2","target":"0","cmp":"lf","board":"ooooob.booooo/booooo.ooooob/.booow.woooow/booooowooooob/ooooooooooooo","gaps":[3,4]},{"fam":0,"par":1,"att":0,"bound":"0","type":"B","w":13,"open":[3,3],"white":null,"seams":[5],"drops":[[5,16,8]],"pieces":[{"cols":[0,5],"src":"x","val":"1/8","draw":"ooooob/booooo/.bowow/bow.wo/ooowob"},{"cols":[6,12],"src":"x","val":"-1/2","draw":".booooo/.ooooob/.woooow/.ooooob/ooooooo"}],"sum":"-3/8","target":"0","cmp":"lf","board":"ooooob.booooo/booooo.ooooob/.booow.woooow/booooowooooob/ooooooooooooo","gaps":[3,4]},{"fam":0,"par":1,"att":0,"bound":"0","type":"B","w":13,"open":[4,3],"white":null,"seams":[4,5],"drops":[[4,10,20],[5,16,8]],"pieces":[{"cols":[0,4],"src":"x","val":"-1","draw":"ooooo/booob/.booo/boowb/oow.w"},{"cols":[5,5],"src":"x","val":"1","draw":"b/o/./o/b"},{"cols":[6,12],"src":"x","val":"-1/2","draw":".booooo/.ooooob/.woooow/.ooooob/ooooooo"}],"sum":"-1/2","target":"0","cmp":"lf","board":"ooooob.booooo/booooo.ooooob/.booow.woooow/booooowooooob/ooooooooooooo","gaps":[3,4]},{"fam":0,"par":1,"att":0,"bound":"0","type":"B","w":13,"open":[0,4],"white":null,"seams":[5],"drops":[[5,16,8]],"pieces":[{"cols":[0,5],"src":"x","val":"1/4","draw":"ooow../booowo/.booow/booooo/ooooob"},{"cols":[6,12],"src":"x","val":"-1/2","draw":".booooo/.ooooob/.woooow/.ooooob/ooooooo"}],"sum":"-1/4","target":"0","cmp":"lf","board":"ooooob.booooo/booooo.ooooob/.booow.woooow/booooowooooob/ooooooooooooo","gaps":[3,4]},{"fam":0,"par":1,"att":0,"bound":"0","type":"B","w":13,"open":[1,4],"white":[1,5],"seams":[4,5],"drops":[[4,8,16],[5,16,8]],"pieces":[{"cols":[0,4],"src":"x","val":"-1","draw":"oooow/boow./.boow/booob/ooooo"},{"cols":[5,5],"src":"x","val":"3/2","draw":"b/././o/b"},{"cols":[6,12],"src":"x","val":"-1/2","draw":".booooo/.ooooob/.woooow/.ooooob/ooooooo"}],"sum":"0","target":"0","cmp":"le","board":"ooooob.booooo/booooo.ooooob/.booow.woooow/booooowooooob/ooooooooooooo","gaps":[3,4]},{"fam":0,"par":1,"att":0,"bound":"0","type":"B","w":13,"open":[2,4],"white":null,"seams":[5],"drops":[[5,8,16]],"pieces":[{"cols":[0,5],"src":"x","val":"1/4","draw":"ooooob/booowo/.bow.w/booowb/oooooo"},{"cols":[6,12],"src":"x","val":"-1/2","draw":".booooo/.ooooob/.woooow/wooooob/boooooo"}],"sum":"-1/4","target":"0","cmp":"lf","board":"ooooob.booooo/booooo.ooooob/.booow.woooow/booooowooooob/ooooooooooooo","gaps":[3,4]},{"fam":0,"par":1,"att":0,"bound":"0","type":"B","w":13,"open":[3,4],"white":[1,5],"seams":[4,5],"drops":[[4,0,16],[5,16,8]],"pieces":[{"cols":[0,4],"src":"x","val":"-1","draw":"ooooo/booob/.boow/boow./oooow"},{"cols":[5,5],"src":"x","val":"1","draw":"b/././w/b"},{"cols":[6,12],"src":"x","val":"-1/2","draw":".booooo/.ooooob/.woooow/.ooooob/ooooooo"}],"sum":"-1/2","target":"0","cmp":"le","board":"ooooob.booooo/booooo.ooooob/.booow.woooow/booooowooooob/ooooooooooooo","gaps":[3,4]},{"fam":0,"par":1,"att":0,"bound":"0","type":"B","w":13,"open":[4,4],"white":null,"seams":[5],"drops":[[5,16,8]],"pieces":[{"cols":[0,5],"src":"x","val":"1/4","draw":"ooooob/booooo/.booow/booowo/ooow.."},{"cols":[6,12],"src":"x","val":"-1/2","draw":".booooo/.ooooob/.woooow/.ooooob/ooooooo"}],"sum":"-1/4","target":"0","cmp":"lf","board":"ooooob.booooo/booooo.ooooob/.booow.woooow/booooowooooob/ooooooooooooo","gaps":[3,4]},{"fam":0,"par":1,"att":0,"bound":"0","type":"B","w":13,"open":[0,8],"white":null,"seams":[5],"drops":[[5,16,8]],"pieces":[{"cols":[0,5],"src":"x","val":"3/4","draw":"ooooob/booooo/.booow/booooo/ooooob"},{"cols":[6,12],"src":"x","val":"-7/8","draw":"...wooo/.owooob/.woooow/.ooooob/ooooooo"}],"sum":"-1/8","target":"0","cmp":"lf","board":"ooooob.booooo/booooo.ooooob/.booow.woooow/booooowooooob/ooooooooooooo","gaps":[3,4]},{"fam":0,"par":1,"att":0,"bound":"0","type":"B","w":13,"open":[1,8],"white":null,"seams":[5],"drops":[[5,24,0]],"pieces":[{"cols":[0,5],"src":"x","val":"3/2","draw":"ooooob/booooo/.booow/boooob/ooooob"},{"cols":[6,12],"src":"x","val":"-5/2","draw":".bwoooo/.w.woob/.wwooow/wooooob/ooooooo"}],"sum":"-1","target":"0","cmp":"lf","board":"ooooob.booooo/booooo.ooooob/.booow.woooow/booooowooooob/ooooooooooooo","gaps":[3,4]},{"fam":0,"par":1,"att":0,"bound":"0","type":"B","w":13,"open":[2,8],"white":null,"seams":[6],"drops":[[6,16,8]],"pieces":[{"cols":[0,6],"src":"x","val":"1/2","draw":"ooooob./booooo./.booow./booooow/oooooob"},{"cols":[7,12],"src":"x","val":"-3/4","draw":"booooo/owooob/w.woow/bwooob/oooooo"}],"sum":"-1/4","target":"0","cmp":"lf","board":"ooooob.booooo/booooo.ooooob/.booow.woooow/booooowooooob/ooooooooooooo","gaps":[3,4]},{"fam":0,"par":1,"att":0,"bound":"0","type":"B","w":13,"open":[3,8],"white":null,"seams":[5],"drops":[[5,24,0]],"pieces":[{"cols":[0,5],"src":"x","val":"3/2","draw":"ooooob/booooo/.booow/boooob/ooooob"},{"cols":[6,12],"src":"x","val":"-5/2","draw":".booooo/.ooooob/.wwooow/ww.woob/oowoooo"}],"sum":"-1","target":"0","cmp":"lf","board":"ooooob.booooo/booooo.ooooob/.booow.woooow/booooowooooob/ooooooooooooo","gaps":[3,4]},{"fam":0,"par":1,"att":0,"bound":"0","type":"B","w":13,"open":[4,8],"white":null,"seams":[5],"drops":[[5,16,8]],"pieces":[{"cols":[0,5],"src":"x","val":"3/4","draw":"ooooob/booooo/.booow/booooo/ooooob"},{"cols":[6,12],"src":"x","val":"-1","draw":".booooo/.ooooob/.woooow/.owooob/ow.wooo"}],"sum":"-1/4","target":"0","cmp":"lf","board":"ooooob.booooo/booooo.ooooob/.booow.woooow/booooowooooob/ooooooooooooo","gaps":[3,4]},{"fam":0,"par":1,"att":0,"bound":"0","type":"B","w":13,"open":[0,9],"white":null,"seams":[5],"drops":[[5,24,0]],"pieces":[{"cols":[0,5],"src":"x","val":"3/2","draw":"ooooob/booooo/.booow/boooob/ooooob"},{"cols":[6,12],"src":"x","val":"-5/2","draw":".bw.woo/.oowoob/.woooow/wooooob/ooooooo"}],"sum":"-1","target":"0","cmp":"lf","board":"ooooob.booooo/booooo.ooooob/.booow.woooow/booooowooooob/ooooooooooooo","gaps":[3,4]},{"fam":0,"par":1,"att":0,"bound":"0","type":"B","w":13,"open":[1,9],"white":null,"seams":[5],"drops":[[5,16,8]],"pieces":[{"cols":[0,5],"src":"x","val":"3/4","draw":"ooooob/booooo/.booow/booooo/ooooob"},{"cols":[6,12],"src":"x","val":"-1","draw":".bowooo/.ow.wob/.wowoow/.ooooob/ooooooo"}],"sum":"-1/4","target":"0","cmp":"lf","board":"ooooob.booooo/booooo.ooooob/.booow.woooow/booooowooooob/ooooooooooooo","gaps":[3,4]},{"fam":0,"par":1,"att":0,"bound":"0","type":"B","w":13,"open":[2,9],"white":null,"seams":[5],"drops":[[5,24,0]],"pieces":[{"cols":[0,5],"src":"x","val":"3/2","draw":"ooooob/booooo/.booow/boooob/ooooob"},{"cols":[6,12],"src":"x","val":"-5/2","draw":".booooo/.oowoob/.ww.wow/woowoob/ooooooo"}],"sum":"-1","target":"0","cmp":"lf","board":"ooooob.booooo/booooo.ooooob/.booow.woooow/booooowooooob/ooooooooooooo","gaps":[3,4]},{"fam":0,"par":1,"att":0,"bound":"0","type":"B","w":13,"open":[3,9],"white":null,"seams":[5],"drops":[[5,16,8]],"pieces":[{"cols":[0,5],"src":"x","val":"3/4","draw":"ooooob/booooo/.booow/booooo/ooooob"},{"cols":[6,12],"src":"x","val":"-1","draw":".booooo/.ooooob/.wowoow/.ow.wob/ooowooo"}],"sum":"-1/4","target":"0","cmp":"lf","board":"ooooob.booooo/booooo.ooooob/.booow.woooow/booooowooooob/ooooooooooooo","gaps":[3,4]},{"fam":0,"par":1,"att":0,"bound":"0","type":"B","w":13,"open":[4,9],"white":null,"seams":[5],"drops":[[5,24,0]],"pieces":[{"cols":[0,5],"src":"x","val":"3/2","draw":"ooooob/booooo/.booow/boooob/ooooob"},{"cols":[6,12],"src":"x","val":"-5/2","draw":".booooo/.ooooob/.woooow/woowoob/oow.woo"}],"sum":"-1","target":"0","cmp":"lf","board":"ooooob.booooo/booooo.ooooob/.booow.woooow/booooowooooob/ooooooooooooo","gaps":[3,4]},{"fam":0,"par":1,"att":0,"bound":"0","type":"B","w":13,"open":[0,10],"white":null,"seams":[5],"drops":[[5,16,8]],"pieces":[{"cols":[0,5],"src":"x","val":"3/4","draw":"ooooob/booooo/.booow/booooo/ooooob"},{"cols":[6,12],"src":"x","val":"-1","draw":".bow.wo/.ooowob/.woooow/.ooooob/ooooooo"}],"sum":"-1/4","target":"0","cmp":"lf","board":"ooooob.booooo/booooo.ooooob/.booow.woooow/booooowooooob/ooooooooooooo","gaps":[3,4]},{"fam":0,"par":1,"att":0,"bound":"0","type":"B","w":13,"open":[1,10],"white":null,"seams":[5],"drops":[[5,24,0]],"pieces":[{"cols":[0,5],"src":"x","val":"3/2","draw":"ooooob/booooo/.booow/boooob/ooooob"},{"cols":[6,12],"src":"x","val":"-5/2","draw":".boowoo/.oow.wb/.woowow/wooooob/ooooooo"}],"sum":"-1","target":"0","cmp":"lf","board":"ooooob.booooo/booooo.ooooob/.booow.woooow/booooowooooob/ooooooooooooo","gaps":[3,4]},{"fam":0,"par":1,"att":0,"bound":"0","type":"B","w":13,"open":[2,10],"white":null,"seams":[5],"drops":[[5,16,8]],"pieces":[{"cols":[0,5],"src":"x","val":"3/4","draw":"ooooob/booooo/.booow/booooo/ooooob"},{"cols":[6,12],"src":"x","val":"-1","draw":".booooo/.ooowob/.wow.ww/.ooowob/ooooooo"}],"sum":"-1/4","target":"0","cmp":"lf","board":"ooooob.booooo/booooo.ooooob/.booow.woooow/booooowooooob/ooooooooooooo","gaps":[3,4]},{"fam":0,"par":1,"att":0,"bound":"0","type":"B","w":13,"open":[3,10],"white":null,"seams":[5],"drops":[[5,24,0]],"pieces":[{"cols":[0,5],"src":"x","val":"3/2","draw":"ooooob/booooo/.booow/boooob/ooooob"},{"cols":[6,12],"src":"x","val":"-5/2","draw":".booooo/.ooooob/.woowow/woow.wb/oooowoo"}],"sum":"-1","target":"0","cmp":"lf","board":"ooooob.booooo/booooo.ooooob/.booow.woooow/booooowooooob/ooooooooooooo","gaps":[3,4]},{"fam":0,"par":1,"att":0,"bound":"0","type":"B","w":13,"open":[4,10],"white":null,"seams":[5],"drops":[[5,16,8]],"pieces":[{"cols":[0,5],"src":"x","val":"3/4","draw":"ooooob/booooo/.booow/booooo/ooooob"},{"cols":[6,12],"src":"x","val":"-1","draw":".booooo/.ooooob/.woooow/.ooowob/ooow.wo"}],"sum":"-1/4","target":"0","cmp":"lf","board":"ooooob.booooo/booooo.ooooob/.booow.woooow/booooowooooob/ooooooooooooo","gaps":[3,4]},{"fam":0,"par":1,"att":0,"bound":"0","type":"B","w":13,"open":[0,11],"white":null,"seams":[5],"drops":[[5,24,0]],"pieces":[{"cols":[0,5],"src":"x","val":"3/2","draw":"ooooob/booooo/.booow/boooob/ooooob"},{"cols":[6,12],"src":"x","val":"-2","draw":".boow.w/.oooowb/.woooow/wooooob/ooooooo"}],"sum":"-1/2","target":"0","cmp":"lf","board":"ooooob.booooo/booooo.ooooob/.booow.woooow/booooowooooob/ooooooooooooo","gaps":[3,4]},{"fam":0,"par":1,"att":0,"bound":"0","type":"B","w":13,"open":[1,11],"white":null,"seams":[5],"drops":[[5,16,8]],"pieces":[{"cols":[0,5],"src":"x","val":"3/4","draw":"ooooob/booooo/.booow/booooo/ooooob"},{"cols":[6,12],"src":"x","val":"-1","draw":".booowo/.ooow../.woooww/.ooooob/ooooooo"}],"sum":"-1/4","target":"0","cmp":"lf","board":"ooooob.booooo/booooo.ooooob/.booow.woooow/booooowooooob/ooooooooooooo","gaps":[3,4]},{"fam":0,"par":1,"att":0,"bound":"0","type":"B","w":13,"open":[2,11],"white":null,"seams":[2,7],"drops":[[2,10,21],[7,20,10]],"pieces":[{"cols":[0,2],"src":"x","val":"1/2","draw":"ooo/bob/.bo/bob/ooo"},{"cols":[3,7],"src":"x","val":"1","draw":"bob.b/ooo.o/bow../ooowo/booob"},{"cols":[8,12],"src":"x","val":"-2","draw":"ooooo/boowb/oow.w/boowb/ooooo"}],"sum":"-1/2","target":"0","cmp":"lf","board":"ooooob.booooo/booooo.ooooob/.booow.woooow/booooowooooob/ooooooooooooo","gaps":[3,4]},{"fam":0,"par":1,"att":0,"bound":"0","type":"B","w":13,"open":[3,11],"white":null,"seams":[5],"drops":[[5,16,8]],"pieces":[{"cols":[0,5],"src":"x","val":"3/4","draw":"ooooob/booooo/.booow/booooo/ooooob"},{"cols":[6,12],"src":"x","val":"-1","draw":".booooo/.ooooob/.woooww/.ooow../ooooowo"}],"sum":"-1/4","target":"0","cmp":"lf","board":"ooooob.booooo/booooo.ooooob/.booow.woooow/booooowooooob/ooooooooooooo","gaps":[3,4]},{"fam":0,"par":1,"att":0,"bound":"0","type":"B","w":13,"open":[4,11],"white":null,"seams":[5],"drops":[[5,24,0]],"pieces":[{"cols":[0,5],"src":"x","val":"3/2","draw":"ooooob/booooo/.booow/boooob/ooooob"},{"cols":[6,12],"src":"x","val":"-2","draw":".booooo/.ooooob/.woooow/woooowb/oooow.w"}],"sum":"-1/2","target":"0","cmp":"lf","board":"ooooob.booooo/booooo.ooooob/.booow.woooow/booooowooooob/ooooooooooooo","gaps":[3,4]}]}  [4s]
w=21 opening (2,6): trying gap-representative two-round rule, T=6 [4s]
      gap rule w=21 (2,6) reply (0,2): gaps 1 12, 167 configurations, 167 cheap failures [4s]
      gap rule w=21 (2,6) reply (1,2): gaps 1 12, 167 configurations, 167 cheap failures [4s]
      gap rule w=21 (2,6) reply (2,2): gaps 1 12, 167 configurations, 167 cheap failures [4s]
      gap rule w=21 (2,6) reply (3,2): gaps 1 12, 167 configurations, 167 cheap failures [4s]
      gap rule w=21 (2,6) reply (4,2): gaps 1 12, 167 configurations, 167 cheap failures [5s]
      gap rule w=21 (2,6) reply (0,3): gaps 12, 167 configurations, 167 cheap failures [5s]
      gap rule w=21 (2,6) reply (1,3): gaps 12, 167 configurations, 167 cheap failures [5s]
      gap rule w=21 (2,6) reply (2,3): gaps 12, 167 configurations, 167 cheap failures [5s]
      gap rule w=21 (2,6) reply (3,3): gaps 12, 167 configurations, 167 cheap failures [5s]
      gap rule w=21 (2,6) reply (4,3): gaps 12, 167 configurations, 167 cheap failures [5s]
      gap rule w=21 (2,6) reply (0,4): gaps 1 12, 167 configurations, 167 cheap failures [5s]
      gap rule w=21 (2,6) reply (1,4): gaps 1 12, 167 configurations, 167 cheap failures [5s]
      gap rule w=21 (2,6) reply (2,4): gaps 1 12, 167 configurations, 167 cheap failures [5s]
      gap rule w=21 (2,6) reply (3,4): gaps 1 12, 167 configurations, 167 cheap failures [5s]
      gap rule w=21 (2,6) reply (4,4): gaps 1 12, 167 configurations, 167 cheap failures [5s]
      gap rule w=21 (2,6) reply (0,5): gaps 2 12, 167 configurations, 167 cheap failures [5s]
      gap rule w=21 (2,6) reply (1,5): gaps 2 12, 167 configurations, 167 cheap failures [6s]
      gap rule w=21 (2,6) reply (2,5): gaps 2 12, 168 configurations, 168 cheap failures [6s]
      gap rule w=21 (2,6) reply (3,5): gaps 2 12, 167 configurations, 167 cheap failures [6s]
      gap rule w=21 (2,6) reply (4,5): gaps 2 12, 167 configurations, 167 cheap failures [6s]
      gap rule w=21 (2,6) reply (0,6): gaps 3 12, 167 configurations, 167 cheap failures [6s]
      gap rule w=21 (2,6) reply (1,6): gaps 3 12, 168 configurations, 168 cheap failures [6s]
      gap rule w=21 (2,6) reply (3,6): gaps 3 12, 168 configurations, 168 cheap failures [6s]
      gap rule w=21 (2,6) reply (4,6): gaps 3 12, 167 configurations, 167 cheap failures [6s]
      gap rule w=21 (2,6) reply (0,7): gaps 3 11, 157 configurations, 157 cheap failures [6s]
      gap rule w=21 (2,6) reply (1,7): gaps 3 11, 157 configurations, 157 cheap failures [6s]
      gap rule w=21 (2,6) reply (2,7): gaps 3 11, 158 configurations, 158 cheap failures [7s]
      gap rule w=21 (2,6) reply (3,7): gaps 3 11, 157 configurations, 157 cheap failures [7s]
      gap rule w=21 (2,6) reply (4,7): gaps 3 11, 157 configurations, 157 cheap failures [7s]
      gap rule w=21 (2,6) reply (0,8): gaps 3 10, 177 configurations, 177 cheap failures [7s]
      gap rule w=21 (2,6) reply (1,8): gaps 3 10, 177 configurations, 177 cheap failures [7s]
      gap rule w=21 (2,6) reply (2,8): gaps 3 10, 177 configurations, 177 cheap failures [7s]
      gap rule w=21 (2,6) reply (3,8): gaps 3 10, 177 configurations, 177 cheap failures [7s]
      gap rule w=21 (2,6) reply (4,8): gaps 3 10, 177 configurations, 177 cheap failures [7s]
      gap rule w=21 (2,6) reply (0,9): gaps 3 9, 167 configurations, 167 cheap failures [7s]
      gap rule w=21 (2,6) reply (1,9): gaps 3 9, 167 configurations, 167 cheap failures [8s]
      gap rule w=21 (2,6) reply (2,9): gaps 3 9, 167 configurations, 167 cheap failures [8s]
      gap rule w=21 (2,6) reply (3,9): gaps 3 9, 167 configurations, 167 cheap failures [8s]
      gap rule w=21 (2,6) reply (4,9): gaps 3 9, 167 configurations, 167 cheap failures [8s]
      gap rule w=21 (2,6) reply (0,10): gaps 3 1 8, 187 configurations, 187 cheap failures [8s]
      gap rule w=21 (2,6) reply (1,10): gaps 3 1 8, 187 configurations, 187 cheap failures [8s]
      gap rule w=21 (2,6) reply (2,10): gaps 3 1 8, 187 configurations, 187 cheap failures [8s]
      gap rule w=21 (2,6) reply (3,10): gaps 3 1 8, 187 configurations, 187 cheap failures [8s]
      gap rule w=21 (2,6) reply (4,10): gaps 3 1 8, 187 configurations, 187 cheap failures [8s]
  new family #1 piece values(w6,w7)=(0,1/2)  w7=b.boooo/wboooob/.woooow/wooooob/ooooooo
  new family #2 piece values(w6,w7)=(2,11/4)  w7=b.boooo/.boooob/.woooow/.ooooob/boooooo
  new family #3 piece values(w6,w7)=(3/2,15/8)  w7=b.boooo/.boooob/.woooow/.ooooob/ooooooo
  new family #4 piece values(w6,w7)=(0,3/4)  w7=b.boooo/wboooob/.woooow/wooooob/boooooo
  new family #5 piece values(w6,w7)=(1,3/2)  w7=b.boooo/.boooob/.woooow/wooooob/ooooooo
  new family #6 piece values(w6,w7)=(1/2,7/8)  w7=b.boooo/wboooob/.woooow/.ooooob/ooooooo
  new family #7 piece values(w6,w7)=(1,7/4)  w7=b.boooo/.boooob/.woooow/wooooob/boooooo
  new family #8 piece values(w6,w7)=(1,7/4)  w7=b.boooo/wboooob/.woooow/.ooooob/boooooo
  new family #9 piece values(w6,w7)=(3/4,0)  w7=.booooo/booooob/wooooow/oooooob/ooooooo
  new family #10 piece values(w6,w7)=(3/2,1)  w7=.booooo/booooob/wooooow/booooob/boooooo
  new family #11 piece values(w6,w7)=(1,1)  w7=.booooo/booooob/wooooow/oooooob/boooooo
  new family #12 piece values(w6,w7)=(1,0)  w7=.booooo/booooob/wooooow/booooob/ooooooo
  new family #13 piece values(w6,w7)=(1,1)  w7=woooob./.wooowb/.boow../boooowb/oooooob
  new family #14 piece values(w6,w7)=(0,0)  w7=boooooo/oooooob/oooooow/oooooob/ooooooo
  new family #15 piece values(w6,w7)=(-1/2,-1)  w7=woooob./.wooowb/.boow.w/boooowo/ooooooo
  new family #16 piece values(w6,w7)=(1,2)  w7=boooooo/oooooob/booooow/booooob/boooooo
  new family #17 piece values(w6,w7)=(1,1)  w7=ooooob./boooowb/.boow../.wooowb/wooooob
  new family #18 piece values(w6,w7)=(-1/2,-1)  w7=ooooob./boooowb/.boow.w/.wooowo/woooooo
  new family #19 piece values(w6,w7)=(1/2,1/2)  w7=ooooob./boooowb/.boow../.wooowo/wooooob
  new family #20 piece values(w6,w7)=(1/2,0)  w7=boooooo/oooooob/oooooow/booooob/ooooooo
  new family #21 piece values(w6,w7)=(-1/2,-1)  w7=ooooob./boooowb/.boow.w/.wooowb/woooooo
  new family #22 piece values(w6,w7)=(0,1)  w7=boooooo/oooooob/booooow/oooooob/boooooo
  new family #23 piece values(w6,w7)=(0,0)  w7=ooooob./boooowb/.boow.w/.wooowb/wooooob
  new family #24 piece values(w6,w7)=(0,1)  w7=boooooo/oooooob/booooow/oooooob/ooooooo
  new family #25 piece values(w6,w7)=(2,1)  w7=.wooob./.oooowb/.boow../boooowb/oooooob
  new family #26 piece values(w6,w7)=(1/2,-1)  w7=.wooob./.oooowb/.boow.w/boooowo/ooooooo
  new family #27 piece values(w6,w7)=(1/2,1/2)  w7=woooob./.wooowb/.boow../boooowo/oooooob
  new family #28 piece values(w6,w7)=(-1/2,-1)  w7=woooob./.wooowb/.boow.w/boooowb/ooooooo
  new family #29 piece values(w6,w7)=(0,0)  w7=woooob./.wooowb/.boow.w/boooowb/oooooob
  new family #30 piece values(w6,w7)=(0,0)  w7=woooob./.wooowb/.boow.w/boooowo/oooooob
  new family #31 piece values(w6,w7)=(1/2,1)  w7=boooooo/oooooob/booooow/booooob/ooooooo
  new family #32 piece values(w6,w7)=(1/2,0)  w7=woooob./.wooowb/.boow../boooowb/ooooooo
  new family #33 piece values(w6,w7)=(0,1)  w7=boooooo/oooooob/oooooow/oooooob/boooooo
  new family #34 piece values(w6,w7)=(1/4,0)  w7=woooob./.wooowb/.boow../boooowo/ooooooo
  new family #35 piece values(w6,w7)=(5/4,1/2)  w7=.wooob./.oooowb/.boow../boooowo/oooooob
  new family #36 piece values(w6,w7)=(1/2,-1)  w7=.wooob./.oooowb/.boow.w/boooowb/ooooooo
  new family #37 piece values(w6,w7)=(1,0)  w7=.wooob./.oooowb/.boow.w/boooowb/oooooob
  new family #38 piece values(w6,w7)=(1,0)  w7=.wooob./.oooowb/.boow.w/boooowo/oooooob
  new family #39 piece values(w6,w7)=(3/2,0)  w7=.wooob./.oooowb/.boow../boooowb/ooooooo
  new family #40 piece values(w6,w7)=(1,0)  w7=.wooob./.oooowb/.boow../boooowo/ooooooo
  new family #41 piece values(w6,w7)=(1,1)  w7=boooooo/oooooob/oooooow/booooob/boooooo
  new family #42 piece values(w6,w7)=(3,2)  w7=.wooob./.ooob.b/.boow../boooowb/oooooob
  new family #43 piece values(w6,w7)=(3/2,0)  w7=.wooob./.ooob.b/.boow.w/boooowo/ooooooo
  new family #44 piece values(w6,w7)=(5/2,3/2)  w7=.wooob./.ooob.b/.boow../boooowo/oooooob
  new family #45 piece values(w6,w7)=(3/2,0)  w7=.wooob./.ooob.b/.boow.w/boooowb/ooooooo
  new family #46 piece values(w6,w7)=(2,1)  w7=.wooob./.ooob.b/.boow.w/boooowb/oooooob
  new family #47 piece values(w6,w7)=(2,1)  w7=.wooob./.ooob.b/.boow.w/boooowo/oooooob
  new family #48 piece values(w6,w7)=(5/2,1)  w7=.wooob./.ooob.b/.boow../boooowb/ooooooo
      gap rule w=21 (2,6) reply (0,7): 157 configurations, 157 cheap failures, stuck after 0: gaps [3,7] second move (3,0) on oooooob.boooooooo/booooowboooooooob/.booow.woooooooow/booooowooooooooob/ooooooooooooooooo
