  new family #0 KD beta(even,odd)=(1,0)  w7=ooooooo/booooob/.boooow/booooob/ooooooo
check F0 parity 0 (beta 1)  [families 1, queue 1, searches 4, 9s]
  new family #1 piece beta(even,odd)=(0,0)  w7=woooooo/oooooob/booooow/oooooob/ooooooo
  new family #2 piece beta(even,odd)=(0,0)  w7=woooooo/oooooob/booooow/oooooob/boooooo
  new family #3 piece beta(even,odd)=(0,0)  w7=ooooooo/oooooob/oooooow/oooooob/ooooooo
  new family #4 piece beta(even,odd)=(2,2)  w7=boooooo/booooob/oooooow/booooob/boooooo
  new family #5 piece beta(even,odd)=(1,0)  w7=ooooooo/booooob/oooooow/booooob/ooooooo
  new family #6 piece beta(even,odd)=(0,1)  w7=boooooo/oooooob/oooooow/oooooob/boooooo
  new family #7 piece beta(even,odd)=(0,0)  w7=ooooooo/wooooob/booooow/oooooob/ooooooo
  new family #8 piece beta(even,odd)=(0,1)  w7=boooooo/wooooob/booooow/oooooob/boooooo
  new family #9 piece beta(even,odd)=(0,1)  w7=boooooo/wooooob/booooow/oooooob/ooooooo
  new family #10 piece beta(even,odd)=(1,1)  w7=ooooooo/booooob/oooooow/booooob/boooooo
  new family #11 piece beta(even,odd)=(0,0)  w7=ooooooo/oooooob/oooooow/oooooob/boooooo
  new family #12 piece beta(even,odd)=(0,1)  w7=ooooooo/wooooob/booooow/oooooob/boooooo
  new family #13 piece beta(even,odd)=(-1,0)  w7=.wooooo/wooooob/booooow/oooooob/ooooooo
  new family #14 piece beta(even,odd)=(-1,0)  w7=.wooooo/wooooob/booooow/oooooob/boooooo
  new family #15 piece beta(even,odd)=(-1,-1)  w7=woooooo/oooooob/oooooow/oooooob/ooooooo
  new family #16 piece beta(even,odd)=(1,0)  w7=woooooo/booooob/oooooow/booooob/boooooo
  new family #17 piece beta(even,odd)=(0,-1)  w7=woooooo/booooob/oooooow/booooob/ooooooo
  new family #18 piece beta(even,odd)=(-1,-1)  w7=woooooo/.woooob/.ooooow/oooooob/ooooooo
  new family #19 piece beta(even,odd)=(0,1)  w7=.oooooo/.woooob/.ooooow/oooooob/boooooo
  new family #20 piece beta(even,odd)=(0,0)  w7=ooooooo/wooooob/oooooow/oooooob/ooooooo
  new family #21 piece beta(even,odd)=(1,1)  w7=boooooo/wooooob/oooooow/booooob/boooooo
  new family #22 piece beta(even,odd)=(0,0)  w7=ooooooo/wooooob/oooooow/booooob/ooooooo
  new family #23 piece beta(even,odd)=(0,1)  w7=boooooo/wooooob/oooooow/oooooob/boooooo
  new family #24 piece beta(even,odd)=(0,0)  w7=.oooooo/.woooob/.ooooow/oooooob/ooooooo
  new family #25 piece beta(even,odd)=(-1,-1)  w7=ooooooo/wooooob/.woooow/wooooob/ooooooo
  new family #26 piece beta(even,odd)=(-1,0)  w7=boooooo/wooooob/.woooow/wooooob/boooooo
  new family #27 piece beta(even,odd)=(-1,-1)  w7=ooooooo/oooooob/wooooow/oooooob/ooooooo
  new family #28 piece beta(even,odd)=(1,1)  w7=boooooo/booooob/wooooow/booooob/boooooo
  new family #29 piece beta(even,odd)=(0,-1)  w7=ooooooo/booooob/wooooow/booooob/ooooooo
  new family #30 piece beta(even,odd)=(-1,0)  w7=boooooo/oooooob/.ooooow/.woooob/woooooo
  new family #31 piece beta(even,odd)=(1,0)  w7=ooooooo/booooob/oooooow/wooooob/boooooo
  new family #32 piece beta(even,odd)=(0,0)  w7=ooooooo/oooooob/oooooow/wooooob/boooooo
  new family #33 piece beta(even,odd)=(-1,-1)  w7=w.woooo/owoooob/booooow/oooooob/ooooooo
  new family #34 piece beta(even,odd)=(0,0)  w7=..woooo/owoooob/booooow/oooooob/boooooo
  new family #35 piece beta(even,odd)=(-1,-1)  w7=.wooooo/wooooob/oooooow/oooooob/ooooooo
  new family #36 piece beta(even,odd)=(1,1)  w7=.wooooo/.ooooob/oooooow/booooob/boooooo
  new family #37 piece beta(even,odd)=(0,0)  w7=.wooooo/.ooooob/oooooow/booooob/ooooooo
  new family #38 piece beta(even,odd)=(-1,0)  w7=.wooooo/wooooob/oooooow/oooooob/boooooo
  new family #39 piece beta(even,odd)=(-1,-1)  w7=owooooo/w.wooob/bwoooow/oooooob/ooooooo
  new family #40 piece beta(even,odd)=(-1,0)  w7=bwooooo/w.wooob/bwoooow/oooooob/boooooo
  new family #41 piece beta(even,odd)=(-1,-2)  w7=woooooo/.woooob/wooooow/oooooob/ooooooo
  new family #42 piece beta(even,odd)=(0,0)  w7=.oooooo/.woooob/wooooow/booooob/boooooo
  new family #43 piece beta(even,odd)=(-1,-2)  w7=woooooo/.woooob/wooooow/booooob/ooooooo
  new family #44 piece beta(even,odd)=(-1,-1)  w7=ooooooo/owoooob/..wooow/owoooob/ooooooo
  new family #45 piece beta(even,odd)=(0,0)  w7=boooooo/owoooob/..wooow/owoooob/boooooo
  new family #46 piece beta(even,odd)=(1,1)  w7=boooooo/.ooooob/.woooow/.ooooob/boooooo
  new family #47 piece beta(even,odd)=(0,0)  w7=ooooooo/.ooooob/.woooow/.ooooob/ooooooo
  new family #48 piece beta(even,odd)=(-1,-2)  w7=w.woooo/owoooob/oooooow/oooooob/ooooooo
  new family #49 piece beta(even,odd)=(1,0)  w7=..woooo/bwoooob/oooooow/booooob/boooooo
  new family #50 piece beta(even,odd)=(-1,-2)  w7=w.woooo/bwoooob/oooooow/booooob/ooooooo
  new family #51 piece beta(even,odd)=(-1,-1)  w7=owooooo/w.wooob/owoooow/oooooob/ooooooo
  new family #52 piece beta(even,odd)=(1,1)  w7=bwooooo/..wooob/owoooow/booooob/boooooo
  new family #53 piece beta(even,odd)=(0,-1)  w7=owooooo/..wooob/owoooow/booooob/ooooooo
  new family #54 piece beta(even,odd)=(-1,0)  w7=bwooooo/w.wooob/owoooow/oooooob/boooooo
  new family #55 piece beta(even,odd)=(-1,-2)  w7=ooooooo/owoooob/w.wooow/owoooob/ooooooo
  new family #56 piece beta(even,odd)=(0,0)  w7=boooooo/bwoooob/w.wooow/bwoooob/boooooo
  new family #57 piece beta(even,odd)=(-1,-2)  w7=ooooooo/bwoooob/w.wooow/bwoooob/ooooooo
  new family #58 piece beta(even,odd)=(2,3)  w7=oooooob/booooow/.boooob/booooob/oooooob
  new family #59 piece beta(even,odd)=(1,1)  w7=ooooooo/booooow/.booooo/boooooo/ooooooo
  new family #60 piece beta(even,odd)=(1,2)  w7=oooooob/booooow/.boooob/boooooo/oooooob
  new family #61 piece beta(even,odd)=(1,1)  w7=ooooooo/booooow/.booooo/booooob/ooooooo
  new family #62 piece beta(even,odd)=(1,2)  w7=oooooo./boooow./.boooo./boooooo/oooooob
  new family #63 piece beta(even,odd)=(0,-1)  w7=oooooow/boooow./.boooow/boooooo/ooooooo
  new family #64 piece beta(even,odd)=(3,3)  w7=oooooob/booooob/.boooob/booooob/oooooob
  new family #65 piece beta(even,odd)=(1,1)  w7=ooooooo/boooooo/.booooo/boooooo/ooooooo
  new family #66 piece beta(even,odd)=(1,2)  w7=oooooob/boooooo/.boooob/boooooo/oooooob
  new family #67 piece beta(even,odd)=(2,1)  w7=ooooooo/booooob/.booooo/booooob/ooooooo
  new family #68 piece beta(even,odd)=(1,1)  w7=oooooow/boooooo/.boooob/boooooo/oooooob
  new family #69 piece beta(even,odd)=(0,0)  w7=oooooow/boooooo/.booooo/boooooo/ooooooo
  new family #70 piece beta(even,odd)=(4,3)  w7=ooooob./booooob/.boooob/booooob/oooooob
  new family #71 piece beta(even,odd)=(2,1)  w7=ooooob./booooob/.booooo/boooooo/ooooooo
  new family #72 piece beta(even,odd)=(2,3)  w7=ooooob./booooob/.boooob/boooooo/oooooob
  new family #73 piece beta(even,odd)=(2,1)  w7=ooooob./booooob/.booooo/booooob/ooooooo
  new family #74 piece beta(even,odd)=(1,2)  w7=oooob../boooobo/.boooob/boooooo/oooooob
  new family #75 piece beta(even,odd)=(1,2)  w7=oooob../boooobo/.booooo/boooooo/ooooooo
  new family #76 piece beta(even,odd)=(3,4)  w7=oooooob/boooob./.boooob/booooob/oooooob
  new family #77 piece beta(even,odd)=(2,3)  w7=oooooob/boooob./.boooob/boooooo/ooooooo
  new family #78 piece beta(even,odd)=(2,3)  w7=oooooob/boooob./.boooob/boooooo/oooooob
  new family #79 piece beta(even,odd)=(3,3)  w7=oooooob/boooob./.boooob/booooob/ooooooo
  new family #80 piece beta(even,odd)=(3,3)  w7=ooooobw/booob.b/.booobb/boooooo/oooooob
  new family #81 piece beta(even,odd)=(2,1)  w7=ooooobw/booob.b/.booobo/boooooo/ooooooo
  new family #82 piece beta(even,odd)=(3,3)  w7=oooooob/booooob/.booob./booooob/oooooob
  new family #83 piece beta(even,odd)=(2,1)  w7=ooooooo/booooob/.booob./booooob/ooooooo
  new family #84 piece beta(even,odd)=(1,2)  w7=oooooow/boooobo/.boob.b/boooobo/oooooob
  new family #85 piece beta(even,odd)=(1,2)  w7=oooooow/boooobo/.boob.b/boooobo/ooooooo
  new family #86 piece beta(even,odd)=(4,3)  w7=oooooow/boooooo/.booobb/booob.b/ooooobb
  new family #87 piece beta(even,odd)=(2,1)  w7=oooooow/boooooo/.booobo/booob.b/ooooobo
  new family #88 piece beta(even,odd)=(2,2)  w7=boooooo/booooob/booooow/booooob/boooooo
  new family #89 piece beta(even,odd)=(0,1)  w7=boooooo/oooooob/booooow/oooooob/boooooo
  new family #90 piece beta(even,odd)=(1,1)  w7=woooooo/booooob/booooow/booooob/boooooo
  new family #91 piece beta(even,odd)=(1,1)  w7=.oooooo/.woooob/.ooooow/booooob/boooooo
  new family #92 piece beta(even,odd)=(2,1)  w7=..woooo/bwoooob/booooow/booooob/boooooo
  new family #93 piece beta(even,odd)=(1,2)  w7=bwooooo/..wooob/bwoooow/booooob/boooooo
  new family #94 piece beta(even,odd)=(1,1)  w7=boooooo/bwoooob/..wooow/bwoooob/boooooo
  F0/0 beta=1 CLOSED at this level (222 openings)
check F0 parity 1 (beta 0)  [families 95, queue 19, searches 953, 172s]
  new family #95 piece beta(even,odd)=(1,1)  w7=.booooo/booooob/booooow/oooooob/ooooooo
  new family #96 piece beta(even,odd)=(1,2)  w7=.booooo/booooob/booooow/oooooob/boooooo
  new family #97 piece beta(even,odd)=(0,1)  w7=.oooooo/.boooob/booooow/oooooob/ooooooo
  new family #98 piece beta(even,odd)=(0,1)  w7=.oooooo/.boooob/booooow/oooooob/boooooo
  new family #99 piece beta(even,odd)=(0,1)  w7=woooooo/oooooob/booooow/.boooob/boooooo
  new family #100 piece beta(even,odd)=(1,1)  w7=woooooo/oooooob/booooow/booooob/.booooo
  new family #101 piece beta(even,odd)=(0,1)  w7=..boooo/oboooob/booooow/oooooob/ooooooo
  new family #102 piece beta(even,odd)=(0,1)  w7=..boooo/oboooob/booooow/oooooob/boooooo
  new family #103 piece beta(even,odd)=(2,1)  w7=wbooooo/b.booob/bboooow/oooooob/ooooooo
  new family #104 piece beta(even,odd)=(2,2)  w7=wbooooo/b.booob/bboooow/oooooob/boooooo
  new family #105 piece beta(even,odd)=(0,1)  w7=woooooo/oboooob/b.booow/oboooob/ooooooo
  new family #106 piece beta(even,odd)=(0,1)  w7=woooooo/oboooob/b.booow/oboooob/boooooo
  new family #107 piece beta(even,odd)=(2,1)  w7=woooooo/oooooob/bboooow/b.booob/obooooo
  new family #108 piece beta(even,odd)=(3,2)  w7=woooooo/oooooob/bboooow/b.booob/bbooooo
  new family #109 piece beta(even,odd)=(1,1)  w7=woooooo/oooooob/booooow/oboooob/b.boooo
  F0/1 FAILED: no rule at w=9 opening (0,0)
check F2 parity 1 (beta 0)  [families 110, queue 18, searches 1189, 203s]
  new family #110 piece beta(even,odd)=(1,0)  w7=.booooo/.ooooob/oooooow/oooooob/ooooooo
  new family #111 piece beta(even,odd)=(1,0)  w7=.booooo/.ooooob/oooooow/booooob/ooooooo
  new family #112 piece beta(even,odd)=(1,2)  w7=boooooo/.boooob/booooow/oooooob/ooooooo
  new family #113 piece beta(even,odd)=(2,2)  w7=boooooo/.boooob/booooow/booooob/ooooooo
  new family #114 piece beta(even,odd)=(1,0)  w7=ooooooo/.ooooob/.boooow/booooob/ooooooo
  new family #115 piece beta(even,odd)=(1,1)  w7=boooooo/.ooooob/.boooow/booooob/ooooooo
  new family #116 piece beta(even,odd)=(1,2)  w7=ooooooo/wooooob/booooow/.boooob/boooooo
  new family #117 piece beta(even,odd)=(1,2)  w7=boooooo/wooooob/booooow/.boooob/boooooo
  new family #118 piece beta(even,odd)=(1,0)  w7=ooooooo/wooooob/oooooow/booooob/.booooo
  new family #119 piece beta(even,odd)=(1,1)  w7=boooooo/wooooob/oooooow/booooob/.booooo
  new family #120 piece beta(even,odd)=(1,2)  w7=b.boooo/wboooob/oooooow/oooooob/ooooooo
  new family #121 piece beta(even,odd)=(2,2)  w7=b.boooo/wboooob/oooooow/booooob/ooooooo
  new family #122 piece beta(even,odd)=(1,0)  w7=obooooo/..booob/oboooow/oooooob/ooooooo
  new family #123 piece beta(even,odd)=(2,1)  w7=bbooooo/..booob/oboooow/booooob/ooooooo
  new family #124 piece beta(even,odd)=(2,1)  w7=bbooooo/..booob/oboooow/oooooob/ooooooo
  new family #125 piece beta(even,odd)=(1,0)  w7=obooooo/..booob/oboooow/booooob/ooooooo
  new family #126 piece beta(even,odd)=(1,2)  w7=ooooooo/wboooob/b.booow/oboooob/ooooooo
  new family #127 piece beta(even,odd)=(2,2)  w7=boooooo/wboooob/b.booow/bboooob/ooooooo
  new family #128 piece beta(even,odd)=(1,2)  w7=boooooo/wboooob/b.booow/oboooob/ooooooo
  new family #129 piece beta(even,odd)=(2,2)  w7=ooooooo/wboooob/b.booow/bboooob/ooooooo
  new family #130 piece beta(even,odd)=(1,0)  w7=ooooooo/wooooob/oboooow/b.booob/obooooo
  new family #131 piece beta(even,odd)=(2,1)  w7=boooooo/wooooob/oboooow/b.booob/obooooo
  new family #132 piece beta(even,odd)=(1,2)  w7=ooooooo/wooooob/oooooow/oboooob/b.boooo
  new family #133 piece beta(even,odd)=(2,3)  w7=boooooo/wooooob/oooooow/bboooob/b.boooo
  new family #134 piece beta(even,odd)=(1,2)  w7=boooooo/wooooob/oooooow/oboooob/b.boooo
  new family #135 piece beta(even,odd)=(2,2)  w7=ooooooo/wooooob/oooooow/bboooob/b.boooo
  F2/1 FAILED: no rule at w=9 opening (1,0)
check F8 parity 1 (beta 1)  [families 136, queue 17, searches 1529, 234s]
  new family #136 piece beta(even,odd)=(2,0)  w7=booooow/woooooo/booooob/ooooooo/booooob
  new family #137 piece beta(even,odd)=(0,0)  w7=booooow/woooooo/boooooo/ooooooo/boooooo
  new family #138 piece beta(even,odd)=(2,1)  w7=booob../woooobo/booooob/ooooooo/booooob
  new family #139 piece beta(even,odd)=(2,1)  w7=booob../woooobo/boooooo/ooooooo/boooooo
  new family #140 piece beta(even,odd)=(3,3)  w7=boooobw/wooob.b/boooobb/ooooooo/booooob
  new family #141 piece beta(even,odd)=(1,2)  w7=boooobw/wooob.b/boooobo/ooooooo/boooooo
  new family #142 piece beta(even,odd)=(2,1)  w7=booooow/woooobo/booob.b/ooooobo/booooob
  new family #143 piece beta(even,odd)=(2,1)  w7=booooow/woooobo/booob.b/ooooobo/boooooo
  new family #144 piece beta(even,odd)=(3,3)  w7=booooow/woooooo/boooobb/oooob.b/boooobb
  new family #145 piece beta(even,odd)=(1,2)  w7=booooow/woooooo/boooobo/oooob.b/boooobo
  new family #146 piece beta(even,odd)=(2,1)  w7=booooob/wooooow/booooob/ooooooo/booooob
  new family #147 piece beta(even,odd)=(0,1)  w7=boooooo/wooooow/boooooo/ooooooo/boooooo
  new family #148 piece beta(even,odd)=(2,1)  w7=booooob/woooooo/booooob/oooooow/booooob
  new family #149 piece beta(even,odd)=(0,1)  w7=boooooo/woooooo/boooooo/oooooow/boooooo
  new family #150 piece beta(even,odd)=(2,0)  w7=booooob/woooooo/booooob/ooooooo/booooow
  new family #151 piece beta(even,odd)=(0,0)  w7=boooooo/woooooo/boooooo/ooooooo/booooow
  new family #152 piece beta(even,odd)=(2,2)  w7=booooob/wooooow/booooob/oooooob/booooob
  new family #153 piece beta(even,odd)=(2,2)  w7=booooob/wooooob/booooob/oooooow/booooob
  new family #154 piece beta(even,odd)=(3,3)  w7=booooob/wooooob/booooob/oooooob/booooob
  new family #155 piece beta(even,odd)=(0,1)  w7=boooooo/woooooo/boooooo/ooooooo/boooooo
  new family #156 piece beta(even,odd)=(2,1)  w7=booooob/woooooo/booooob/ooooooo/booooob
  new family #157 piece beta(even,odd)=(0,2)  w7=boooooo/wooooob/boooooo/oooooob/boooooo
  new family #158 piece beta(even,odd)=(3,3)  w7=boooob./wooooob/booooob/oooooob/booooob
  new family #159 piece beta(even,odd)=(1,2)  w7=boooob./wooooob/boooooo/ooooooo/boooooo
  new family #160 piece beta(even,odd)=(1,2)  w7=boooob./wooooob/boooooo/oooooob/boooooo
  new family #161 piece beta(even,odd)=(3,2)  w7=boooob./wooooob/booooob/ooooooo/booooob
  new family #162 piece beta(even,odd)=(3,3)  w7=booooob/woooob./booooob/oooooob/booooob
  new family #163 piece beta(even,odd)=(2,2)  w7=booooob/woooob./booooob/ooooooo/boooooo
  new family #164 piece beta(even,odd)=(3,3)  w7=booooob/woooob./booooob/oooooob/boooooo
  new family #165 piece beta(even,odd)=(3,2)  w7=booooob/woooob./booooob/ooooooo/booooob
  new family #166 piece beta(even,odd)=(3,3)  w7=booooob/wooooob/boooob./oooooob/booooob
  new family #167 piece beta(even,odd)=(3,3)  w7=booooob/wooooob/booooob/ooooob./booooob
  new family #168 piece beta(even,odd)=(2,2)  w7=boooooo/woooooo/booooob/ooooob./booooob
  new family #169 piece beta(even,odd)=(3,3)  w7=boooooo/wooooob/booooob/ooooob./booooob
  new family #170 piece beta(even,odd)=(3,2)  w7=booooob/woooooo/booooob/ooooob./booooob
  new family #171 piece beta(even,odd)=(3,3)  w7=booooob/wooooob/booooob/oooooob/boooob.
  new family #172 piece beta(even,odd)=(1,2)  w7=boooooo/woooooo/boooooo/oooooob/boooob.
  new family #173 piece beta(even,odd)=(1,2)  w7=boooooo/wooooob/boooooo/oooooob/boooob.
  new family #174 piece beta(even,odd)=(3,2)  w7=booooob/woooooo/booooob/oooooob/boooob.
  F8/1 beta=1 CLOSED at this level (179 openings)

SUMMARY families 175; required (family,parity) closed 2, failed 2, pending 31; searches 1884
  F0/0 beta 1 status 2  222 openings handled   ooooooo/booooob/.boooow/booooob/ooooooo
  F0/1 beta 0 status -1  no rule at w=9 opening (0,0)   ooooooo/booooob/.boooow/booooob/ooooooo
  F2/1 beta 0 status -1  no rule at w=9 opening (1,0)   woooooo/oooooob/booooow/oooooob/boooooo
  F8/1 beta 1 status 2  179 openings handled   boooooo/wooooob/booooow/oooooob/boooooo
  F17/0 beta 0 status 1     woooooo/booooob/oooooow/booooob/ooooooo
  F17/1 beta -1 status 1     woooooo/booooob/oooooow/booooob/ooooooo
  F22/0 beta 0 status 1     ooooooo/wooooob/oooooow/booooob/ooooooo
  F24/1 beta 0 status 1     .oooooo/.woooob/.ooooow/oooooob/ooooooo
  F29/0 beta 0 status 1     ooooooo/booooob/wooooow/booooob/ooooooo
  F29/1 beta -1 status 1     ooooooo/booooob/wooooow/booooob/ooooooo
  F37/0 beta 0 status 1     .wooooo/.ooooob/oooooow/booooob/ooooooo
  F40/1 beta 0 status 1     bwooooo/w.wooob/bwoooow/oooooob/boooooo
  F41/1 beta -2 status 1     woooooo/.woooob/wooooow/oooooob/ooooooo
  F43/0 beta -1 status 1     woooooo/.woooob/wooooow/booooob/ooooooo
  F43/1 beta -2 status 1     woooooo/.woooob/wooooow/booooob/ooooooo
  F47/0 beta 0 status 1     ooooooo/.ooooob/.woooow/.ooooob/ooooooo
  F50/0 beta -1 status 1     w.woooo/bwoooob/oooooow/booooob/ooooooo
  F50/1 beta -2 status 1     w.woooo/bwoooob/oooooow/booooob/ooooooo
  F57/0 beta -1 status 1     ooooooo/bwoooob/w.wooow/bwoooob/ooooooo
  F57/1 beta -2 status 1     ooooooo/bwoooob/w.wooow/bwoooob/ooooooo
  F60/0 beta 1 status 1     oooooob/booooow/.boooob/boooooo/oooooob
  F60/1 beta 2 status 1     oooooob/booooow/.boooob/boooooo/oooooob
  F66/0 beta 1 status 1     oooooob/boooooo/.boooob/boooooo/oooooob
  F66/1 beta 2 status 1     oooooob/boooooo/.boooob/boooooo/oooooob
  F72/0 beta 2 status 1     ooooob./booooob/.boooob/boooooo/oooooob
  F73/0 beta 2 status 1     ooooob./booooob/.booooo/booooob/ooooooo
  F73/1 beta 1 status 1     ooooob./booooob/.booooo/booooob/ooooooo
  F152/0 beta 2 status 1     booooob/wooooow/booooob/oooooob/booooob
  F153/0 beta 2 status 1     booooob/wooooob/booooob/oooooow/booooob
  F156/0 beta 2 status 1     booooob/woooooo/booooob/ooooooo/booooob
  F156/1 beta 1 status 1     booooob/woooooo/booooob/ooooooo/booooob
  F157/0 beta 0 status 1     boooooo/wooooob/boooooo/oooooob/boooooo
  F160/1 beta 2 status 1     boooob./wooooob/boooooo/oooooob/boooooo
  F161/1 beta 2 status 1     boooob./wooooob/booooob/ooooooo/booooob
  F174/1 beta 2 status 1     booooob/woooooo/booooob/oooooob/boooob.
