  new family #0 KD beta(even,odd)=(1,0)  w7=ooooooo/booooob/.boooow/booooob/ooooooo
w=9 opening (1,3) beta 0: one-round none; two-round OK reply (2,4) (37 second Blue moves), families 1, searches 108059, 582s
  new family #1 piece beta(even,odd)=(-1,-1)  w7=owooooo/w.wooob/owoooow/oooooob/ooooooo
  new family #2 piece beta(even,odd)=(1,1)  w7=bwooooo/..wooob/owoooow/booooob/boooooo
  new family #3 piece beta(even,odd)=(0,-1)  w7=owooooo/..wooob/owoooow/booooob/ooooooo
  new family #4 piece beta(even,odd)=(-1,0)  w7=bwooooo/w.wooob/owoooow/oooooob/boooooo
  new family #5 piece beta(even,odd)=(-1,-2)  w7=woooooo/.woooob/wooooow/oooooob/ooooooo
  new family #6 piece beta(even,odd)=(1,1)  w7=.oooooo/.woooob/.ooooow/booooob/boooooo
  new family #7 piece beta(even,odd)=(0,1)  w7=.oooooo/.woooob/.ooooow/oooooob/boooooo
  new family #8 piece beta(even,odd)=(-1,-2)  w7=woooooo/.woooob/wooooow/booooob/ooooooo
  new family #9 piece beta(even,odd)=(0,0)  w7=owooooo/..wooob/owoooow/booooob/boooooo
  new family #10 piece beta(even,odd)=(-1,0)  w7=owooooo/w.wooob/owoooow/oooooob/boooooo
  new family #11 piece beta(even,odd)=(0,-1)  w7=owooooo/..wooob/owoooow/oooooob/ooooooo
  new family #12 piece beta(even,odd)=(0,0)  w7=owooooo/..wooob/owoooow/oooooob/boooooo
  new family #13 piece beta(even,odd)=(0,0)  w7=bwooooo/..wooob/owoooow/booooob/ooooooo
  new family #14 piece beta(even,odd)=(-1,0)  w7=bwooooo/w.wooob/owoooow/oooooob/ooooooo
  new family #15 piece beta(even,odd)=(0,0)  w7=bwooooo/w.wooob/owoooow/booooob/ooooooo
  new family #16 piece beta(even,odd)=(0,0)  w7=woooooo/.woooob/.ooooow/booooob/boooooo
  new family #17 piece beta(even,odd)=(0,0)  w7=bwooooo/w.wooob/owoooow/booooob/boooooo
  new family #18 piece beta(even,odd)=(-1,0)  w7=woooooo/.woooob/.ooooow/oooooob/boooooo
  new family #19 piece beta(even,odd)=(0,-1)  w7=woooooo/.woooob/.ooooow/booooob/ooooooo
  new family #20 piece beta(even,odd)=(-1,-1)  w7=woooooo/.woooob/.ooooow/oooooob/ooooooo
  new family #21 piece beta(even,odd)=(0,0)  w7=.oooooo/.woooob/.ooooow/booooob/ooooooo
  new family #22 piece beta(even,odd)=(0,0)  w7=.oooooo/.woooob/.ooooow/oooooob/ooooooo
  new family #23 piece beta(even,odd)=(0,0)  w7=..ooooo/..wooob/owoooow/oooooob/ooooooo
  new family #24 piece beta(even,odd)=(1,0)  w7=..ooooo/..wooob/owoooow/booooob/boooooo
  new family #25 piece beta(even,odd)=(0,-1)  w7=owooooo/w.wooob/owoooow/booooob/ooooooo
  new family #26 piece beta(even,odd)=(0,0)  w7=..ooooo/..wooob/owoooow/booooob/ooooooo
  new family #27 piece beta(even,odd)=(-1,-1)  w7=.oooooo/.woooob/wooooow/oooooob/ooooooo
  new family #28 piece beta(even,odd)=(1,1)  w7=bwooooo/..wooob/bwoooow/booooob/ooooooo
  new family #29 piece beta(even,odd)=(0,1)  w7=bwooooo/..wooob/owoooow/oooooob/boooooo
  new family #30 piece beta(even,odd)=(0,0)  w7=..ooooo/..wooob/owoooow/oooooob/boooooo
  new family #31 piece beta(even,odd)=(0,-1)  w7=.oooooo/.woooob/wooooow/booooob/ooooooo
  new family #32 piece beta(even,odd)=(0,1)  w7=bwooooo/..wooob/bwoooow/oooooob/boooooo
  new family #33 piece beta(even,odd)=(-1,-2)  w7=.oooooo/.woooob/w.wooow/owoooob/ooooooo
  new family #34 piece beta(even,odd)=(0,0)  w7=.oooooo/.woooob/..wooow/bwoooob/boooooo
  new family #35 piece beta(even,odd)=(0,0)  w7=.oooooo/.woooob/..wooow/owoooob/boooooo
  new family #36 piece beta(even,odd)=(-1,-2)  w7=.oooooo/.woooob/w.wooow/bwoooob/ooooooo
  new family #37 piece beta(even,odd)=(0,1)  w7=bwooooo/..wooob/bwoooow/oooooob/ooooooo
  new family #38 piece beta(even,odd)=(1,2)  w7=bwooooo/..wooob/bwoooow/booooob/boooooo
  new family #39 piece beta(even,odd)=(0,-1)  w7=woooooo/.woooob/wooooow/booooob/boooooo
  new family #40 piece beta(even,odd)=(-1,-1)  w7=woooooo/.woooob/wooooow/oooooob/boooooo
  new family #41 piece beta(even,odd)=(0,0)  w7=owooooo/..wooob/..oooow/booooob/ooooooo
  new family #42 piece beta(even,odd)=(1,1)  w7=bwooooo/..wooob/..oooow/booooob/boooooo
  new family #43 piece beta(even,odd)=(1,0)  w7=bwooooo/..wooob/..oooow/booooob/ooooooo
  new family #44 piece beta(even,odd)=(1,0)  w7=owooooo/..wooob/..oooow/booooob/boooooo
  new family #45 piece beta(even,odd)=(0,1)  w7=owooooo/w.wooob/bwoooow/.boooob/boooooo
  new family #46 piece beta(even,odd)=(1,2)  w7=bwooooo/..wooob/bwoooow/.boooob/boooooo
  new family #47 piece beta(even,odd)=(1,1)  w7=owooooo/..wooob/bwoooow/.boooob/boooooo
  new family #48 piece beta(even,odd)=(0,1)  w7=bwooooo/w.wooob/bwoooow/.boooob/boooooo
  new family #49 piece beta(even,odd)=(0,0)  w7=owooooo/w.wooob/owoooow/booooob/.booooo
  new family #50 piece beta(even,odd)=(1,0)  w7=bwooooo/..wooob/owoooow/booooob/.booooo
  new family #51 piece beta(even,odd)=(0,0)  w7=owooooo/..wooob/owoooow/booooob/.booooo
  new family #52 piece beta(even,odd)=(0,0)  w7=bwooooo/w.wooob/owoooow/booooob/.booooo
  new family #53 piece beta(even,odd)=(0,1)  w7=b.boooo/w.wooob/owoooow/oooooob/ooooooo
  new family #54 piece beta(even,odd)=(2,2)  w7=b.boooo/..wooob/owoooow/booooob/boooooo
  new family #55 piece beta(even,odd)=(1,1)  w7=b.boooo/..wooob/owoooow/booooob/ooooooo
  new family #56 piece beta(even,odd)=(0,1)  w7=b.boooo/w.wooob/owoooow/oooooob/boooooo
  new family #57 piece beta(even,odd)=(0,1)  w7=owooooo/w.wooob/b.booow/oboooob/ooooooo
  new family #58 piece beta(even,odd)=(2,3)  w7=bwooooo/..wooob/b.booow/bboooob/boooooo
  new family #59 piece beta(even,odd)=(1,2)  w7=owooooo/..wooob/b.booow/bboooob/ooooooo
  new family #60 piece beta(even,odd)=(0,1)  w7=bwooooo/w.wooob/b.booow/oboooob/boooooo
  new family #61 piece beta(even,odd)=(0,0)  w7=owooooo/w.wooob/o.oooow/b.booob/obooooo
  new family #62 piece beta(even,odd)=(2,2)  w7=bwooooo/..wooob/o.oooow/b.booob/bbooooo
  new family #63 piece beta(even,odd)=(1,0)  w7=owooooo/..wooob/o.oooow/b.booob/obooooo
  new family #64 piece beta(even,odd)=(1,1)  w7=bwooooo/w.wooob/o.oooow/b.booob/bbooooo
  new family #65 piece beta(even,odd)=(0,1)  w7=owooooo/w.wooob/owoooow/oboooob/b.boooo
  new family #66 piece beta(even,odd)=(2,2)  w7=bwooooo/..wooob/owoooow/bboooob/b.boooo
  new family #67 piece beta(even,odd)=(1,2)  w7=owooooo/..wooob/owoooow/bboooob/b.boooo
  new family #68 piece beta(even,odd)=(0,1)  w7=bwooooo/w.wooob/owoooow/oboooob/b.boooo
  new family #69 piece beta(even,odd)=(-1,-1)  w7=..boooo/..oooob/w.wooow/owoooob/ooooooo
  new family #70 piece beta(even,odd)=(1,1)  w7=..boooo/..oooob/..wooow/bwoooob/boooooo
  new family #71 piece beta(even,odd)=(0,1)  w7=..boooo/..oooob/..wooow/owoooob/boooooo
  new family #72 piece beta(even,odd)=(-1,-1)  w7=..boooo/..oooob/w.wooow/bwoooob/ooooooo
  new family #73 piece beta(even,odd)=(0,-1)  w7=wbooooo/..booob/wboooow/oooooob/ooooooo
  new family #74 piece beta(even,odd)=(3,2)  w7=.booooo/..booob/.boooow/booooob/boooooo
  new family #75 piece beta(even,odd)=(2,2)  w7=.booooo/..booob/.boooow/oooooob/boooooo
  new family #76 piece beta(even,odd)=(0,-1)  w7=wbooooo/..booob/wboooow/booooob/ooooooo
  new family #77 piece beta(even,odd)=(0,-1)  w7=woooooo/.woooob/wboooow/b.booob/obooooo
  new family #78 piece beta(even,odd)=(3,2)  w7=.oooooo/.woooob/.boooow/b.booob/bbooooo
  new family #79 piece beta(even,odd)=(2,1)  w7=woooooo/.woooob/.boooow/b.booob/bbooooo
  new family #80 piece beta(even,odd)=(2,1)  w7=.oooooo/.woooob/.boooow/b.booob/obooooo
w=11 opening (1,3) beta 0: one-round none; two-round FAILED  (0 second Blue moves), families 81, searches 205770, 1364s
  new family #81 piece beta(even,odd)=(0,0)  w7=ooooooo/wooooob/oooooow/oooooob/ooooooo
  new family #82 piece beta(even,odd)=(1,2)  w7=boooooo/wooooob/booooow/booooob/boooooo
  new family #83 piece beta(even,odd)=(0,0)  w7=ooooooo/wooooob/oooooow/booooob/ooooooo
  new family #84 piece beta(even,odd)=(0,1)  w7=boooooo/wooooob/booooow/oooooob/boooooo
  new family #85 piece beta(even,odd)=(0,0)  w7=ooooooo/oooooob/oooooow/oooooob/ooooooo
  new family #86 piece beta(even,odd)=(2,2)  w7=boooooo/booooob/booooow/booooob/boooooo
  new family #87 piece beta(even,odd)=(0,1)  w7=boooooo/oooooob/booooow/oooooob/boooooo
  new family #88 piece beta(even,odd)=(1,0)  w7=ooooooo/booooob/oooooow/booooob/ooooooo
  new family #89 piece beta(even,odd)=(1,1)  w7=ooooooo/wooooob/booooow/booooob/boooooo
  new family #90 piece beta(even,odd)=(0,1)  w7=ooooooo/wooooob/booooow/oooooob/boooooo
  new family #91 piece beta(even,odd)=(1,1)  w7=boooooo/wooooob/oooooow/booooob/boooooo
  new family #92 piece beta(even,odd)=(0,1)  w7=boooooo/wooooob/oooooow/oooooob/boooooo
  new family #93 piece beta(even,odd)=(1,1)  w7=boooooo/wooooob/booooow/booooob/ooooooo
  new family #94 piece beta(even,odd)=(0,1)  w7=boooooo/wooooob/booooow/oooooob/ooooooo
  new family #95 piece beta(even,odd)=(0,-1)  w7=.booooo/.woooob/wooooow/oooooob/ooooooo
  new family #96 piece beta(even,odd)=(2,1)  w7=.booooo/.woooob/.ooooow/booooob/boooooo
  new family #97 piece beta(even,odd)=(1,2)  w7=b.boooo/w.wooob/owoooow/booooob/boooooo
  new family #98 piece beta(even,odd)=(1,1)  w7=b.boooo/w.wooob/owoooow/booooob/ooooooo
  new family #99 piece beta(even,odd)=(0,1)  w7=.booooo/.woooob/.ooooow/oooooob/boooooo
  new family #100 piece beta(even,odd)=(0,-1)  w7=.booooo/.woooob/wooooow/booooob/ooooooo
  new family #101 piece beta(even,odd)=(1,1)  w7=b.boooo/..wooob/owoooow/oooooob/ooooooo
  new family #102 piece beta(even,odd)=(1,2)  w7=b.boooo/..wooob/owoooow/oooooob/boooooo
  new family #103 piece beta(even,odd)=(0,0)  w7=boooooo/wooooob/oooooow/oooooob/ooooooo
  new family #104 piece beta(even,odd)=(1,0)  w7=boooooo/wooooob/oooooow/booooob/ooooooo
  new family #105 piece beta(even,odd)=(2,2)  w7=ooooooo/booooob/booooow/booooob/boooooo
  new family #106 piece beta(even,odd)=(0,1)  w7=ooooooo/oooooob/booooow/oooooob/boooooo
  new family #107 piece beta(even,odd)=(1,1)  w7=owooooo/w.wooob/b.booow/bboooob/ooooooo
  new family #108 piece beta(even,odd)=(2,2)  w7=bwooooo/..wooob/b.booow/bboooob/ooooooo
  new family #109 piece beta(even,odd)=(1,0)  w7=.booooo/.woooob/.ooooow/booooob/ooooooo
  new family #110 piece beta(even,odd)=(0,0)  w7=.booooo/.woooob/.ooooow/oooooob/ooooooo
  new family #111 piece beta(even,odd)=(0,1)  w7=owooooo/w.wooob/b.booow/oboooob/boooooo
  new family #112 piece beta(even,odd)=(1,2)  w7=bwooooo/..wooob/b.booow/oboooob/boooooo
  new family #113 piece beta(even,odd)=(-1,-2)  w7=..woooo/.woooob/wooooow/oooooob/ooooooo
  new family #114 piece beta(even,odd)=(1,0)  w7=..woooo/.woooob/.ooooow/booooob/boooooo
  new family #115 piece beta(even,odd)=(-1,0)  w7=..woooo/.woooob/.ooooow/oooooob/boooooo
  new family #116 piece beta(even,odd)=(-1,-2)  w7=..woooo/.woooob/wooooow/booooob/ooooooo
  new family #117 piece beta(even,odd)=(-1,-1)  w7=ooooooo/wooooob/.woooow/wooooob/ooooooo
  new family #118 piece beta(even,odd)=(0,0)  w7=ooooooo/wooooob/.woooow/.ooooob/boooooo
  new family #119 piece beta(even,odd)=(0,0)  w7=ooooooo/wooooob/.woooow/.ooooob/ooooooo
  new family #120 piece beta(even,odd)=(-1,0)  w7=ooooooo/wooooob/.woooow/wooooob/boooooo
  new family #121 piece beta(even,odd)=(1,1)  w7=bwooooo/..wooob/bwoooow/booooob/.booooo
  new family #122 piece beta(even,odd)=(1,2)  w7=b.boooo/..wooob/bwoooow/oooooob/ooooooo
  new family #123 piece beta(even,odd)=(2,3)  w7=b.boooo/..wooob/bwoooow/booooob/boooooo
  new family #124 piece beta(even,odd)=(2,2)  w7=b.boooo/..wooob/bwoooow/booooob/ooooooo
  new family #125 piece beta(even,odd)=(1,0)  w7=..ooooo/..wooob/..oooow/booooob/ooooooo
  new family #126 piece beta(even,odd)=(1,1)  w7=..ooooo/..wooob/..oooow/booooob/boooooo
  new family #127 piece beta(even,odd)=(1,1)  w7=ooooooo/wooooob/oooooow/booooob/boooooo
  new family #128 piece beta(even,odd)=(0,0)  w7=ooooooo/wooooob/oooooow/oooooob/boooooo
  new family #129 piece beta(even,odd)=(1,1)  w7=..ooooo/..wooob/bwoooow/.boooob/boooooo
  new family #130 piece beta(even,odd)=(1,2)  w7=b.boooo/w.wooob/bwoooow/.boooob/boooooo
  new family #131 piece beta(even,odd)=(2,3)  w7=b.boooo/..wooob/bwoooow/.boooob/boooooo
  new family #132 piece beta(even,odd)=(1,2)  w7=owooooo/w.wooob/b.booow/.boooob/boooooo
  new family #133 piece beta(even,odd)=(1,0)  w7=..ooooo/..wooob/owoooow/booooob/.booooo
  new family #134 piece beta(even,odd)=(0,0)  w7=.oooooo/.woooob/wooooow/oooooob/boooooo
  new family #135 piece beta(even,odd)=(1,1)  w7=ooooooo/wooooob/booooow/booooob/ooooooo
  new family #136 piece beta(even,odd)=(0,0)  w7=ooooooo/wooooob/booooow/oooooob/ooooooo
  new family #137 piece beta(even,odd)=(1,2)  w7=b.boooo/..wooob/bwoooow/oooooob/boooooo
  new family #138 piece beta(even,odd)=(1,0)  w7=.booooo/.woooob/wooooow/booooob/boooooo
  new family #139 piece beta(even,odd)=(0,0)  w7=.booooo/.woooob/wooooow/oooooob/boooooo
  new family #140 piece beta(even,odd)=(2,2)  w7=b.boooo/..wooob/..oooow/booooob/ooooooo
  new family #141 piece beta(even,odd)=(0,-1)  w7=woooooo/.woooob/.boooow/booooob/ooooooo
  new family #142 piece beta(even,odd)=(1,1)  w7=.oooooo/.woooob/.boooow/booooob/boooooo
  new family #143 piece beta(even,odd)=(2,2)  w7=boooooo/booooob/oooooow/booooob/boooooo
  new family #144 piece beta(even,odd)=(0,1)  w7=boooooo/oooooob/oooooow/oooooob/boooooo
  new family #145 piece beta(even,odd)=(0,0)  w7=woooooo/.woooob/.ooooow/.boooob/boooooo
  new family #146 piece beta(even,odd)=(0,1)  w7=.oooooo/.woooob/.ooooow/.boooob/boooooo
  new family #147 piece beta(even,odd)=(1,2)  w7=boooooo/booooob/booooow/oooooob/boooooo
  new family #148 piece beta(even,odd)=(0,0)  w7=ooooooo/booooob/oooooow/oooooob/ooooooo
  new family #149 piece beta(even,odd)=(0,-1)  w7=woooooo/.woooob/wooooow/booooob/.booooo
  new family #150 piece beta(even,odd)=(2,1)  w7=.oooooo/.woooob/.ooooow/booooob/.booooo
  new family #151 piece beta(even,odd)=(1,2)  w7=bwooooo/w.wooob/owoooow/bboooob/b.boooo
  new family #152 piece beta(even,odd)=(1,0)  w7=woooooo/.woooob/.ooooow/booooob/.booooo
  new family #153 piece beta(even,odd)=(0,0)  w7=.booooo/.ooooob/.woooow/wooooob/ooooooo
  new family #154 piece beta(even,odd)=(1,1)  w7=.booooo/.ooooob/.woooow/.ooooob/boooooo
  new family #155 piece beta(even,odd)=(1,0)  w7=.booooo/.ooooob/.woooow/.ooooob/ooooooo
  new family #156 piece beta(even,odd)=(0,0)  w7=.booooo/.ooooob/.woooow/wooooob/boooooo
  new family #157 piece beta(even,odd)=(1,2)  w7=boooooo/.boooob/booooow/oooooob/ooooooo
  new family #158 piece beta(even,odd)=(2,3)  w7=boooooo/.boooob/booooow/booooob/boooooo
  new family #159 piece beta(even,odd)=(2,2)  w7=boooooo/.boooob/booooow/booooob/ooooooo
  new family #160 piece beta(even,odd)=(1,2)  w7=boooooo/.boooob/booooow/oooooob/boooooo
  new family #161 piece beta(even,odd)=(1,2)  w7=ooooooo/wooooob/booooow/.boooob/boooooo
  new family #162 piece beta(even,odd)=(1,2)  w7=boooooo/wooooob/booooow/.boooob/boooooo
  new family #163 piece beta(even,odd)=(1,1)  w7=boooooo/booooob/oooooow/booooob/ooooooo
  new family #164 piece beta(even,odd)=(1,0)  w7=boooooo/oooooob/oooooow/booooob/ooooooo
  new family #165 piece beta(even,odd)=(0,0)  w7=woooooo/.woooob/wooooow/oboooob/b.boooo
  new family #166 piece beta(even,odd)=(1,2)  w7=.oooooo/.woooob/.ooooow/bboooob/b.boooo
  new family #167 piece beta(even,odd)=(0,1)  w7=.oooooo/.woooob/.ooooow/oboooob/b.boooo
  new family #168 piece beta(even,odd)=(0,0)  w7=woooooo/.woooob/wooooow/bboooob/b.boooo
  new family #169 piece beta(even,odd)=(1,2)  w7=b.boooo/wboooob/oooooow/oooooob/ooooooo
  new family #170 piece beta(even,odd)=(2,3)  w7=b.boooo/wboooob/booooow/booooob/boooooo
  new family #171 piece beta(even,odd)=(2,2)  w7=b.boooo/wboooob/oooooow/booooob/ooooooo
  new family #172 piece beta(even,odd)=(1,2)  w7=b.boooo/wboooob/booooow/oooooob/boooooo
  new family #173 piece beta(even,odd)=(1,0)  w7=obooooo/..booob/oboooow/oooooob/ooooooo
  new family #174 piece beta(even,odd)=(3,3)  w7=bbooooo/..booob/bboooow/booooob/boooooo
  new family #175 piece beta(even,odd)=(1,0)  w7=obooooo/..booob/oboooow/booooob/ooooooo
  new family #176 piece beta(even,odd)=(3,2)  w7=bbooooo/..booob/bboooow/oooooob/boooooo
  new family #177 piece beta(even,odd)=(3,2)  w7=bbooooo/..booob/oboooow/booooob/boooooo
  new family #178 piece beta(even,odd)=(2,2)  w7=bbooooo/..booob/oboooow/oooooob/boooooo
  new family #179 piece beta(even,odd)=(3,2)  w7=bbooooo/..booob/bboooow/booooob/ooooooo
  new family #180 piece beta(even,odd)=(3,2)  w7=bbooooo/..booob/bboooow/oooooob/ooooooo
  new family #181 piece beta(even,odd)=(1,2)  w7=ooooooo/wboooob/b.booow/oboooob/ooooooo
  new family #182 piece beta(even,odd)=(2,3)  w7=boooooo/wboooob/b.booow/bboooob/boooooo
  new family #183 piece beta(even,odd)=(2,2)  w7=ooooooo/wboooob/b.booow/bboooob/ooooooo
  new family #184 piece beta(even,odd)=(1,2)  w7=boooooo/wboooob/b.booow/oboooob/boooooo
  new family #185 piece beta(even,odd)=(1,0)  w7=ooooooo/wooooob/oboooow/b.booob/obooooo
  new family #186 piece beta(even,odd)=(3,2)  w7=boooooo/wooooob/bboooow/b.booob/bbooooo
  new family #187 piece beta(even,odd)=(2,2)  w7=boooooo/wooooob/oboooow/b.booob/bbooooo
  new family #188 piece beta(even,odd)=(2,1)  w7=boooooo/wooooob/bboooow/b.booob/obooooo
  new family #189 piece beta(even,odd)=(2,1)  w7=boooooo/wooooob/oboooow/b.booob/obooooo
  new family #190 piece beta(even,odd)=(2,1)  w7=ooooooo/wooooob/bboooow/b.booob/obooooo
  new family #191 piece beta(even,odd)=(1,2)  w7=ooooooo/wooooob/oooooow/oboooob/b.boooo
  new family #192 piece beta(even,odd)=(2,3)  w7=boooooo/wooooob/booooow/bboooob/b.boooo
  new family #193 piece beta(even,odd)=(2,2)  w7=ooooooo/wooooob/oooooow/bboooob/b.boooo
  new family #194 piece beta(even,odd)=(1,2)  w7=boooooo/wooooob/booooow/oboooob/b.boooo
  new family #195 piece beta(even,odd)=(1,2)  w7=b.boooo/oboooob/oooooow/oooooob/ooooooo
  new family #196 piece beta(even,odd)=(3,4)  w7=b.boooo/bboooob/booooow/booooob/boooooo
  new family #197 piece beta(even,odd)=(1,2)  w7=b.boooo/oboooob/booooow/oooooob/boooooo
  new family #198 piece beta(even,odd)=(2,2)  w7=b.boooo/bboooob/oooooow/booooob/ooooooo
  new family #199 piece beta(even,odd)=(1,0)  w7=obooooo/b.booob/oboooow/oooooob/ooooooo
  new family #200 piece beta(even,odd)=(4,3)  w7=bbooooo/b.booob/bboooow/booooob/boooooo
  new family #201 piece beta(even,odd)=(3,3)  w7=bbooooo/b.booob/bboooow/oooooob/boooooo
  new family #202 piece beta(even,odd)=(1,1)  w7=obooooo/b.booob/oboooow/booooob/ooooooo
