certificate /mnt/data/col_tile_atlas/certificates/numeric/alternating_5x4_blue.json checkpoints=8319 edges=44405
certificate /mnt/data/col_tile_atlas/certificates/numeric/alternating_5x4_white.json checkpoints=4717 edges=18670
certificate /mnt/data/col_tile_atlas/certificates/numeric/opening_1_blue.json checkpoints=3652 edges=17247
certificate /mnt/data/col_tile_atlas/certificates/numeric/opening_1_white.json checkpoints=1437 edges=6799
certificate /mnt/data/col_tile_atlas/certificates/numeric/opening_3_blue.json checkpoints=3498 edges=16564
certificate /mnt/data/col_tile_atlas/certificates/numeric/opening_3_white.json checkpoints=1211 edges=5146
certificate /mnt/data/col_tile_atlas/certificates/numeric/opening_4_blue.json checkpoints=3027 edges=13996
certificate /mnt/data/col_tile_atlas/certificates/numeric/opening_4_white.json checkpoints=1529 edges=7134
certificate /mnt/data/col_tile_atlas/certificates/numeric/opening_6_blue.json checkpoints=2449 edges=11814
certificate /mnt/data/col_tile_atlas/certificates/numeric/opening_6_white.json checkpoints=1142 edges=5093
certificate /mnt/data/col_tile_atlas/certificates/numeric/opening_9_blue.json checkpoints=2133 edges=10113
certificate /mnt/data/col_tile_atlas/certificates/numeric/opening_9_white.json checkpoints=989 edges=4309
certificate /mnt/data/col_tile_atlas/certificates/numeric/opening_11_blue.json checkpoints=2363 edges=11270
certificate /mnt/data/col_tile_atlas/certificates/numeric/opening_11_white.json checkpoints=1134 edges=4948
certificate /mnt/data/col_tile_atlas/certificates/numeric/opening_8_blue.json checkpoints=1698 edges=7583
certificate /mnt/data/col_tile_atlas/certificates/numeric/opening_8_white.json checkpoints=1079 edges=3942
certificate /mnt/data/col_tile_atlas/certificates/numeric/fuzzy_opening0_actor0.json checkpoints=277 edges=940
certificate /mnt/data/col_tile_atlas/certificates/numeric/fuzzy_opening0_actor1.json checkpoints=868 edges=3390
certificate /mnt/data/col_tile_atlas/certificates/numeric/fuzzy_opening2_actor0.json checkpoints=373 edges=1196
certificate /mnt/data/col_tile_atlas/certificates/numeric/fuzzy_opening2_actor1.json checkpoints=500 edges=1810
certificate /mnt/data/col_tile_atlas/certificates/numeric/fuzzy_opening5_actor0.json checkpoints=386 edges=1249
certificate /mnt/data/col_tile_atlas/certificates/numeric/fuzzy_opening5_actor1.json checkpoints=446 edges=1484
certificate /mnt/data/col_tile_atlas/certificates/numeric/fuzzy_opening7_actor0.json checkpoints=277 edges=940
certificate /mnt/data/col_tile_atlas/certificates/numeric/fuzzy_opening7_actor1.json checkpoints=489 edges=1850
certificate /mnt/data/col_tile_atlas/certificates/numeric/fuzzy_opening10_actor0.json checkpoints=331 edges=1130
certificate /mnt/data/col_tile_atlas/certificates/numeric/fuzzy_opening10_actor1.json checkpoints=494 edges=1794
