SCAN blue 2 (0,2) reply 4 best0 1.0000 tried 0 t 7
SCAN blue 3 (0,3) reply 2 best0 1.0000 tried 0 t 23
SCAN blue 4 (0,4) reply -1 best0 0.5000 tried 0 t 51
SCAN blue 5 (0,5) reply 1 best0 1000000000000000000.0000 tried 0 t 51
SCAN blue 6 (0,6) reply 40 best0 1.5000 tried 0 t 80
SCAN blue 7 (0,7) reply 1 best0 1000000000000000000.0000 tried 0 t 99
SCAN blue 8 (0,8) reply 40 best0 1.7500 tried 0 t 137
SCAN blue 10 (1,1) reply 20 best0 1.0000 tried 0 t 195
SCAN blue 11 (1,2) reply 2 best0 0.5000 tried 0 t 275
SCAN blue 12 (1,3) reply -1 best0 0.0000 tried 0 t 320
SCAN blue 13 (1,4) reply 1 best0 1000000000000000000.0000 tried 0 t 320
SCAN blue 14 (1,5) reply 4 best0 1.5000 tried 0 t 340
SCAN blue 15 (1,6) reply 1 best0 1000000000000000000.0000 tried 0 t 340
SCAN blue 16 (1,7) reply 4 best0 1.5000 tried 0 t 372
SCAN blue 17 (1,8) reply 1 best0 1000000000000000000.0000 tried 0 t 456
SCAN blue 19 (2,1) reply 2 best0 1.0000 tried 0 t 869
SCAN blue 20 (2,2) reply -1 best0 0.5000 tried 0 t 1042
SCAN blue 21 (2,3) reply 2 best0 0.5000 tried 0 t 1043
SCAN blue 22 (2,4) reply -1 best0 0.0000 tried 0 t 1045
SCAN blue 23 (2,5) reply 1 best0 1000000000000000000.0000 tried 0 t 1045
SCAN blue 24 (2,6) reply -1 best0 0.0000 tried 0 t 1054
SCAN blue 25 (2,7) reply 1 best0 1000000000000000000.0000 tried 0 t 1060
SCAN blue 26 (2,8) reply 22 best0 1.7500 tried 0 t 1079
SCAN blue 27 (3,0) reply 2 best0 1.0000 tried 0 t 1081
