SCAN blue 2 (0,2) reply -1 best0 0.5000 tried 0 t 44
SCAN blue 3 (0,3) reply 2 best0 1.0000 tried 0 t 52
SCAN blue 4 (0,4) reply -1 best0 0.5000 tried 0 t 57
SCAN blue 5 (0,5) reply 1 best0 1000000000000000000.0000 tried 0 t 58
SCAN blue 6 (0,6) reply -1 best0 0.5000 tried 0 t 66
SCAN blue 7 (0,7) reply 1 best0 1000000000000000000.0000 tried 0 t 68
SCAN blue 8 (0,8) reply -1 best0 0.7500 tried 0 t 81
SCAN blue 10 (1,1) reply -1 best0 0.2500 tried 0 t 108
SCAN blue 11 (1,2) reply 2 best0 0.5000 tried 0 t 109
SCAN blue 12 (1,3) reply 4 best0 1.2500 tried 0 t 119
SCAN blue 13 (1,4) reply 1 best0 1000000000000000000.0000 tried 0 t 121
SCAN blue 14 (1,5) reply -1 best0 0.5000 tried 0 t 127
SCAN blue 15 (1,6) reply 1 best0 1000000000000000000.0000 tried 0 t 127
SCAN blue 16 (1,7) reply -1 best0 0.5000 tried 0 t 157
SCAN blue 17 (1,8) reply 1 best0 1000000000000000000.0000 tried 0 t 158
SCAN blue 18 (2,0) reply -1 best0 0.2500 tried 0 t 167
SCAN blue 19 (2,1) reply 2 best0 0.5000 tried 0 t 168
SCAN blue 20 (2,2) reply -1 best0 0.7500 tried 0 t 173
SCAN blue 21 (2,3) reply 2 best0 1.0000 tried 0 t 199
SCAN blue 22 (2,4) reply -1 best0 0.2500 tried 0 t 200
SCAN blue 23 (2,5) reply 1 best0 1000000000000000000.0000 tried 0 t 200
SCAN blue 24 (2,6) reply -1 best0 0.5000 tried 0 t 245
SCAN blue 25 (2,7) reply 1 best0 1000000000000000000.0000 tried 0 t 256
SCAN blue 26 (2,8) reply -1 best0 0.5000 tried 0 t 302
SCAN blue 27 (3,0) reply 2 best0 0.5000 tried 0 t 302
SCAN blue 28 (3,1) reply -1 best0 0.7500 tried 0 t 406
SCAN blue 29 (3,2) reply 2 best0 0.5000 tried 0 t 406
SCAN blue 31 (3,4) reply 1 best0 1000000000000000000.0000 tried 0 t 406
SCAN blue 32 (3,5) reply -1 best0 0.5000 tried 0 t 407
SCAN blue 33 (3,6) reply 1 best0 1000000000000000000.0000 tried 0 t 407
SCAN blue 34 (3,7) reply -1 best0 0.5000 tried 0 t 443
SCAN blue 35 (3,8) reply 1 best0 1000000000000000000.0000 tried 0 t 443
SCAN blue 36 (4,0) reply -1 best0 1.0000 tried 0 t 448
SCAN blue 37 (4,1) reply 2 best0 0.5000 tried 0 t 448
SCAN blue 38 (4,2) reply -1 best0 0.5000 tried 0 t 449
SCAN blue 39 (4,3) reply 2 best0 1.0000 tried 0 t 451
SCAN blue 40 (4,4) reply -1 best0 0.5000 tried 0 t 451
SCAN blue 41 (4,5) reply 1 best0 1000000000000000000.0000 tried 0 t 451
SCAN blue 42 (4,6) reply -1 best0 0.5000 tried 0 t 454
SCAN blue 43 (4,7) reply 1 best0 1000000000000000000.0000 tried 0 t 455
SCAN blue 44 (4,8) reply -1 best0 0.7500 tried 0 t 455
