SCAN blue 2 (0,2) reply -1 best0 0.2500 tried 0 t 38
SCAN blue 3 (0,3) reply 2 best0 0.5000 tried 0 t 46
SCAN blue 4 (0,4) reply -1 best0 0.5000 tried 0 t 73
SCAN blue 5 (0,5) reply 2 best0 1.0000 tried 0 t 75
SCAN blue 6 (0,6) reply -1 best0 0.3750 tried 0 t 102
SCAN blue 7 (0,7) reply 2 best0 1.0000 tried 0 t 110
SCAN blue 8 (0,8) reply -1 best0 0.5000 tried 0 t 123
SCAN blue 10 (1,1) reply -1 best0 0.3750 tried 0 t 137
SCAN blue 11 (1,2) reply 1 best0 1000000000000000000.0000 tried 0 t 137
SCAN blue 12 (1,3) reply -1 best0 0.5000 tried 0 t 140
SCAN blue 13 (1,4) reply 1 best0 1000000000000000000.0000 tried 0 t 141
SCAN blue 14 (1,5) reply -1 best0 0.5000 tried 0 t 146
SCAN blue 15 (1,6) reply 2 best0 0.5000 tried 0 t 155
SCAN blue 17 (1,8) reply 2 best0 1.2500 tried 0 t 157
SCAN blue 18 (2,0) reply -1 best0 0.5000 tried 0 t 236
SCAN blue 19 (2,1) reply 1 best0 1000000000000000000.0000 tried 0 t 249
SCAN blue 20 (2,2) reply -1 best0 0.5000 tried 0 t 251
SCAN blue 21 (2,3) reply 1 best0 1000000000000000000.0000 tried 0 t 253
SCAN blue 22 (2,4) reply -1 best0 0.6250 tried 0 t 260
SCAN blue 23 (2,5) reply 2 best0 0.5000 tried 0 t 261
SCAN blue 24 (2,6) reply -1 best0 0.5000 tried 0 t 337
SCAN blue 25 (2,7) reply 2 best0 1.0000 tried 0 t 347
SCAN blue 26 (2,8) reply -1 best0 0.5000 tried 0 t 766
SCAN blue 27 (3,0) reply 2 best0 0.5000 tried 0 t 793
SCAN blue 28 (3,1) reply -1 best0 0.5000 tried 0 t 817
SCAN blue 29 (3,2) reply 1 best0 1000000000000000000.0000 tried 0 t 817
SCAN blue 30 (3,3) reply -1 best0 0.5000 tried 0 t 822
SCAN blue 31 (3,4) reply 1 best0 1000000000000000000.0000 tried 0 t 822
SCAN blue 32 (3,5) reply -1 best0 0.0000 tried 0 t 959
SCAN blue 33 (3,6) reply 2 best0 0.5000 tried 0 t 1067
