SCAN blue 2 (0,2) reply -1 best0 0.5000 tried 0 t 85
SCAN blue 3 (0,3) reply 2 best0 1000000000000000000.0000 tried 0 t 86
SCAN blue 4 (0,4) reply -1 best0 0.5000 tried 0 t 95
SCAN blue 5 (0,5) reply 2 best0 1000000000000000000.0000 tried 0 t 95
SCAN blue 6 (0,6) reply -1 best0 0.3750 tried 0 t 101
SCAN blue 7 (0,7) reply 2 best0 1000000000000000000.0000 tried 0 t 101
SCAN blue 8 (0,8) reply -1 best0 0.5000 tried 0 t 114
SCAN blue 11 (1,2) reply 2 best0 1000000000000000000.0000 tried 0 t 115
SCAN blue 12 (1,3) reply -1 best0 0.0000 tried 0 t 132
SCAN blue 13 (1,4) reply 2 best0 1000000000000000000.0000 tried 0 t 132
SCAN blue 14 (1,5) reply -1 best0 0.0000 tried 0 t 135
SCAN blue 15 (1,6) reply 2 best0 1000000000000000000.0000 tried 0 t 135
SCAN blue 16 (1,7) reply -1 best0 0.5000 tried 0 t 197
SCAN blue 17 (1,8) reply 2 best0 1000000000000000000.0000 tried 0 t 198
SCAN blue 18 (2,0) reply -1 best0 0.7500 tried 0 t 230
SCAN blue 19 (2,1) reply 2 best0 1000000000000000000.0000 tried 0 t 230
SCAN blue 20 (2,2) reply -1 best0 0.5000 tried 0 t 270
SCAN blue 21 (2,3) reply 2 best0 1000000000000000000.0000 tried 0 t 270
SCAN blue 22 (2,4) reply -1 best0 0.0000 tried 0 t 271
SCAN blue 23 (2,5) reply 2 best0 1000000000000000000.0000 tried 0 t 271
SCAN blue 24 (2,6) reply -1 best0 0.5000 tried 0 t 274
SCAN blue 25 (2,7) reply 2 best0 1000000000000000000.0000 tried 0 t 274
SCAN blue 26 (2,8) reply -1 best0 0.7500 tried 0 t 331
SCAN blue 27 (3,0) reply 2 best0 1000000000000000000.0000 tried 0 t 331
SCAN blue 28 (3,1) reply -1 best0 0.2500 tried 0 t 737
SCAN blue 29 (3,2) reply 2 best0 1000000000000000000.0000 tried 0 t 738
SCAN blue 30 (3,3) reply -1 best0 0.0000 tried 0 t 770
SCAN blue 31 (3,4) reply 2 best0 1000000000000000000.0000 tried 0 t 770
SCAN blue 32 (3,5) reply -1 best0 0.5000 tried 0 t 784
SCAN blue 33 (3,6) reply 2 best0 1000000000000000000.0000 tried 0 t 784
SCAN blue 34 (3,7) reply -1 best0 0.5000 tried 0 t 820
SCAN blue 35 (3,8) reply 2 best0 1000000000000000000.0000 tried 0 t 820
SCAN blue 36 (4,0) reply -1 best0 0.5000 tried 0 t 1004
SCAN blue 37 (4,1) reply 2 best0 1000000000000000000.0000 tried 0 t 1005
SCAN blue 38 (4,2) reply -1 best0 0.0000 tried 0 t 1161
SCAN blue 39 (4,3) reply 2 best0 1000000000000000000.0000 tried 0 t 1162
SCAN blue 40 (4,4) reply -1 best0 0.5000 tried 0 t 1167
SCAN blue 41 (4,5) reply 2 best0 1000000000000000000.0000 tried 0 t 1167
