VERIFIED 1x2: 1/4 safe; 1 minimal supports
VERIFIED 1x3: 2/8 safe; 1 minimal supports
VERIFIED 1x4: 1/16 safe; 1 minimal supports
VERIFIED 1x5: 2/32 safe; 1 minimal supports
VERIFIED 1x6: 1/64 safe; 1 minimal supports
VERIFIED 1x7: 2/128 safe; 1 minimal supports
VERIFIED 1x8: 3/256 safe; 2 minimal supports
VERIFIED 2x2: 7/16 safe; 2 minimal supports
VERIFIED 2x3: 4/64 safe; 1 minimal supports
VERIFIED 2x4: 31/256 safe; 2 minimal supports
VERIFIED 2x5: 5/1024 safe; 4 minimal supports
VERIFIED 2x6: 127/4096 safe; 2 minimal supports
VERIFIED 2x7: 9/16384 safe; 4 minimal supports
VERIFIED 2x8: 511/65536 safe; 2 minimal supports
VERIFIED 3x3: 2/512 safe; 1 minimal supports
VERIFIED 3x4: 32/4096 safe; 3 minimal supports
VERIFIED 3x5: 128/32768 safe; 1 minimal supports
VERIFIED 3x6: 124/262144 safe; 2 minimal supports
VERIFIED 3x7: 4/2097152 safe; 1 minimal supports
VERIFIED 4x4: 511/65536 safe; 2 minimal supports
VERIFIED 5x4: 175/1048576 safe; 14 minimal supports
{
  "shapes": 21,
  "classified_masks": 3598668,
  "safe_masks": 1682,
  "minimal_safe": 49,
  "certificates": 467,
  "checkpoints": 436703,
  "response_edges": 1861429,
  "seconds": 15.318173935000004,
  "by_shape": [
    {
      "height": 1,
      "width": 2,
      "masks": 4,
      "safe_masks": 1,
      "unsafe_masks": 3,
      "minimal_safe": 1,
      "maximal_unsafe": 2,
      "certificates": 3,
      "checkpoints": 4,
      "response_edges": 2,
      "horizontal_safe_joins": 0,
      "vertical_safe_joins": 0
    },
    {
      "height": 1,
      "width": 3,
      "masks": 8,
      "safe_masks": 2,
      "unsafe_masks": 6,
      "minimal_safe": 1,
      "maximal_unsafe": 2,
      "certificates": 3,
      "checkpoints": 7,
      "response_edges": 5,
      "horizontal_safe_joins": 0,
      "vertical_safe_joins": 0
    },
    {
      "height": 1,
      "width": 4,
      "masks": 16,
      "safe_masks": 1,
      "unsafe_masks": 15,
      "minimal_safe": 1,
      "maximal_unsafe": 4,
      "certificates": 5,
      "checkpoints": 14,
      "response_edges": 15,
      "horizontal_safe_joins": 0,
      "vertical_safe_joins": 0
    },
    {
      "height": 1,
      "width": 5,
      "masks": 32,
      "safe_masks": 2,
      "unsafe_masks": 30,
      "minimal_safe": 1,
      "maximal_unsafe": 4,
      "certificates": 5,
      "checkpoints": 21,
      "response_edges": 29,
      "horizontal_safe_joins": 0,
      "vertical_safe_joins": 0
    },
    {
      "height": 1,
      "width": 6,
      "masks": 64,
      "safe_masks": 1,
      "unsafe_masks": 63,
      "minimal_safe": 1,
      "maximal_unsafe": 6,
      "certificates": 7,
      "checkpoints": 50,
      "response_edges": 77,
      "horizontal_safe_joins": 0,
      "vertical_safe_joins": 0
    },
    {
      "height": 1,
      "width": 7,
      "masks": 128,
      "safe_masks": 2,
      "unsafe_masks": 126,
      "minimal_safe": 1,
      "maximal_unsafe": 6,
      "certificates": 7,
      "checkpoints": 76,
      "response_edges": 143,
      "horizontal_safe_joins": 0,
      "vertical_safe_joins": 0
    },
    {
      "height": 1,
      "width": 8,
      "masks": 256,
      "safe_masks": 3,
      "unsafe_masks": 253,
      "minimal_safe": 2,
      "maximal_unsafe": 7,
      "certificates": 9,
      "checkpoints": 160,
      "response_edges": 350,
      "horizontal_safe_joins": 0,
      "vertical_safe_joins": 0
    },
    {
      "height": 2,
      "width": 2,
      "masks": 16,
      "safe_masks": 7,
      "unsafe_masks": 9,
      "minimal_safe": 2,
      "maximal_unsafe": 4,
      "certificates": 6,
      "checkpoints": 16,
      "response_edges": 16,
      "horizontal_safe_joins": 8,
      "vertical_safe_joins": 8
    },
    {
      "height": 2,
      "width": 3,
      "masks": 64,
      "safe_masks": 4,
      "unsafe_masks": 60,
      "minimal_safe": 1,
      "maximal_unsafe": 4,
      "certificates": 5,
      "checkpoints": 23,
      "response_edges": 39,
      "horizontal_safe_joins": 0,
      "vertical_safe_joins": 0
    },
    {
      "height": 2,
      "width": 4,
      "masks": 256,
      "safe_masks": 31,
      "unsafe_masks": 225,
      "minimal_safe": 2,
      "maximal_unsafe": 16,
      "certificates": 18,
      "checkpoints": 199,
      "response_edges": 381,
      "horizontal_safe_joins": 128,
      "vertical_safe_joins": 32
    },
    {
      "height": 2,
      "width": 5,
      "masks": 1024,
      "safe_masks": 5,
      "unsafe_masks": 1019,
      "minimal_safe": 4,
      "maximal_unsafe": 12,
      "certificates": 16,
      "checkpoints": 583,
      "response_edges": 1429,
      "horizontal_safe_joins": 0,
      "vertical_safe_joins": 0
    },
    {
      "height": 2,
      "width": 6,
      "masks": 4096,
      "safe_masks": 127,
      "unsafe_masks": 3969,
      "minimal_safe": 2,
      "maximal_unsafe": 36,
      "certificates": 38,
      "checkpoints": 2462,
      "response_edges": 6722,
      "horizontal_safe_joins": 2048,
      "vertical_safe_joins": 128
    },
    {
      "height": 2,
      "width": 7,
      "masks": 16384,
      "safe_masks": 9,
      "unsafe_masks": 16375,
      "minimal_safe": 4,
      "maximal_unsafe": 21,
      "certificates": 25,
      "checkpoints": 5111,
      "response_edges": 16487,
      "horizontal_safe_joins": 0,
      "vertical_safe_joins": 0
    },
    {
      "height": 2,
      "width": 8,
      "masks": 65536,
      "safe_masks": 511,
      "unsafe_masks": 65025,
      "minimal_safe": 2,
      "maximal_unsafe": 64,
      "certificates": 66,
      "checkpoints": 25814,
      "response_edges": 92386,
      "horizontal_safe_joins": 32768,
      "vertical_safe_joins": 512
    },
    {
      "height": 3,
      "width": 3,
      "masks": 512,
      "safe_masks": 2,
      "unsafe_masks": 510,
      "minimal_safe": 1,
      "maximal_unsafe": 8,
      "certificates": 9,
      "checkpoints": 191,
      "response_edges": 428,
      "horizontal_safe_joins": 0,
      "vertical_safe_joins": 0
    },
    {
      "height": 3,
      "width": 4,
      "masks": 4096,
      "safe_masks": 32,
      "unsafe_masks": 4064,
      "minimal_safe": 3,
      "maximal_unsafe": 19,
      "certificates": 22,
      "checkpoints": 1615,
      "response_edges": 4399,
      "horizontal_safe_joins": 72,
      "vertical_safe_joins": 0
    },
    {
      "height": 3,
      "width": 5,
      "masks": 32768,
      "safe_masks": 128,
      "unsafe_masks": 32640,
      "minimal_safe": 1,
      "maximal_unsafe": 8,
      "certificates": 9,
      "checkpoints": 2889,
      "response_edges": 10279,
      "horizontal_safe_joins": 0,
      "vertical_safe_joins": 0
    },
    {
      "height": 3,
      "width": 6,
      "masks": 262144,
      "safe_masks": 124,
      "unsafe_masks": 262020,
      "minimal_safe": 2,
      "maximal_unsafe": 24,
      "certificates": 26,
      "checkpoints": 27940,
      "response_edges": 111098,
      "horizontal_safe_joins": 0,
      "vertical_safe_joins": 0
    },
    {
      "height": 3,
      "width": 7,
      "masks": 2097152,
      "safe_masks": 4,
      "unsafe_masks": 2097148,
      "minimal_safe": 1,
      "maximal_unsafe": 19,
      "certificates": 20,
      "checkpoints": 93277,
      "response_edges": 423466,
      "horizontal_safe_joins": 0,
      "vertical_safe_joins": 0
    },
    {
      "height": 4,
      "width": 4,
      "masks": 65536,
      "safe_masks": 511,
      "unsafe_masks": 65025,
      "minimal_safe": 2,
      "maximal_unsafe": 64,
      "certificates": 66,
      "checkpoints": 25328,
      "response_edges": 87366,
      "horizontal_safe_joins": 8192,
      "vertical_safe_joins": 8192
    },
    {
      "height": 5,
      "width": 4,
      "masks": 1048576,
      "safe_masks": 175,
      "unsafe_masks": 1048401,
      "minimal_safe": 14,
      "maximal_unsafe": 88,
      "certificates": 102,
      "checkpoints": 250923,
      "response_edges": 1106312,
      "horizontal_safe_joins": 0,
      "vertical_safe_joins": 0
    }
  ]
}
VERIFIED: complete full-Blue White-permission classifications on every listed shape.
